2026-05-20 20:28:36.396 [background-preinit] INFO  o.h.validator.internal.util.Version - HV000001: Hibernate Validator 8.0.3.Final
2026-05-20 20:28:36.462 [main] INFO  c.h.m.HotelManagementApplication - Starting HotelManagementApplication using Java 17.0.18 with PID 2396 (C:\Users\quang\Documents\datn\Phanla\hotel-managent\hotel-management\target\classes started by quang in C:\Users\quang\Documents\datn\Phanla\hotel-managent\hotel-management)
2026-05-20 20:28:36.464 [main] INFO  c.h.m.HotelManagementApplication - No active profile set, falling back to 1 default profile: "default"
2026-05-20 20:28:37.498 [main] INFO  o.s.d.r.c.RepositoryConfigurationDelegate - Bootstrapping Spring Data JPA repositories in DEFAULT mode.
2026-05-20 20:28:37.590 [main] INFO  o.s.d.r.c.RepositoryConfigurationDelegate - Finished Spring Data repository scanning in 78 ms. Found 7 JPA repository interfaces.
2026-05-20 20:28:38.195 [main] INFO  o.s.b.w.e.tomcat.TomcatWebServer - Tomcat initialized with port 8080 (http)
2026-05-20 20:28:38.212 [main] INFO  o.a.coyote.http11.Http11NioProtocol - Initializing ProtocolHandler ["http-nio-8080"]
2026-05-20 20:28:38.216 [main] INFO  o.a.catalina.core.StandardService - Starting service [Tomcat]
2026-05-20 20:28:38.216 [main] INFO  o.a.catalina.core.StandardEngine - Starting Servlet engine: [Apache Tomcat/10.1.52]
2026-05-20 20:28:38.306 [main] INFO  o.a.c.c.C.[Tomcat].[localhost].[/] - Initializing Spring embedded WebApplicationContext
2026-05-20 20:28:38.306 [main] INFO  o.s.b.w.s.c.ServletWebServerApplicationContext - Root WebApplicationContext: initialization completed in 1796 ms
2026-05-20 20:28:38.522 [main] INFO  o.h.jpa.internal.util.LogHelper - HHH000204: Processing PersistenceUnitInfo [name: default]
2026-05-20 20:28:38.599 [main] INFO  org.hibernate.Version - HHH000412: Hibernate ORM core version 6.6.42.Final
2026-05-20 20:28:38.661 [main] INFO  o.h.c.i.RegionFactoryInitiator - HHH000026: Second-level cache disabled
2026-05-20 20:28:38.972 [main] INFO  o.s.o.j.p.SpringPersistenceUnitInfo - No LoadTimeWeaver setup: ignoring JPA class transformer
2026-05-20 20:28:39.006 [main] INFO  com.zaxxer.hikari.HikariDataSource - HikariPool-1 - Starting...
2026-05-20 20:28:40.126 [main] WARN  o.h.e.jdbc.spi.SqlExceptionHelper - SQL Error: 0, SQLState: 08S01
2026-05-20 20:28:40.126 [main] ERROR o.h.e.jdbc.spi.SqlExceptionHelper - Communications link failure

The last packet sent successfully to the server was 0 milliseconds ago. The driver has not received any packets from the server.
2026-05-20 20:28:40.126 [main] WARN  o.h.e.j.e.i.JdbcEnvironmentInitiator - HHH000342: Could not obtain connection to query metadata
org.hibernate.exception.JDBCConnectionException: unable to obtain isolated JDBC connection [Communications link failure

The last packet sent successfully to the server was 0 milliseconds ago. The driver has not received any packets from the server.] [n/a]
	at org.hibernate.exception.internal.SQLStateConversionDelegate.convert(SQLStateConversionDelegate.java:100)
	at org.hibernate.exception.internal.StandardSQLExceptionConverter.convert(StandardSQLExceptionConverter.java:58)
	at org.hibernate.engine.jdbc.spi.SqlExceptionHelper.convert(SqlExceptionHelper.java:108)
	at org.hibernate.engine.jdbc.spi.SqlExceptionHelper.convert(SqlExceptionHelper.java:94)
	at org.hibernate.resource.transaction.backend.jdbc.internal.JdbcIsolationDelegate.delegateWork(JdbcIsolationDelegate.java:116)
	at org.hibernate.engine.jdbc.env.internal.JdbcEnvironmentInitiator.getJdbcEnvironmentUsingJdbcMetadata(JdbcEnvironmentInitiator.java:334)
	at org.hibernate.engine.jdbc.env.internal.JdbcEnvironmentInitiator.initiateService(JdbcEnvironmentInitiator.java:129)
	at org.hibernate.engine.jdbc.env.internal.JdbcEnvironmentInitiator.initiateService(JdbcEnvironmentInitiator.java:81)
	at org.hibernate.boot.registry.internal.StandardServiceRegistryImpl.initiateService(StandardServiceRegistryImpl.java:130)
	at org.hibernate.service.internal.AbstractServiceRegistryImpl.createService(AbstractServiceRegistryImpl.java:263)
	at org.hibernate.service.internal.AbstractServiceRegistryImpl.initializeService(AbstractServiceRegistryImpl.java:238)
	at org.hibernate.service.internal.AbstractServiceRegistryImpl.getService(AbstractServiceRegistryImpl.java:215)
	at org.hibernate.boot.model.relational.Database.<init>(Database.java:45)
	at org.hibernate.boot.internal.InFlightMetadataCollectorImpl.getDatabase(InFlightMetadataCollectorImpl.java:226)
	at org.hibernate.boot.internal.InFlightMetadataCollectorImpl.<init>(InFlightMetadataCollectorImpl.java:194)
	at org.hibernate.boot.model.process.spi.MetadataBuildingProcess.complete(MetadataBuildingProcess.java:171)
	at org.hibernate.jpa.boot.internal.EntityManagerFactoryBuilderImpl.metadata(EntityManagerFactoryBuilderImpl.java:1442)
	at org.hibernate.jpa.boot.internal.EntityManagerFactoryBuilderImpl.build(EntityManagerFactoryBuilderImpl.java:1513)
	at org.springframework.orm.jpa.vendor.SpringHibernateJpaPersistenceProvider.createContainerEntityManagerFactory(SpringHibernateJpaPersistenceProvider.java:66)
	at org.springframework.orm.jpa.LocalContainerEntityManagerFactoryBean.createNativeEntityManagerFactory(LocalContainerEntityManagerFactoryBean.java:388)
	at org.springframework.orm.jpa.AbstractEntityManagerFactoryBean.buildNativeEntityManagerFactory(AbstractEntityManagerFactoryBean.java:419)
	at org.springframework.orm.jpa.AbstractEntityManagerFactoryBean.afterPropertiesSet(AbstractEntityManagerFactoryBean.java:400)
	at org.springframework.orm.jpa.LocalContainerEntityManagerFactoryBean.afterPropertiesSet(LocalContainerEntityManagerFactoryBean.java:364)
	at org.springframework.beans.factory.support.AbstractAutowireCapableBeanFactory.invokeInitMethods(AbstractAutowireCapableBeanFactory.java:1873)
	at org.springframework.beans.factory.support.AbstractAutowireCapableBeanFactory.initializeBean(AbstractAutowireCapableBeanFactory.java:1822)
	at org.springframework.beans.factory.support.AbstractAutowireCapableBeanFactory.doCreateBean(AbstractAutowireCapableBeanFactory.java:607)
	at org.springframework.beans.factory.support.AbstractAutowireCapableBeanFactory.createBean(AbstractAutowireCapableBeanFactory.java:529)
	at org.springframework.beans.factory.support.AbstractBeanFactory.lambda$doGetBean$0(AbstractBeanFactory.java:339)
	at org.springframework.beans.factory.support.DefaultSingletonBeanRegistry.getSingleton(DefaultSingletonBeanRegistry.java:373)
	at org.springframework.beans.factory.support.AbstractBeanFactory.doGetBean(AbstractBeanFactory.java:337)
	at org.springframework.beans.factory.support.AbstractBeanFactory.getBean(AbstractBeanFactory.java:207)
	at org.springframework.context.support.AbstractApplicationContext.finishBeanFactoryInitialization(AbstractApplicationContext.java:974)
	at org.springframework.context.support.AbstractApplicationContext.refresh(AbstractApplicationContext.java:628)
	at org.springframework.boot.web.servlet.context.ServletWebServerApplicationContext.refresh(ServletWebServerApplicationContext.java:146)
	at org.springframework.boot.SpringApplication.refresh(SpringApplication.java:752)
	at org.springframework.boot.SpringApplication.refreshContext(SpringApplication.java:439)
	at org.springframework.boot.SpringApplication.run(SpringApplication.java:318)
	at org.springframework.boot.SpringApplication.run(SpringApplication.java:1361)
	at org.springframework.boot.SpringApplication.run(SpringApplication.java:1350)
	at com.hotel.management.HotelManagementApplication.main(HotelManagementApplication.java:10)
Caused by: com.mysql.cj.jdbc.exceptions.CommunicationsException: Communications link failure

The last packet sent successfully to the server was 0 milliseconds ago. The driver has not received any packets from the server.
	at com.mysql.cj.jdbc.exceptions.SQLError.createCommunicationsException(SQLError.java:165)
	at com.mysql.cj.jdbc.exceptions.SQLExceptionsMapping.translateException(SQLExceptionsMapping.java:55)
	at com.mysql.cj.jdbc.ConnectionImpl.createNewIO(ConnectionImpl.java:840)
	at com.mysql.cj.jdbc.ConnectionImpl.<init>(ConnectionImpl.java:416)
	at com.mysql.cj.jdbc.ConnectionImpl.getInstance(ConnectionImpl.java:237)
	at com.mysql.cj.jdbc.NonRegisteringDriver.connect(NonRegisteringDriver.java:180)
	at com.zaxxer.hikari.util.DriverDataSource.getConnection(DriverDataSource.java:144)
	at com.zaxxer.hikari.pool.PoolBase.newConnection(PoolBase.java:370)
	at com.zaxxer.hikari.pool.PoolBase.newPoolEntry(PoolBase.java:207)
	at com.zaxxer.hikari.pool.HikariPool.createPoolEntry(HikariPool.java:488)
	at com.zaxxer.hikari.pool.HikariPool.checkFailFast(HikariPool.java:576)
	at com.zaxxer.hikari.pool.HikariPool.<init>(HikariPool.java:97)
	at com.zaxxer.hikari.HikariDataSource.getConnection(HikariDataSource.java:111)
	at org.hibernate.engine.jdbc.connections.internal.DatasourceConnectionProviderImpl.getConnection(DatasourceConnectionProviderImpl.java:126)
	at org.hibernate.engine.jdbc.env.internal.JdbcEnvironmentInitiator$ConnectionProviderJdbcConnectionAccess.obtainConnection(JdbcEnvironmentInitiator.java:485)
	at org.hibernate.resource.transaction.backend.jdbc.internal.JdbcIsolationDelegate.delegateWork(JdbcIsolationDelegate.java:61)
	... 35 common frames omitted
Caused by: com.mysql.cj.exceptions.CJCommunicationsException: Communications link failure

The last packet sent successfully to the server was 0 milliseconds ago. The driver has not received any packets from the server.
	at java.base/jdk.internal.reflect.NativeConstructorAccessorImpl.newInstance0(Native Method)
	at java.base/jdk.internal.reflect.NativeConstructorAccessorImpl.newInstance(NativeConstructorAccessorImpl.java:77)
	at java.base/jdk.internal.reflect.DelegatingConstructorAccessorImpl.newInstance(DelegatingConstructorAccessorImpl.java:45)
	at java.base/java.lang.reflect.Constructor.newInstanceWithCaller(Constructor.java:500)
	at java.base/java.lang.reflect.Constructor.newInstance(Constructor.java:481)
	at com.mysql.cj.exceptions.ExceptionFactory.createException(ExceptionFactory.java:52)
	at com.mysql.cj.exceptions.ExceptionFactory.createException(ExceptionFactory.java:95)
	at com.mysql.cj.exceptions.ExceptionFactory.createException(ExceptionFactory.java:140)
	at com.mysql.cj.exceptions.ExceptionFactory.createCommunicationsException(ExceptionFactory.java:156)
	at com.mysql.cj.protocol.a.NativeSocketConnection.connect(NativeSocketConnection.java:79)
	at com.mysql.cj.NativeSession.connect(NativeSession.java:142)
	at com.mysql.cj.jdbc.ConnectionImpl.connectOneTryOnly(ConnectionImpl.java:964)
	at com.mysql.cj.jdbc.ConnectionImpl.createNewIO(ConnectionImpl.java:828)
	... 48 common frames omitted
Caused by: java.net.ConnectException: Connection refused: getsockopt
	at java.base/sun.nio.ch.Net.pollConnect(Native Method)
	at java.base/sun.nio.ch.Net.pollConnectNow(Net.java:684)
	at java.base/sun.nio.ch.NioSocketImpl.timedFinishConnect(NioSocketImpl.java:547)
	at java.base/sun.nio.ch.NioSocketImpl.connect(NioSocketImpl.java:602)
	at java.base/java.net.SocksSocketImpl.connect(SocksSocketImpl.java:327)
	at java.base/java.net.Socket.connect(Socket.java:633)
	at com.mysql.cj.protocol.StandardSocketFactory.connect(StandardSocketFactory.java:144)
	at com.mysql.cj.protocol.a.NativeSocketConnection.connect(NativeSocketConnection.java:53)
	... 51 common frames omitted
2026-05-20 20:28:40.158 [main] WARN  org.hibernate.orm.deprecation - HHH90000025: MySQL8Dialect does not need to be specified explicitly using 'hibernate.dialect' (remove the property setting and it will be selected by default)
2026-05-20 20:28:40.160 [main] WARN  org.hibernate.orm.deprecation - HHH90000026: MySQL8Dialect has been deprecated; use org.hibernate.dialect.MySQLDialect instead
2026-05-20 20:28:40.182 [main] INFO  o.hibernate.orm.connections.pooling - HHH10001005: Database info:
	Database JDBC URL [Connecting through datasource 'HikariDataSource (null)']
	Database driver: undefined/unknown
	Database version: 8.0
	Autocommit mode: undefined/unknown
	Isolation level: undefined/unknown
	Minimum pool size: undefined/unknown
	Maximum pool size: undefined/unknown
2026-05-20 20:28:41.498 [main] INFO  o.h.e.t.j.p.i.JtaPlatformInitiator - HHH000489: No JTA platform available (set 'hibernate.transaction.jta.platform' to enable JTA platform integration)
2026-05-20 20:28:41.532 [main] INFO  com.zaxxer.hikari.HikariDataSource - HikariPool-1 - Starting...
2026-05-20 20:28:42.566 [main] WARN  o.h.e.jdbc.spi.SqlExceptionHelper - SQL Error: 0, SQLState: 08S01
2026-05-20 20:28:42.569 [main] ERROR o.h.e.jdbc.spi.SqlExceptionHelper - Communications link failure

The last packet sent successfully to the server was 0 milliseconds ago. The driver has not received any packets from the server.
2026-05-20 20:28:42.591 [main] ERROR o.s.o.j.LocalContainerEntityManagerFactoryBean - Failed to initialize JPA EntityManagerFactory: [PersistenceUnit: default] Unable to build Hibernate SessionFactory; nested exception is org.hibernate.exception.JDBCConnectionException: Unable to open JDBC Connection for DDL execution [Communications link failure

The last packet sent successfully to the server was 0 milliseconds ago. The driver has not received any packets from the server.] [n/a]
2026-05-20 20:28:42.595 [main] WARN  o.s.b.w.s.c.AnnotationConfigServletWebServerApplicationContext - Exception encountered during context initialization - cancelling refresh attempt: org.springframework.beans.factory.BeanCreationException: Error creating bean with name 'entityManagerFactory' defined in class path resource [org/springframework/boot/autoconfigure/orm/jpa/HibernateJpaConfiguration.class]: [PersistenceUnit: default] Unable to build Hibernate SessionFactory; nested exception is org.hibernate.exception.JDBCConnectionException: Unable to open JDBC Connection for DDL execution [Communications link failure

The last packet sent successfully to the server was 0 milliseconds ago. The driver has not received any packets from the server.] [n/a]
2026-05-20 20:28:42.605 [main] INFO  o.a.catalina.core.StandardService - Stopping service [Tomcat]
2026-05-20 20:28:42.645 [main] INFO  o.s.b.a.l.ConditionEvaluationReportLogger - 

Error starting ApplicationContext. To display the condition evaluation report re-run your application with 'debug' enabled.
2026-05-20 20:28:42.725 [main] ERROR o.s.boot.SpringApplication - Application run failed
org.springframework.beans.factory.BeanCreationException: Error creating bean with name 'entityManagerFactory' defined in class path resource [org/springframework/boot/autoconfigure/orm/jpa/HibernateJpaConfiguration.class]: [PersistenceUnit: default] Unable to build Hibernate SessionFactory; nested exception is org.hibernate.exception.JDBCConnectionException: Unable to open JDBC Connection for DDL execution [Communications link failure

The last packet sent successfully to the server was 0 milliseconds ago. The driver has not received any packets from the server.] [n/a]
	at org.springframework.beans.factory.support.AbstractAutowireCapableBeanFactory.initializeBean(AbstractAutowireCapableBeanFactory.java:1826)
	at org.springframework.beans.factory.support.AbstractAutowireCapableBeanFactory.doCreateBean(AbstractAutowireCapableBeanFactory.java:607)
	at org.springframework.beans.factory.support.AbstractAutowireCapableBeanFactory.createBean(AbstractAutowireCapableBeanFactory.java:529)
	at org.springframework.beans.factory.support.AbstractBeanFactory.lambda$doGetBean$0(AbstractBeanFactory.java:339)
	at org.springframework.beans.factory.support.DefaultSingletonBeanRegistry.getSingleton(DefaultSingletonBeanRegistry.java:373)
	at org.springframework.beans.factory.support.AbstractBeanFactory.doGetBean(AbstractBeanFactory.java:337)
	at org.springframework.beans.factory.support.AbstractBeanFactory.getBean(AbstractBeanFactory.java:207)
	at org.springframework.context.support.AbstractApplicationContext.finishBeanFactoryInitialization(AbstractApplicationContext.java:974)
	at org.springframework.context.support.AbstractApplicationContext.refresh(AbstractApplicationContext.java:628)
	at org.springframework.boot.web.servlet.context.ServletWebServerApplicationContext.refresh(ServletWebServerApplicationContext.java:146)
	at org.springframework.boot.SpringApplication.refresh(SpringApplication.java:752)
	at org.springframework.boot.SpringApplication.refreshContext(SpringApplication.java:439)
	at org.springframework.boot.SpringApplication.run(SpringApplication.java:318)
	at org.springframework.boot.SpringApplication.run(SpringApplication.java:1361)
	at org.springframework.boot.SpringApplication.run(SpringApplication.java:1350)
	at com.hotel.management.HotelManagementApplication.main(HotelManagementApplication.java:10)
Caused by: jakarta.persistence.PersistenceException: [PersistenceUnit: default] Unable to build Hibernate SessionFactory; nested exception is org.hibernate.exception.JDBCConnectionException: Unable to open JDBC Connection for DDL execution [Communications link failure

The last packet sent successfully to the server was 0 milliseconds ago. The driver has not received any packets from the server.] [n/a]
	at org.springframework.orm.jpa.AbstractEntityManagerFactoryBean.buildNativeEntityManagerFactory(AbstractEntityManagerFactoryBean.java:431)
	at org.springframework.orm.jpa.AbstractEntityManagerFactoryBean.afterPropertiesSet(AbstractEntityManagerFactoryBean.java:400)
	at org.springframework.orm.jpa.LocalContainerEntityManagerFactoryBean.afterPropertiesSet(LocalContainerEntityManagerFactoryBean.java:364)
	at org.springframework.beans.factory.support.AbstractAutowireCapableBeanFactory.invokeInitMethods(AbstractAutowireCapableBeanFactory.java:1873)
	at org.springframework.beans.factory.support.AbstractAutowireCapableBeanFactory.initializeBean(AbstractAutowireCapableBeanFactory.java:1822)
	... 15 common frames omitted
Caused by: org.hibernate.exception.JDBCConnectionException: Unable to open JDBC Connection for DDL execution [Communications link failure

The last packet sent successfully to the server was 0 milliseconds ago. The driver has not received any packets from the server.] [n/a]
	at org.hibernate.exception.internal.SQLStateConversionDelegate.convert(SQLStateConversionDelegate.java:100)
	at org.hibernate.exception.internal.StandardSQLExceptionConverter.convert(StandardSQLExceptionConverter.java:58)
	at org.hibernate.engine.jdbc.spi.SqlExceptionHelper.convert(SqlExceptionHelper.java:108)
	at org.hibernate.engine.jdbc.spi.SqlExceptionHelper.convert(SqlExceptionHelper.java:94)
	at org.hibernate.resource.transaction.backend.jdbc.internal.DdlTransactionIsolatorNonJtaImpl.getIsolatedConnection(DdlTransactionIsolatorNonJtaImpl.java:74)
	at org.hibernate.resource.transaction.backend.jdbc.internal.DdlTransactionIsolatorNonJtaImpl.getIsolatedConnection(DdlTransactionIsolatorNonJtaImpl.java:39)
	at org.hibernate.tool.schema.internal.exec.ImprovedExtractionContextImpl.getJdbcConnection(ImprovedExtractionContextImpl.java:63)
	at org.hibernate.tool.schema.internal.exec.ImprovedExtractionContextImpl.getJdbcDatabaseMetaData(ImprovedExtractionContextImpl.java:70)
	at org.hibernate.tool.schema.extract.internal.InformationExtractorJdbcDatabaseMetaDataImpl.processTableResultSet(InformationExtractorJdbcDatabaseMetaDataImpl.java:65)
	at org.hibernate.tool.schema.extract.internal.AbstractInformationExtractorImpl.getTables(AbstractInformationExtractorImpl.java:570)
	at org.hibernate.tool.schema.extract.internal.DatabaseInformationImpl.getTablesInformation(DatabaseInformationImpl.java:122)
	at org.hibernate.tool.schema.internal.GroupedSchemaMigratorImpl.performTablesMigration(GroupedSchemaMigratorImpl.java:72)
	at org.hibernate.tool.schema.internal.AbstractSchemaMigrator.performMigration(AbstractSchemaMigrator.java:233)
	at org.hibernate.tool.schema.internal.AbstractSchemaMigrator.doMigration(AbstractSchemaMigrator.java:112)
	at org.hibernate.tool.schema.spi.SchemaManagementToolCoordinator.performDatabaseAction(SchemaManagementToolCoordinator.java:280)
	at org.hibernate.tool.schema.spi.SchemaManagementToolCoordinator.lambda$process$5(SchemaManagementToolCoordinator.java:144)
	at java.base/java.util.HashMap.forEach(HashMap.java:1421)
	at org.hibernate.tool.schema.spi.SchemaManagementToolCoordinator.process(SchemaManagementToolCoordinator.java:141)
	at org.hibernate.boot.internal.SessionFactoryObserverForSchemaExport.sessionFactoryCreated(SessionFactoryObserverForSchemaExport.java:37)
	at org.hibernate.internal.SessionFactoryObserverChain.sessionFactoryCreated(SessionFactoryObserverChain.java:35)
	at org.hibernate.internal.SessionFactoryImpl.<init>(SessionFactoryImpl.java:324)
	at org.hibernate.boot.internal.SessionFactoryBuilderImpl.build(SessionFactoryBuilderImpl.java:463)
	at org.hibernate.jpa.boot.internal.EntityManagerFactoryBuilderImpl.build(EntityManagerFactoryBuilderImpl.java:1517)
	at org.springframework.orm.jpa.vendor.SpringHibernateJpaPersistenceProvider.createContainerEntityManagerFactory(SpringHibernateJpaPersistenceProvider.java:66)
	at org.springframework.orm.jpa.LocalContainerEntityManagerFactoryBean.createNativeEntityManagerFactory(LocalContainerEntityManagerFactoryBean.java:388)
	at org.springframework.orm.jpa.AbstractEntityManagerFactoryBean.buildNativeEntityManagerFactory(AbstractEntityManagerFactoryBean.java:419)
	... 19 common frames omitted
Caused by: com.mysql.cj.jdbc.exceptions.CommunicationsException: Communications link failure

The last packet sent successfully to the server was 0 milliseconds ago. The driver has not received any packets from the server.
	at com.mysql.cj.jdbc.exceptions.SQLError.createCommunicationsException(SQLError.java:165)
	at com.mysql.cj.jdbc.exceptions.SQLExceptionsMapping.translateException(SQLExceptionsMapping.java:55)
	at com.mysql.cj.jdbc.ConnectionImpl.createNewIO(ConnectionImpl.java:840)
	at com.mysql.cj.jdbc.ConnectionImpl.<init>(ConnectionImpl.java:416)
	at com.mysql.cj.jdbc.ConnectionImpl.getInstance(ConnectionImpl.java:237)
	at com.mysql.cj.jdbc.NonRegisteringDriver.connect(NonRegisteringDriver.java:180)
	at com.zaxxer.hikari.util.DriverDataSource.getConnection(DriverDataSource.java:144)
	at com.zaxxer.hikari.pool.PoolBase.newConnection(PoolBase.java:370)
	at com.zaxxer.hikari.pool.PoolBase.newPoolEntry(PoolBase.java:207)
	at com.zaxxer.hikari.pool.HikariPool.createPoolEntry(HikariPool.java:488)
	at com.zaxxer.hikari.pool.HikariPool.checkFailFast(HikariPool.java:576)
	at com.zaxxer.hikari.pool.HikariPool.<init>(HikariPool.java:97)
	at com.zaxxer.hikari.HikariDataSource.getConnection(HikariDataSource.java:111)
	at org.hibernate.engine.jdbc.connections.internal.DatasourceConnectionProviderImpl.getConnection(DatasourceConnectionProviderImpl.java:126)
	at org.hibernate.engine.jdbc.env.internal.JdbcEnvironmentInitiator$ConnectionProviderJdbcConnectionAccess.obtainConnection(JdbcEnvironmentInitiator.java:485)
	at org.hibernate.resource.transaction.backend.jdbc.internal.DdlTransactionIsolatorNonJtaImpl.getIsolatedConnection(DdlTransactionIsolatorNonJtaImpl.java:46)
	... 40 common frames omitted
Caused by: com.mysql.cj.exceptions.CJCommunicationsException: Communications link failure

The last packet sent successfully to the server was 0 milliseconds ago. The driver has not received any packets from the server.
	at java.base/jdk.internal.reflect.NativeConstructorAccessorImpl.newInstance0(Native Method)
	at java.base/jdk.internal.reflect.NativeConstructorAccessorImpl.newInstance(NativeConstructorAccessorImpl.java:77)
	at java.base/jdk.internal.reflect.DelegatingConstructorAccessorImpl.newInstance(DelegatingConstructorAccessorImpl.java:45)
	at java.base/java.lang.reflect.Constructor.newInstanceWithCaller(Constructor.java:500)
	at java.base/java.lang.reflect.Constructor.newInstance(Constructor.java:481)
	at com.mysql.cj.exceptions.ExceptionFactory.createException(ExceptionFactory.java:52)
	at com.mysql.cj.exceptions.ExceptionFactory.createException(ExceptionFactory.java:95)
	at com.mysql.cj.exceptions.ExceptionFactory.createException(ExceptionFactory.java:140)
	at com.mysql.cj.exceptions.ExceptionFactory.createCommunicationsException(ExceptionFactory.java:156)
	at com.mysql.cj.protocol.a.NativeSocketConnection.connect(NativeSocketConnection.java:79)
	at com.mysql.cj.NativeSession.connect(NativeSession.java:142)
	at com.mysql.cj.jdbc.ConnectionImpl.connectOneTryOnly(ConnectionImpl.java:964)
	at com.mysql.cj.jdbc.ConnectionImpl.createNewIO(ConnectionImpl.java:828)
	... 53 common frames omitted
Caused by: java.net.ConnectException: Connection refused: getsockopt
	at java.base/sun.nio.ch.Net.pollConnect(Native Method)
	at java.base/sun.nio.ch.Net.pollConnectNow(Net.java:684)
	at java.base/sun.nio.ch.NioSocketImpl.timedFinishConnect(NioSocketImpl.java:547)
	at java.base/sun.nio.ch.NioSocketImpl.connect(NioSocketImpl.java:602)
	at java.base/java.net.SocksSocketImpl.connect(SocksSocketImpl.java:327)
	at java.base/java.net.Socket.connect(Socket.java:633)
	at com.mysql.cj.protocol.StandardSocketFactory.connect(StandardSocketFactory.java:144)
	at com.mysql.cj.protocol.a.NativeSocketConnection.connect(NativeSocketConnection.java:53)
	... 56 common frames omitted
2026-05-20 20:29:13.281 [background-preinit] INFO  o.h.validator.internal.util.Version - HV000001: Hibernate Validator 8.0.3.Final
2026-05-20 20:29:13.374 [main] INFO  c.h.m.HotelManagementApplication - Starting HotelManagementApplication using Java 17.0.18 with PID 24452 (C:\Users\quang\Documents\datn\Phanla\hotel-managent\hotel-management\target\classes started by quang in C:\Users\quang\Documents\datn\Phanla\hotel-managent\hotel-management)
2026-05-20 20:29:13.375 [main] INFO  c.h.m.HotelManagementApplication - No active profile set, falling back to 1 default profile: "default"
2026-05-20 20:29:14.715 [main] INFO  o.s.d.r.c.RepositoryConfigurationDelegate - Bootstrapping Spring Data JPA repositories in DEFAULT mode.
2026-05-20 20:29:14.849 [main] INFO  o.s.d.r.c.RepositoryConfigurationDelegate - Finished Spring Data repository scanning in 118 ms. Found 7 JPA repository interfaces.
2026-05-20 20:29:15.639 [main] INFO  o.s.b.w.e.tomcat.TomcatWebServer - Tomcat initialized with port 8080 (http)
2026-05-20 20:29:15.654 [main] INFO  o.a.coyote.http11.Http11NioProtocol - Initializing ProtocolHandler ["http-nio-8080"]
2026-05-20 20:29:15.663 [main] INFO  o.a.catalina.core.StandardService - Starting service [Tomcat]
2026-05-20 20:29:15.664 [main] INFO  o.a.catalina.core.StandardEngine - Starting Servlet engine: [Apache Tomcat/10.1.52]
2026-05-20 20:29:15.776 [main] INFO  o.a.c.c.C.[Tomcat].[localhost].[/] - Initializing Spring embedded WebApplicationContext
2026-05-20 20:29:15.776 [main] INFO  o.s.b.w.s.c.ServletWebServerApplicationContext - Root WebApplicationContext: initialization completed in 2346 ms
2026-05-20 20:29:16.047 [main] INFO  o.h.jpa.internal.util.LogHelper - HHH000204: Processing PersistenceUnitInfo [name: default]
2026-05-20 20:29:16.125 [main] INFO  org.hibernate.Version - HHH000412: Hibernate ORM core version 6.6.42.Final
2026-05-20 20:29:16.199 [main] INFO  o.h.c.i.RegionFactoryInitiator - HHH000026: Second-level cache disabled
2026-05-20 20:29:16.575 [main] INFO  o.s.o.j.p.SpringPersistenceUnitInfo - No LoadTimeWeaver setup: ignoring JPA class transformer
2026-05-20 20:29:16.621 [main] INFO  com.zaxxer.hikari.HikariDataSource - HikariPool-1 - Starting...
2026-05-20 20:29:17.065 [main] INFO  com.zaxxer.hikari.pool.HikariPool - HikariPool-1 - Added connection com.mysql.cj.jdbc.ConnectionImpl@52d59507
2026-05-20 20:29:17.069 [main] INFO  com.zaxxer.hikari.HikariDataSource - HikariPool-1 - Start completed.
2026-05-20 20:29:17.158 [main] WARN  org.hibernate.orm.deprecation - HHH90000025: MySQL8Dialect does not need to be specified explicitly using 'hibernate.dialect' (remove the property setting and it will be selected by default)
2026-05-20 20:29:17.160 [main] WARN  org.hibernate.orm.deprecation - HHH90000026: MySQL8Dialect has been deprecated; use org.hibernate.dialect.MySQLDialect instead
2026-05-20 20:29:17.205 [main] INFO  o.hibernate.orm.connections.pooling - HHH10001005: Database info:
	Database JDBC URL [Connecting through datasource 'HikariDataSource (HikariPool-1)']
	Database driver: undefined/unknown
	Database version: 8.0
	Autocommit mode: undefined/unknown
	Isolation level: undefined/unknown
	Minimum pool size: undefined/unknown
	Maximum pool size: undefined/unknown
2026-05-20 20:29:18.793 [main] INFO  o.h.e.t.j.p.i.JtaPlatformInitiator - HHH000489: No JTA platform available (set 'hibernate.transaction.jta.platform' to enable JTA platform integration)
2026-05-20 20:29:19.003 [main] INFO  o.s.o.j.LocalContainerEntityManagerFactoryBean - Initialized JPA EntityManagerFactory for persistence unit 'default'
2026-05-20 20:29:19.572 [main] INFO  o.s.d.j.r.query.QueryEnhancerFactory - Hibernate is in classpath; If applicable, HQL parser will be used.
2026-05-20 20:29:21.425 [main] WARN  o.s.b.a.o.j.JpaBaseConfiguration$JpaWebConfiguration - spring.jpa.open-in-view is enabled by default. Therefore, database queries may be performed during view rendering. Explicitly configure spring.jpa.open-in-view to disable this warning
2026-05-20 20:29:21.700 [main] WARN  o.s.b.a.s.s.UserDetailsServiceAutoConfiguration - 

Using generated security password: 1fe31e92-152c-41c3-a59b-fed7bf1a90a3

This generated password is for development use only. Your security configuration must be updated before running your application in production.

2026-05-20 20:29:21.714 [main] INFO  o.s.s.c.a.a.c.InitializeUserDetailsBeanManagerConfigurer$InitializeUserDetailsManagerConfigurer - Global AuthenticationManager configured with UserDetailsService bean with name inMemoryUserDetailsManager
2026-05-20 20:29:22.305 [main] INFO  o.a.coyote.http11.Http11NioProtocol - Starting ProtocolHandler ["http-nio-8080"]
2026-05-20 20:29:22.346 [main] INFO  o.s.b.w.e.tomcat.TomcatWebServer - Tomcat started on port 8080 (http) with context path '/'
2026-05-20 20:29:22.364 [main] INFO  c.h.m.HotelManagementApplication - Started HotelManagementApplication in 9.817 seconds (process running for 10.229)
2026-05-20 20:29:22.443 [main] INFO  c.h.m.config.DatabaseMigrationRunner - Database migration completed successfully
2026-05-20 20:29:22.604 [main] INFO  c.h.m.s.PasswordMigrationRunner - Migrated 0 accounts to BCrypt
2026-05-20 20:33:27.589 [http-nio-8080-exec-5] INFO  o.a.c.c.C.[Tomcat].[localhost].[/] - Initializing Spring DispatcherServlet 'dispatcherServlet'
2026-05-20 20:33:27.590 [http-nio-8080-exec-5] INFO  o.s.web.servlet.DispatcherServlet - Initializing Servlet 'dispatcherServlet'
2026-05-20 20:33:27.593 [http-nio-8080-exec-5] INFO  o.s.web.servlet.DispatcherServlet - Completed initialization in 1 ms
2026-05-20 20:33:27.685 [http-nio-8080-exec-4] INFO  c.h.m.config.RequestLoggingFilter - [OPTIONS] /api/v1/dashboard/bookings/stats - IP: 0:0:0:0:0:0:0:1 - User: anonymous - 84ms - Status: 200
2026-05-20 20:33:27.685 [http-nio-8080-exec-2] INFO  c.h.m.config.RequestLoggingFilter - [OPTIONS] /api/v1/dashboard/summary - IP: 0:0:0:0:0:0:0:1 - User: anonymous - 84ms - Status: 200
2026-05-20 20:33:27.685 [http-nio-8080-exec-6] INFO  c.h.m.config.RequestLoggingFilter - [OPTIONS] /api/v1/bookings - IP: 0:0:0:0:0:0:0:1 - User: anonymous - 84ms - Status: 200
2026-05-20 20:33:27.685 [http-nio-8080-exec-3] INFO  c.h.m.config.RequestLoggingFilter - [OPTIONS] /api/v1/dashboard/revenue - IP: 0:0:0:0:0:0:0:1 - User: anonymous - 83ms - Status: 200
2026-05-20 20:33:27.685 [http-nio-8080-exec-5] INFO  c.h.m.config.RequestLoggingFilter - [OPTIONS] /api/v1/dashboard/services/top - IP: 0:0:0:0:0:0:0:1 - User: anonymous - 84ms - Status: 200
2026-05-20 20:33:27.685 [http-nio-8080-exec-1] INFO  c.h.m.config.RequestLoggingFilter - [OPTIONS] /api/v1/bookings - IP: 0:0:0:0:0:0:0:1 - User: anonymous - 84ms - Status: 200
2026-05-20 20:33:27.692 [http-nio-8080-exec-9] INFO  c.h.m.config.RequestLoggingFilter - [OPTIONS] /api/v1/dashboard/services/top - IP: 0:0:0:0:0:0:0:1 - User: anonymous - 1ms - Status: 200
2026-05-20 20:33:27.693 [http-nio-8080-exec-8] INFO  c.h.m.config.RequestLoggingFilter - [OPTIONS] /api/v1/dashboard/revenue - IP: 0:0:0:0:0:0:0:1 - User: anonymous - 2ms - Status: 200
2026-05-20 20:33:27.693 [http-nio-8080-exec-10] INFO  c.h.m.config.RequestLoggingFilter - [OPTIONS] /api/v1/dashboard/bookings/stats - IP: 0:0:0:0:0:0:0:1 - User: anonymous - 2ms - Status: 200
2026-05-20 20:33:27.693 [http-nio-8080-exec-7] INFO  c.h.m.config.RequestLoggingFilter - [OPTIONS] /api/v1/dashboard/summary - IP: 0:0:0:0:0:0:0:1 - User: anonymous - 2ms - Status: 200
2026-05-20 20:33:27.883 [http-nio-8080-exec-2] WARN  c.h.management.config.JwtAuthFilter - JWT expired - URI: /api/v1/bookings
2026-05-20 20:33:27.883 [http-nio-8080-exec-6] WARN  c.h.management.config.JwtAuthFilter - JWT expired - URI: /api/v1/dashboard/bookings/stats
2026-05-20 20:33:27.883 [http-nio-8080-exec-5] WARN  c.h.management.config.JwtAuthFilter - JWT expired - URI: /api/v1/dashboard/summary
2026-05-20 20:33:27.883 [http-nio-8080-exec-4] WARN  c.h.management.config.JwtAuthFilter - JWT expired - URI: /api/v1/dashboard/services/top
2026-05-20 20:33:27.883 [http-nio-8080-exec-1] WARN  c.h.management.config.JwtAuthFilter - JWT expired - URI: /api/v1/dashboard/revenue
2026-05-20 20:33:27.886 [http-nio-8080-exec-2] INFO  c.h.m.config.RequestLoggingFilter - [GET] /api/v1/bookings - IP: 0:0:0:0:0:0:0:1 - User: anonymous - 187ms - Status: 401
2026-05-20 20:33:27.887 [http-nio-8080-exec-6] INFO  c.h.m.config.RequestLoggingFilter - [GET] /api/v1/dashboard/bookings/stats - IP: 0:0:0:0:0:0:0:1 - User: anonymous - 194ms - Status: 401
2026-05-20 20:33:27.886 [http-nio-8080-exec-5] INFO  c.h.m.config.RequestLoggingFilter - [GET] /api/v1/dashboard/summary - IP: 0:0:0:0:0:0:0:1 - User: anonymous - 193ms - Status: 401
2026-05-20 20:33:27.886 [http-nio-8080-exec-1] INFO  c.h.m.config.RequestLoggingFilter - [GET] /api/v1/dashboard/revenue - IP: 0:0:0:0:0:0:0:1 - User: anonymous - 189ms - Status: 401
2026-05-20 20:33:27.887 [http-nio-8080-exec-4] INFO  c.h.m.config.RequestLoggingFilter - [GET] /api/v1/dashboard/services/top - IP: 0:0:0:0:0:0:0:1 - User: anonymous - 189ms - Status: 401
2026-05-20 20:33:27.895 [http-nio-8080-exec-8] WARN  c.h.management.config.JwtAuthFilter - JWT expired - URI: /api/v1/dashboard/revenue
2026-05-20 20:33:27.897 [http-nio-8080-exec-9] WARN  c.h.management.config.JwtAuthFilter - JWT expired - URI: /api/v1/bookings
2026-05-20 20:33:27.897 [http-nio-8080-exec-7] WARN  c.h.management.config.JwtAuthFilter - JWT expired - URI: /api/v1/dashboard/bookings/stats
2026-05-20 20:33:27.897 [http-nio-8080-exec-10] WARN  c.h.management.config.JwtAuthFilter - JWT expired - URI: /api/v1/dashboard/summary
2026-05-20 20:33:27.897 [http-nio-8080-exec-8] INFO  c.h.m.config.RequestLoggingFilter - [GET] /api/v1/dashboard/revenue - IP: 0:0:0:0:0:0:0:1 - User: anonymous - 8ms - Status: 401
2026-05-20 20:33:27.899 [http-nio-8080-exec-9] INFO  c.h.m.config.RequestLoggingFilter - [GET] /api/v1/bookings - IP: 0:0:0:0:0:0:0:1 - User: anonymous - 9ms - Status: 401
2026-05-20 20:33:27.898 [http-nio-8080-exec-7] INFO  c.h.m.config.RequestLoggingFilter - [GET] /api/v1/dashboard/bookings/stats - IP: 0:0:0:0:0:0:0:1 - User: anonymous - 9ms - Status: 401
2026-05-20 20:33:27.899 [http-nio-8080-exec-10] INFO  c.h.m.config.RequestLoggingFilter - [GET] /api/v1/dashboard/summary - IP: 0:0:0:0:0:0:0:1 - User: anonymous - 10ms - Status: 401
2026-05-20 20:33:27.901 [http-nio-8080-exec-3] WARN  c.h.management.config.JwtAuthFilter - JWT expired - URI: /api/v1/dashboard/services/top
2026-05-20 20:33:27.902 [http-nio-8080-exec-3] INFO  c.h.m.config.RequestLoggingFilter - [GET] /api/v1/dashboard/services/top - IP: 0:0:0:0:0:0:0:1 - User: anonymous - 13ms - Status: 401
2026-05-20 20:33:29.666 [http-nio-8080-exec-6] INFO  c.h.m.config.RequestLoggingFilter - [OPTIONS] /api/v1/auth/login - IP: 0:0:0:0:0:0:0:1 - User: anonymous - 0ms - Status: 200
2026-05-20 20:33:30.191 [http-nio-8080-exec-5] INFO  c.h.m.controller.AuthController - Login success - username: admin2, IP: 0:0:0:0:0:0:0:1
2026-05-20 20:33:30.278 [http-nio-8080-exec-5] INFO  c.h.m.config.RequestLoggingFilter - [POST] /api/v1/auth/login - IP: 0:0:0:0:0:0:0:1 - User: anonymous - 607ms - Status: 200
2026-05-20 20:33:30.349 [http-nio-8080-exec-6] INFO  c.h.m.config.RequestLoggingFilter - [GET] /api/v1/dashboard/bookings/stats - IP: 0:0:0:0:0:0:0:1 - User: anonymous - 44ms - Status: 200
2026-05-20 20:33:30.354 [http-nio-8080-exec-9] INFO  c.h.m.config.RequestLoggingFilter - [GET] /api/v1/dashboard/services/top - IP: 0:0:0:0:0:0:0:1 - User: anonymous - 50ms - Status: 200
2026-05-20 20:33:30.369 [http-nio-8080-exec-8] INFO  c.h.m.config.RequestLoggingFilter - [GET] /api/v1/dashboard/bookings/stats - IP: 0:0:0:0:0:0:0:1 - User: anonymous - 19ms - Status: 200
2026-05-20 20:33:30.371 [http-nio-8080-exec-4] INFO  c.h.m.config.RequestLoggingFilter - [GET] /api/v1/dashboard/services/top - IP: 0:0:0:0:0:0:0:1 - User: anonymous - 17ms - Status: 200
2026-05-20 20:33:30.374 [http-nio-8080-exec-3] INFO  c.h.m.config.RequestLoggingFilter - [GET] /api/v1/dashboard/revenue - IP: 0:0:0:0:0:0:0:1 - User: anonymous - 70ms - Status: 200
2026-05-20 20:33:30.384 [http-nio-8080-exec-7] INFO  c.h.m.config.RequestLoggingFilter - [GET] /api/v1/dashboard/summary - IP: 0:0:0:0:0:0:0:1 - User: anonymous - 84ms - Status: 200
2026-05-20 20:33:30.395 [http-nio-8080-exec-1] INFO  c.h.m.config.RequestLoggingFilter - [GET] /api/v1/dashboard/revenue - IP: 0:0:0:0:0:0:0:1 - User: anonymous - 20ms - Status: 200
2026-05-20 20:33:30.413 [http-nio-8080-exec-2] INFO  c.h.m.config.RequestLoggingFilter - [GET] /api/v1/dashboard/summary - IP: 0:0:0:0:0:0:0:1 - User: anonymous - 29ms - Status: 200
2026-05-20 20:33:30.439 [http-nio-8080-exec-10] INFO  c.h.m.config.RequestLoggingFilter - [GET] /api/v1/bookings - IP: 0:0:0:0:0:0:0:1 - User: anonymous - 139ms - Status: 200
2026-05-20 20:33:30.470 [http-nio-8080-exec-5] INFO  c.h.m.config.RequestLoggingFilter - [GET] /api/v1/bookings - IP: 0:0:0:0:0:0:0:1 - User: anonymous - 29ms - Status: 200
2026-05-20 20:34:01.202 [http-nio-8080-exec-6] INFO  c.h.m.config.RequestLoggingFilter - [GET] /api/v1/bookings - IP: 0:0:0:0:0:0:0:1 - User: anonymous - 25ms - Status: 200
2026-05-20 20:34:31.204 [http-nio-8080-exec-8] INFO  c.h.m.config.RequestLoggingFilter - [GET] /api/v1/bookings - IP: 0:0:0:0:0:0:0:1 - User: anonymous - 38ms - Status: 200
2026-05-20 20:35:01.204 [http-nio-8080-exec-2] INFO  c.h.m.config.RequestLoggingFilter - [GET] /api/v1/bookings - IP: 0:0:0:0:0:0:0:1 - User: anonymous - 46ms - Status: 200
2026-05-20 20:35:31.198 [http-nio-8080-exec-10] INFO  c.h.m.config.RequestLoggingFilter - [GET] /api/v1/bookings - IP: 0:0:0:0:0:0:0:1 - User: anonymous - 31ms - Status: 200
2026-05-20 20:36:01.200 [http-nio-8080-exec-5] INFO  c.h.m.config.RequestLoggingFilter - [GET] /api/v1/bookings - IP: 0:0:0:0:0:0:0:1 - User: anonymous - 29ms - Status: 200
2026-05-20 20:36:30.351 [http-nio-8080-exec-6] INFO  c.h.m.config.RequestLoggingFilter - [GET] /api/v1/bookings - IP: 0:0:0:0:0:0:0:1 - User: anonymous - 46ms - Status: 200
2026-05-20 20:37:00.334 [http-nio-8080-exec-9] INFO  c.h.m.config.RequestLoggingFilter - [GET] /api/v1/bookings - IP: 0:0:0:0:0:0:0:1 - User: anonymous - 29ms - Status: 200
2026-05-20 20:37:30.386 [http-nio-8080-exec-8] INFO  c.h.m.config.RequestLoggingFilter - [GET] /api/v1/bookings - IP: 0:0:0:0:0:0:0:1 - User: anonymous - 65ms - Status: 200
2026-05-20 20:38:00.336 [http-nio-8080-exec-1] INFO  c.h.m.config.RequestLoggingFilter - [GET] /api/v1/bookings - IP: 0:0:0:0:0:0:0:1 - User: anonymous - 25ms - Status: 200
2026-05-20 20:38:30.325 [http-nio-8080-exec-7] INFO  c.h.m.config.RequestLoggingFilter - [GET] /api/v1/bookings - IP: 0:0:0:0:0:0:0:1 - User: anonymous - 23ms - Status: 200
2026-05-20 20:39:00.323 [http-nio-8080-exec-3] INFO  c.h.m.config.RequestLoggingFilter - [GET] /api/v1/bookings - IP: 0:0:0:0:0:0:0:1 - User: anonymous - 20ms - Status: 200
2026-05-20 20:39:31.186 [http-nio-8080-exec-4] INFO  c.h.m.config.RequestLoggingFilter - [GET] /api/v1/bookings - IP: 0:0:0:0:0:0:0:1 - User: anonymous - 18ms - Status: 200
2026-05-20 20:40:01.187 [http-nio-8080-exec-2] INFO  c.h.m.config.RequestLoggingFilter - [GET] /api/v1/bookings - IP: 0:0:0:0:0:0:0:1 - User: anonymous - 27ms - Status: 200
2026-05-20 20:40:51.208 [http-nio-8080-exec-10] INFO  c.h.m.config.RequestLoggingFilter - [GET] /api/v1/bookings - IP: 0:0:0:0:0:0:0:1 - User: anonymous - 31ms - Status: 200
2026-05-20 20:41:51.195 [http-nio-8080-exec-5] INFO  c.h.m.config.RequestLoggingFilter - [GET] /api/v1/bookings - IP: 0:0:0:0:0:0:0:1 - User: anonymous - 26ms - Status: 200
2026-05-20 20:42:51.197 [http-nio-8080-exec-6] INFO  c.h.m.config.RequestLoggingFilter - [GET] /api/v1/bookings - IP: 0:0:0:0:0:0:0:1 - User: anonymous - 22ms - Status: 200
2026-05-20 20:43:36.565 [http-nio-8080-exec-9] INFO  c.h.m.config.RequestLoggingFilter - [GET] /api/v1/bookings - IP: 0:0:0:0:0:0:0:1 - User: anonymous - 23ms - Status: 200
2026-05-20 20:45:00.344 [http-nio-8080-exec-1] INFO  c.h.m.controller.AuthController - Login success - username: letan01, IP: 0:0:0:0:0:0:0:1
2026-05-20 20:45:00.347 [http-nio-8080-exec-1] INFO  c.h.m.config.RequestLoggingFilter - [POST] /api/v1/auth/login - IP: 0:0:0:0:0:0:0:1 - User: anonymous - 324ms - Status: 200
2026-05-20 20:45:00.398 [http-nio-8080-exec-3] INFO  c.h.m.config.RequestLoggingFilter - [OPTIONS] /api/v1/rooms - IP: 0:0:0:0:0:0:0:1 - User: anonymous - 2ms - Status: 200
2026-05-20 20:45:00.402 [http-nio-8080-exec-10] INFO  c.h.m.config.RequestLoggingFilter - [OPTIONS] /api/v1/bookings - IP: 0:0:0:0:0:0:0:1 - User: anonymous - 1ms - Status: 200
2026-05-20 20:45:00.402 [http-nio-8080-exec-4] INFO  c.h.m.config.RequestLoggingFilter - [OPTIONS] /api/v1/bookings - IP: 0:0:0:0:0:0:0:1 - User: anonymous - 1ms - Status: 200
2026-05-20 20:45:00.402 [http-nio-8080-exec-2] INFO  c.h.m.config.RequestLoggingFilter - [OPTIONS] /api/v1/bookings - IP: 0:0:0:0:0:0:0:1 - User: anonymous - 1ms - Status: 200
2026-05-20 20:45:00.405 [http-nio-8080-exec-6] INFO  c.h.m.config.RequestLoggingFilter - [OPTIONS] /api/v1/bookings - IP: 0:0:0:0:0:0:0:1 - User: anonymous - 1ms - Status: 200
2026-05-20 20:45:00.424 [http-nio-8080-exec-7] INFO  c.h.m.config.RequestLoggingFilter - [GET] /api/v1/bookings - IP: 0:0:0:0:0:0:0:1 - User: anonymous - 30ms - Status: 200
2026-05-20 20:45:00.440 [http-nio-8080-exec-9] INFO  c.h.m.config.RequestLoggingFilter - [GET] /api/v1/bookings - IP: 0:0:0:0:0:0:0:1 - User: anonymous - 33ms - Status: 200
2026-05-20 20:45:00.447 [http-nio-8080-exec-5] INFO  c.h.m.config.RequestLoggingFilter - [GET] /api/v1/rooms - IP: 0:0:0:0:0:0:0:1 - User: anonymous - 45ms - Status: 200
2026-05-20 20:45:00.466 [http-nio-8080-exec-3] INFO  c.h.m.config.RequestLoggingFilter - [GET] /api/v1/bookings - IP: 0:0:0:0:0:0:0:1 - User: anonymous - 40ms - Status: 200
2026-05-20 20:45:00.470 [http-nio-8080-exec-1] INFO  c.h.m.config.RequestLoggingFilter - [GET] /api/v1/bookings - IP: 0:0:0:0:0:0:0:1 - User: anonymous - 61ms - Status: 200
2026-05-20 20:45:00.485 [http-nio-8080-exec-2] INFO  c.h.m.config.RequestLoggingFilter - [GET] /api/v1/rooms - IP: 0:0:0:0:0:0:0:1 - User: anonymous - 32ms - Status: 200
2026-05-20 20:45:00.485 [http-nio-8080-exec-10] INFO  c.h.m.config.RequestLoggingFilter - [GET] /api/v1/bookings - IP: 0:0:0:0:0:0:0:1 - User: anonymous - 32ms - Status: 200
2026-05-20 20:45:00.517 [http-nio-8080-exec-1] INFO  c.h.m.config.RequestLoggingFilter - [GET] /api/v1/bookings - IP: 0:0:0:0:0:0:0:1 - User: anonymous - 44ms - Status: 200
2026-05-20 20:45:00.532 [http-nio-8080-exec-8] INFO  c.h.m.config.RequestLoggingFilter - [GET] /api/v1/bookings - IP: 0:0:0:0:0:0:0:1 - User: anonymous - 124ms - Status: 200
2026-05-20 20:45:00.586 [http-nio-8080-exec-6] INFO  c.h.m.config.RequestLoggingFilter - [GET] /api/v1/bookings - IP: 0:0:0:0:0:0:0:1 - User: anonymous - 52ms - Status: 200
2026-05-20 20:45:06.570 [http-nio-8080-exec-9] INFO  c.h.m.config.RequestLoggingFilter - [OPTIONS] /api/v1/bookings - IP: 0:0:0:0:0:0:0:1 - User: anonymous - 0ms - Status: 200
2026-05-20 20:45:06.572 [http-nio-8080-exec-5] INFO  c.h.m.config.RequestLoggingFilter - [OPTIONS] /api/v1/rooms - IP: 0:0:0:0:0:0:0:1 - User: anonymous - 1ms - Status: 200
2026-05-20 20:45:06.572 [http-nio-8080-exec-3] INFO  c.h.m.config.RequestLoggingFilter - [OPTIONS] /api/v1/bookings - IP: 0:0:0:0:0:0:0:1 - User: anonymous - 1ms - Status: 200
2026-05-20 20:45:06.572 [http-nio-8080-exec-4] INFO  c.h.m.config.RequestLoggingFilter - [OPTIONS] /api/v1/rooms - IP: 0:0:0:0:0:0:0:1 - User: anonymous - 0ms - Status: 200
2026-05-20 20:45:06.588 [http-nio-8080-exec-7] INFO  c.h.m.config.RequestLoggingFilter - [GET] /api/v1/bookings - IP: 0:0:0:0:0:0:0:1 - User: anonymous - 19ms - Status: 200
2026-05-20 20:45:06.599 [http-nio-8080-exec-2] INFO  c.h.m.config.RequestLoggingFilter - [GET] /api/v1/rooms - IP: 0:0:0:0:0:0:0:1 - User: anonymous - 22ms - Status: 200
2026-05-20 20:45:06.610 [http-nio-8080-exec-1] INFO  c.h.m.config.RequestLoggingFilter - [GET] /api/v1/bookings - IP: 0:0:0:0:0:0:0:1 - User: anonymous - 20ms - Status: 200
2026-05-20 20:45:06.622 [http-nio-8080-exec-8] INFO  c.h.m.config.RequestLoggingFilter - [GET] /api/v1/rooms - IP: 0:0:0:0:0:0:0:1 - User: anonymous - 22ms - Status: 200
2026-05-20 20:45:06.638 [http-nio-8080-exec-10] INFO  c.h.m.config.RequestLoggingFilter - [GET] /api/v1/bookings - IP: 0:0:0:0:0:0:0:1 - User: anonymous - 62ms - Status: 200
2026-05-20 20:45:06.706 [http-nio-8080-exec-6] INFO  c.h.m.config.RequestLoggingFilter - [GET] /api/v1/bookings - IP: 0:0:0:0:0:0:0:1 - User: anonymous - 67ms - Status: 200
2026-05-20 20:45:36.600 [http-nio-8080-exec-9] INFO  c.h.m.config.RequestLoggingFilter - [GET] /api/v1/bookings - IP: 0:0:0:0:0:0:0:1 - User: anonymous - 17ms - Status: 200
2026-05-20 20:46:06.596 [http-nio-8080-exec-3] INFO  c.h.m.config.RequestLoggingFilter - [GET] /api/v1/bookings - IP: 0:0:0:0:0:0:0:1 - User: anonymous - 18ms - Status: 200
2026-05-20 20:46:22.734 [http-nio-8080-exec-8] INFO  c.h.m.controller.AuthController - Login success - username: khachhang01, IP: 0:0:0:0:0:0:0:1
2026-05-20 20:46:22.736 [http-nio-8080-exec-8] INFO  c.h.m.config.RequestLoggingFilter - [POST] /api/v1/auth/login - IP: 0:0:0:0:0:0:0:1 - User: anonymous - 326ms - Status: 200
2026-05-20 20:46:22.781 [http-nio-8080-exec-10] INFO  c.h.m.config.RequestLoggingFilter - [GET] /uploads/rooms/banner/hero.jpg - IP: 0:0:0:0:0:0:0:1 - User: anonymous - 16ms - Status: 200
2026-05-20 20:46:22.784 [http-nio-8080-exec-6] INFO  c.h.m.config.RequestLoggingFilter - [GET] /uploads/rooms/services/spa.jpg - IP: 0:0:0:0:0:0:0:1 - User: anonymous - 4ms - Status: 200
2026-05-20 20:46:22.784 [http-nio-8080-exec-5] INFO  c.h.m.config.RequestLoggingFilter - [GET] /uploads/rooms/services/restaurant.jpg - IP: 0:0:0:0:0:0:0:1 - User: anonymous - 4ms - Status: 200
2026-05-20 20:46:22.784 [http-nio-8080-exec-9] INFO  c.h.m.config.RequestLoggingFilter - [GET] /uploads/rooms/services/pool.jpg - IP: 0:0:0:0:0:0:0:1 - User: anonymous - 4ms - Status: 200
2026-05-20 20:46:22.795 [http-nio-8080-exec-3] INFO  c.h.m.config.RequestLoggingFilter - [GET] /uploads/rooms/services/airport.jpg - IP: 0:0:0:0:0:0:0:1 - User: anonymous - 3ms - Status: 200
2026-05-20 20:46:22.849 [http-nio-8080-exec-2] INFO  c.h.m.config.RequestLoggingFilter - [OPTIONS] /api/v1/rooms - IP: 0:0:0:0:0:0:0:1 - User: anonymous - 1ms - Status: 200
2026-05-20 20:46:22.850 [http-nio-8080-exec-7] INFO  c.h.m.config.RequestLoggingFilter - [OPTIONS] /api/v1/services - IP: 0:0:0:0:0:0:0:1 - User: anonymous - 1ms - Status: 200
2026-05-20 20:46:22.854 [http-nio-8080-exec-4] INFO  c.h.m.config.RequestLoggingFilter - [OPTIONS] /api/v1/rooms - IP: 0:0:0:0:0:0:0:1 - User: anonymous - 1ms - Status: 200
2026-05-20 20:46:22.855 [http-nio-8080-exec-1] INFO  c.h.m.config.RequestLoggingFilter - [OPTIONS] /api/v1/services - IP: 0:0:0:0:0:0:0:1 - User: anonymous - 1ms - Status: 200
2026-05-20 20:46:22.871 [http-nio-8080-exec-8] INFO  c.h.m.config.RequestLoggingFilter - [GET] /api/v1/rooms - IP: 0:0:0:0:0:0:0:1 - User: anonymous - 16ms - Status: 200
2026-05-20 20:46:22.881 [http-nio-8080-exec-10] INFO  c.h.m.config.RequestLoggingFilter - [GET] /api/v1/services - IP: 0:0:0:0:0:0:0:1 - User: anonymous - 27ms - Status: 200
2026-05-20 20:46:22.895 [http-nio-8080-exec-6] INFO  c.h.m.config.RequestLoggingFilter - [GET] /api/v1/rooms - IP: 0:0:0:0:0:0:0:1 - User: anonymous - 24ms - Status: 200
2026-05-20 20:46:22.898 [http-nio-8080-exec-9] INFO  c.h.m.config.RequestLoggingFilter - [GET] /uploads/rooms/5/8ac6d2da-316e-4eaf-ab36-4e5c42bfa20d.png - IP: 0:0:0:0:0:0:0:1 - User: anonymous - 6ms - Status: 200
2026-05-20 20:46:22.899 [http-nio-8080-exec-5] INFO  c.h.m.config.RequestLoggingFilter - [GET] /api/v1/services - IP: 0:0:0:0:0:0:0:1 - User: anonymous - 17ms - Status: 200
2026-05-20 20:46:22.902 [http-nio-8080-exec-3] INFO  c.h.m.config.RequestLoggingFilter - [GET] /uploads/rooms/7/c5d422e7-f56a-41ba-87e7-c51370562519.jpg - IP: 0:0:0:0:0:0:0:1 - User: anonymous - 10ms - Status: 200
2026-05-20 20:46:22.913 [http-nio-8080-exec-2] INFO  c.h.m.config.RequestLoggingFilter - [GET] /uploads/rooms/services/pool.jpg - IP: 0:0:0:0:0:0:0:1 - User: anonymous - 3ms - Status: 200
2026-05-20 20:46:22.914 [http-nio-8080-exec-7] INFO  c.h.m.config.RequestLoggingFilter - [GET] /uploads/rooms/services/gym.jpg - IP: 0:0:0:0:0:0:0:1 - User: anonymous - 4ms - Status: 200
2026-05-20 20:46:22.916 [http-nio-8080-exec-4] INFO  c.h.m.config.RequestLoggingFilter - [GET] /uploads/rooms/services/laundry.jpg - IP: 0:0:0:0:0:0:0:1 - User: anonymous - 4ms - Status: 200
2026-05-20 20:46:30.153 [http-nio-8080-exec-8] INFO  c.h.m.config.RequestLoggingFilter - [OPTIONS] /api/v1/rooms/7 - IP: 0:0:0:0:0:0:0:1 - User: anonymous - 0ms - Status: 200
2026-05-20 20:46:30.153 [http-nio-8080-exec-1] INFO  c.h.m.config.RequestLoggingFilter - [OPTIONS] /api/v1/rooms/7 - IP: 0:0:0:0:0:0:0:1 - User: anonymous - 1ms - Status: 200
2026-05-20 20:46:30.170 [http-nio-8080-exec-10] INFO  c.h.m.config.RequestLoggingFilter - [GET] /api/v1/rooms/7 - IP: 0:0:0:0:0:0:0:1 - User: anonymous - 14ms - Status: 200
2026-05-20 20:46:30.181 [http-nio-8080-exec-10] INFO  c.h.m.config.RequestLoggingFilter - [GET] /api/v1/rooms/7 - IP: 0:0:0:0:0:0:0:1 - User: anonymous - 10ms - Status: 200
2026-05-20 20:46:30.187 [http-nio-8080-exec-9] INFO  c.h.m.config.RequestLoggingFilter - [GET] /uploads/rooms/7/77d444e8-9dde-4170-b284-b8575f4fecd3.png - IP: 0:0:0:0:0:0:0:1 - User: anonymous - 5ms - Status: 200
2026-05-20 20:46:30.188 [http-nio-8080-exec-3] INFO  c.h.m.config.RequestLoggingFilter - [GET] /uploads/rooms/7/f4789b9c-7910-4f1c-a10d-b92f78608a0a.jpg - IP: 0:0:0:0:0:0:0:1 - User: anonymous - 6ms - Status: 200
2026-05-20 20:46:30.188 [http-nio-8080-exec-5] INFO  c.h.m.config.RequestLoggingFilter - [GET] /uploads/rooms/7/d1a06c1b-29aa-433a-bf88-eca538dbaeaa.jpg - IP: 0:0:0:0:0:0:0:1 - User: anonymous - 6ms - Status: 200
2026-05-20 20:46:42.538 [http-nio-8080-exec-2] INFO  c.h.m.config.RequestLoggingFilter - [OPTIONS] /api/v1/bookings - IP: 0:0:0:0:0:0:0:1 - User: anonymous - 1ms - Status: 200
2026-05-20 20:46:42.540 [http-nio-8080-exec-7] INFO  c.h.m.config.RequestLoggingFilter - [OPTIONS] /api/v1/bookings - IP: 0:0:0:0:0:0:0:1 - User: anonymous - 1ms - Status: 200
2026-05-20 20:46:42.570 [http-nio-8080-exec-4] INFO  c.h.m.config.RequestLoggingFilter - [GET] /api/v1/bookings - IP: 0:0:0:0:0:0:0:1 - User: anonymous - 27ms - Status: 200
2026-05-20 20:46:42.598 [http-nio-8080-exec-8] INFO  c.h.m.config.RequestLoggingFilter - [GET] /api/v1/bookings - IP: 0:0:0:0:0:0:0:1 - User: anonymous - 27ms - Status: 200
2026-05-20 20:47:20.690 [http-nio-8080-exec-1] INFO  c.h.m.config.RequestLoggingFilter - [GET] /api/v1/rooms/7 - IP: 0:0:0:0:0:0:0:1 - User: anonymous - 12ms - Status: 200
2026-05-20 20:47:20.703 [http-nio-8080-exec-6] INFO  c.h.m.config.RequestLoggingFilter - [GET] /api/v1/rooms/7 - IP: 0:0:0:0:0:0:0:1 - User: anonymous - 12ms - Status: 200
2026-05-20 20:47:20.710 [http-nio-8080-exec-5] INFO  c.h.m.config.RequestLoggingFilter - [GET] /uploads/rooms/7/f4789b9c-7910-4f1c-a10d-b92f78608a0a.jpg - IP: 0:0:0:0:0:0:0:1 - User: anonymous - 4ms - Status: 200
2026-05-20 20:47:20.711 [http-nio-8080-exec-10] INFO  c.h.m.config.RequestLoggingFilter - [GET] /uploads/rooms/7/c5d422e7-f56a-41ba-87e7-c51370562519.jpg - IP: 0:0:0:0:0:0:0:1 - User: anonymous - 5ms - Status: 200
2026-05-20 20:47:20.712 [http-nio-8080-exec-9] INFO  c.h.m.config.RequestLoggingFilter - [GET] /uploads/rooms/7/77d444e8-9dde-4170-b284-b8575f4fecd3.png - IP: 0:0:0:0:0:0:0:1 - User: anonymous - 6ms - Status: 200
2026-05-20 20:47:20.714 [http-nio-8080-exec-3] INFO  c.h.m.config.RequestLoggingFilter - [GET] /uploads/rooms/7/d1a06c1b-29aa-433a-bf88-eca538dbaeaa.jpg - IP: 0:0:0:0:0:0:0:1 - User: anonymous - 8ms - Status: 200
2026-05-20 20:47:22.038 [http-nio-8080-exec-2] INFO  c.h.m.config.RequestLoggingFilter - [GET] /uploads/rooms/banner/hero.jpg - IP: 0:0:0:0:0:0:0:1 - User: anonymous - 9ms - Status: 200
2026-05-20 20:47:22.049 [http-nio-8080-exec-4] INFO  c.h.m.config.RequestLoggingFilter - [GET] /api/v1/services - IP: 0:0:0:0:0:0:0:1 - User: anonymous - 17ms - Status: 200
2026-05-20 20:47:22.052 [http-nio-8080-exec-8] INFO  c.h.m.config.RequestLoggingFilter - [GET] /uploads/rooms/services/spa.jpg - IP: 0:0:0:0:0:0:0:1 - User: anonymous - 9ms - Status: 200
2026-05-20 20:47:22.054 [http-nio-8080-exec-5] INFO  c.h.m.config.RequestLoggingFilter - [GET] /uploads/rooms/services/airport.jpg - IP: 0:0:0:0:0:0:0:1 - User: anonymous - 9ms - Status: 200
2026-05-20 20:47:22.061 [http-nio-8080-exec-6] INFO  c.h.m.config.RequestLoggingFilter - [GET] /uploads/rooms/services/restaurant.jpg - IP: 0:0:0:0:0:0:0:1 - User: anonymous - 16ms - Status: 200
2026-05-20 20:47:22.064 [http-nio-8080-exec-1] INFO  c.h.m.config.RequestLoggingFilter - [GET] /uploads/rooms/services/pool.jpg - IP: 0:0:0:0:0:0:0:1 - User: anonymous - 21ms - Status: 200
2026-05-20 20:47:22.065 [http-nio-8080-exec-7] INFO  c.h.m.config.RequestLoggingFilter - [GET] /api/v1/rooms - IP: 0:0:0:0:0:0:0:1 - User: anonymous - 33ms - Status: 200
2026-05-20 20:47:22.078 [http-nio-8080-exec-10] INFO  c.h.m.config.RequestLoggingFilter - [GET] /api/v1/services - IP: 0:0:0:0:0:0:0:1 - User: anonymous - 24ms - Status: 200
2026-05-20 20:47:22.085 [http-nio-8080-exec-9] INFO  c.h.m.config.RequestLoggingFilter - [GET] /api/v1/rooms - IP: 0:0:0:0:0:0:0:1 - User: anonymous - 19ms - Status: 200
2026-05-20 20:47:22.086 [http-nio-8080-exec-2] INFO  c.h.m.config.RequestLoggingFilter - [GET] /uploads/rooms/services/gym.jpg - IP: 0:0:0:0:0:0:0:1 - User: anonymous - 3ms - Status: 200
2026-05-20 20:47:22.086 [http-nio-8080-exec-3] INFO  c.h.m.config.RequestLoggingFilter - [GET] /uploads/rooms/services/pool.jpg - IP: 0:0:0:0:0:0:0:1 - User: anonymous - 3ms - Status: 200
2026-05-20 20:47:22.091 [http-nio-8080-exec-4] INFO  c.h.m.config.RequestLoggingFilter - [GET] /uploads/rooms/services/laundry.jpg - IP: 0:0:0:0:0:0:0:1 - User: anonymous - 7ms - Status: 200
2026-05-20 20:47:22.102 [http-nio-8080-exec-8] INFO  c.h.m.config.RequestLoggingFilter - [GET] /uploads/rooms/5/8ac6d2da-316e-4eaf-ab36-4e5c42bfa20d.png - IP: 0:0:0:0:0:0:0:1 - User: anonymous - 3ms - Status: 200
2026-05-20 20:47:31.136 [http-nio-8080-exec-6] INFO  c.h.m.config.RequestLoggingFilter - [OPTIONS] /api/v1/rooms - IP: 0:0:0:0:0:0:0:1 - User: anonymous - 1ms - Status: 200
2026-05-20 20:47:31.151 [http-nio-8080-exec-7] INFO  c.h.m.config.RequestLoggingFilter - [GET] /api/v1/rooms - IP: 0:0:0:0:0:0:0:1 - User: anonymous - 13ms - Status: 200
2026-05-20 20:47:33.153 [http-nio-8080-exec-1] INFO  c.h.m.config.RequestLoggingFilter - [OPTIONS] /api/v1/rooms - IP: 0:0:0:0:0:0:0:1 - User: anonymous - 1ms - Status: 200
2026-05-20 20:47:33.166 [http-nio-8080-exec-10] INFO  c.h.m.config.RequestLoggingFilter - [GET] /api/v1/rooms - IP: 0:0:0:0:0:0:0:1 - User: anonymous - 10ms - Status: 200
2026-05-20 20:47:38.969 [http-nio-8080-exec-9] INFO  c.h.m.config.RequestLoggingFilter - [GET] /api/v1/bookings - IP: 0:0:0:0:0:0:0:1 - User: anonymous - 18ms - Status: 200
2026-05-20 20:47:38.984 [http-nio-8080-exec-2] INFO  c.h.m.config.RequestLoggingFilter - [GET] /api/v1/bookings - IP: 0:0:0:0:0:0:0:1 - User: anonymous - 14ms - Status: 200
2026-05-20 20:48:01.206 [http-nio-8080-exec-4] INFO  c.h.m.config.RequestLoggingFilter - [GET] /api/v1/services - IP: 0:0:0:0:0:0:0:1 - User: anonymous - 11ms - Status: 200
2026-05-20 20:48:01.213 [http-nio-8080-exec-3] INFO  c.h.m.config.RequestLoggingFilter - [GET] /api/v1/rooms - IP: 0:0:0:0:0:0:0:1 - User: anonymous - 18ms - Status: 200
2026-05-20 20:48:01.219 [http-nio-8080-exec-8] INFO  c.h.m.config.RequestLoggingFilter - [GET] /api/v1/services - IP: 0:0:0:0:0:0:0:1 - User: anonymous - 12ms - Status: 200
2026-05-20 20:48:01.227 [http-nio-8080-exec-5] INFO  c.h.m.config.RequestLoggingFilter - [GET] /api/v1/rooms - IP: 0:0:0:0:0:0:0:1 - User: anonymous - 13ms - Status: 200
2026-05-20 20:48:15.198 [http-nio-8080-exec-6] INFO  c.h.m.controller.AuthController - Login success - username: letan01, IP: 0:0:0:0:0:0:0:1
2026-05-20 20:48:15.200 [http-nio-8080-exec-6] INFO  c.h.m.config.RequestLoggingFilter - [POST] /api/v1/auth/login - IP: 0:0:0:0:0:0:0:1 - User: anonymous - 343ms - Status: 200
2026-05-20 20:48:15.257 [http-nio-8080-exec-7] INFO  c.h.m.config.RequestLoggingFilter - [GET] /api/v1/bookings - IP: 0:0:0:0:0:0:0:1 - User: anonymous - 22ms - Status: 200
2026-05-20 20:48:15.266 [http-nio-8080-exec-1] INFO  c.h.m.config.RequestLoggingFilter - [GET] /api/v1/rooms - IP: 0:0:0:0:0:0:0:1 - User: anonymous - 24ms - Status: 200
2026-05-20 20:48:15.266 [http-nio-8080-exec-9] INFO  c.h.m.config.RequestLoggingFilter - [GET] /api/v1/bookings - IP: 0:0:0:0:0:0:0:1 - User: anonymous - 20ms - Status: 200
2026-05-20 20:48:15.275 [http-nio-8080-exec-10] INFO  c.h.m.config.RequestLoggingFilter - [GET] /api/v1/bookings - IP: 0:0:0:0:0:0:0:1 - User: anonymous - 30ms - Status: 200
2026-05-20 20:48:15.284 [http-nio-8080-exec-4] INFO  c.h.m.config.RequestLoggingFilter - [GET] /api/v1/bookings - IP: 0:0:0:0:0:0:0:1 - User: anonymous - 23ms - Status: 200
2026-05-20 20:48:15.297 [http-nio-8080-exec-8] INFO  c.h.m.config.RequestLoggingFilter - [GET] /api/v1/bookings - IP: 0:0:0:0:0:0:0:1 - User: anonymous - 26ms - Status: 200
2026-05-20 20:48:15.298 [http-nio-8080-exec-1] INFO  c.h.m.config.RequestLoggingFilter - [GET] /api/v1/rooms - IP: 0:0:0:0:0:0:0:1 - User: anonymous - 30ms - Status: 200
2026-05-20 20:48:15.315 [http-nio-8080-exec-5] INFO  c.h.m.config.RequestLoggingFilter - [GET] /api/v1/bookings - IP: 0:0:0:0:0:0:0:1 - User: anonymous - 37ms - Status: 200
2026-05-20 20:48:15.326 [http-nio-8080-exec-2] INFO  c.h.m.config.RequestLoggingFilter - [GET] /api/v1/bookings - IP: 0:0:0:0:0:0:0:1 - User: anonymous - 80ms - Status: 200
2026-05-20 20:48:15.388 [http-nio-8080-exec-6] INFO  c.h.m.config.RequestLoggingFilter - [GET] /api/v1/bookings - IP: 0:0:0:0:0:0:0:1 - User: anonymous - 61ms - Status: 200
2026-05-20 20:48:22.969 [http-nio-8080-exec-7] INFO  c.h.m.config.RequestLoggingFilter - [OPTIONS] /api/v1/invoices - IP: 0:0:0:0:0:0:0:1 - User: anonymous - 1ms - Status: 200
2026-05-20 20:48:22.970 [http-nio-8080-exec-3] INFO  c.h.m.config.RequestLoggingFilter - [OPTIONS] /api/v1/invoices - IP: 0:0:0:0:0:0:0:1 - User: anonymous - 1ms - Status: 200
2026-05-20 20:48:22.985 [http-nio-8080-exec-9] INFO  c.h.m.config.RequestLoggingFilter - [GET] /api/v1/bookings - IP: 0:0:0:0:0:0:0:1 - User: anonymous - 17ms - Status: 200
2026-05-20 20:48:22.993 [http-nio-8080-exec-10] INFO  c.h.m.config.RequestLoggingFilter - [GET] /api/v1/invoices - IP: 0:0:0:0:0:0:0:1 - User: anonymous - 21ms - Status: 200
2026-05-20 20:48:23.000 [http-nio-8080-exec-4] INFO  c.h.m.config.RequestLoggingFilter - [GET] /api/v1/bookings - IP: 0:0:0:0:0:0:0:1 - User: anonymous - 14ms - Status: 200
2026-05-20 20:48:23.010 [http-nio-8080-exec-8] INFO  c.h.m.config.RequestLoggingFilter - [GET] /api/v1/invoices - IP: 0:0:0:0:0:0:0:1 - User: anonymous - 16ms - Status: 200
2026-05-20 20:48:52.988 [http-nio-8080-exec-1] INFO  c.h.m.config.RequestLoggingFilter - [GET] /api/v1/bookings - IP: 0:0:0:0:0:0:0:1 - User: anonymous - 10ms - Status: 200
2026-05-20 20:49:02.267 [http-nio-8080-exec-5] INFO  c.h.m.config.RequestLoggingFilter - [OPTIONS] /api/v1/rooms - IP: 0:0:0:0:0:0:0:1 - User: anonymous - 1ms - Status: 200
2026-05-20 20:49:02.268 [http-nio-8080-exec-2] INFO  c.h.m.config.RequestLoggingFilter - [OPTIONS] /api/v1/room-types - IP: 0:0:0:0:0:0:0:1 - User: anonymous - 1ms - Status: 200
2026-05-20 20:49:02.268 [http-nio-8080-exec-7] INFO  c.h.m.config.RequestLoggingFilter - [OPTIONS] /api/v1/room-types - IP: 0:0:0:0:0:0:0:1 - User: anonymous - 1ms - Status: 200
2026-05-20 20:49:02.268 [http-nio-8080-exec-6] INFO  c.h.m.config.RequestLoggingFilter - [OPTIONS] /api/v1/rooms - IP: 0:0:0:0:0:0:0:1 - User: anonymous - 1ms - Status: 200
2026-05-20 20:49:02.287 [http-nio-8080-exec-9] INFO  c.h.m.config.RequestLoggingFilter - [GET] /api/v1/room-types - IP: 0:0:0:0:0:0:0:1 - User: anonymous - 17ms - Status: 200
2026-05-20 20:49:02.290 [http-nio-8080-exec-3] INFO  c.h.m.config.RequestLoggingFilter - [GET] /api/v1/rooms - IP: 0:0:0:0:0:0:0:1 - User: anonymous - 21ms - Status: 200
2026-05-20 20:49:02.299 [http-nio-8080-exec-10] INFO  c.h.m.config.RequestLoggingFilter - [GET] /api/v1/room-types - IP: 0:0:0:0:0:0:0:1 - User: anonymous - 11ms - Status: 200
2026-05-20 20:49:02.308 [http-nio-8080-exec-4] INFO  c.h.m.config.RequestLoggingFilter - [GET] /api/v1/rooms - IP: 0:0:0:0:0:0:0:1 - User: anonymous - 16ms - Status: 200
2026-05-20 20:49:02.312 [http-nio-8080-exec-5] INFO  c.h.m.config.RequestLoggingFilter - [GET] /uploads/rooms/5/8ac6d2da-316e-4eaf-ab36-4e5c42bfa20d.png - IP: 0:0:0:0:0:0:0:1 - User: anonymous - 2ms - Status: 200
2026-05-20 20:49:02.314 [http-nio-8080-exec-1] INFO  c.h.m.config.RequestLoggingFilter - [GET] /uploads/rooms/4/f4bf6089-c008-4065-abf9-ad8af531c1e7.png - IP: 0:0:0:0:0:0:0:1 - User: anonymous - 5ms - Status: 200
2026-05-20 20:49:02.314 [http-nio-8080-exec-7] INFO  c.h.m.config.RequestLoggingFilter - [GET] /uploads/rooms/7/c5d422e7-f56a-41ba-87e7-c51370562519.jpg - IP: 0:0:0:0:0:0:0:1 - User: anonymous - 4ms - Status: 200
2026-05-20 20:49:02.316 [http-nio-8080-exec-8] INFO  c.h.m.config.RequestLoggingFilter - [GET] /uploads/rooms/3/5b164591-a960-4c94-a6fa-4a0597932e01.jpg - IP: 0:0:0:0:0:0:0:1 - User: anonymous - 7ms - Status: 200
2026-05-20 20:49:02.709 [http-nio-8080-exec-6] INFO  c.h.m.config.RequestLoggingFilter - [GET] /api/v1/rooms - IP: 0:0:0:0:0:0:0:1 - User: anonymous - 15ms - Status: 200
2026-05-20 20:49:02.709 [http-nio-8080-exec-2] INFO  c.h.m.config.RequestLoggingFilter - [GET] /api/v1/bookings - IP: 0:0:0:0:0:0:0:1 - User: anonymous - 15ms - Status: 200
2026-05-20 20:49:02.710 [http-nio-8080-exec-3] INFO  c.h.m.config.RequestLoggingFilter - [GET] /api/v1/bookings - IP: 0:0:0:0:0:0:0:1 - User: anonymous - 15ms - Status: 200
2026-05-20 20:49:02.721 [http-nio-8080-exec-9] INFO  c.h.m.config.RequestLoggingFilter - [GET] /api/v1/bookings - IP: 0:0:0:0:0:0:0:1 - User: anonymous - 26ms - Status: 200
2026-05-20 20:49:02.731 [http-nio-8080-exec-5] INFO  c.h.m.config.RequestLoggingFilter - [GET] /api/v1/bookings - IP: 0:0:0:0:0:0:0:1 - User: anonymous - 20ms - Status: 200
2026-05-20 20:49:02.731 [http-nio-8080-exec-4] INFO  c.h.m.config.RequestLoggingFilter - [GET] /api/v1/rooms - IP: 0:0:0:0:0:0:0:1 - User: anonymous - 20ms - Status: 200
2026-05-20 20:49:02.733 [http-nio-8080-exec-1] INFO  c.h.m.config.RequestLoggingFilter - [GET] /api/v1/bookings - IP: 0:0:0:0:0:0:0:1 - User: anonymous - 20ms - Status: 200
2026-05-20 20:49:02.764 [http-nio-8080-exec-7] INFO  c.h.m.config.RequestLoggingFilter - [GET] /api/v1/bookings - IP: 0:0:0:0:0:0:0:1 - User: anonymous - 42ms - Status: 200
2026-05-20 20:49:02.770 [http-nio-8080-exec-10] INFO  c.h.m.config.RequestLoggingFilter - [GET] /api/v1/bookings - IP: 0:0:0:0:0:0:0:1 - User: anonymous - 75ms - Status: 200
2026-05-20 20:49:02.825 [http-nio-8080-exec-8] INFO  c.h.m.config.RequestLoggingFilter - [GET] /api/v1/bookings - IP: 0:0:0:0:0:0:0:1 - User: anonymous - 53ms - Status: 200
2026-05-20 20:49:03.068 [http-nio-8080-exec-6] INFO  c.h.m.config.RequestLoggingFilter - [GET] /api/v1/bookings - IP: 0:0:0:0:0:0:0:1 - User: anonymous - 15ms - Status: 200
2026-05-20 20:49:03.070 [http-nio-8080-exec-3] INFO  c.h.m.config.RequestLoggingFilter - [GET] /api/v1/rooms - IP: 0:0:0:0:0:0:0:1 - User: anonymous - 17ms - Status: 200
2026-05-20 20:49:03.084 [http-nio-8080-exec-9] INFO  c.h.m.config.RequestLoggingFilter - [GET] /api/v1/bookings - IP: 0:0:0:0:0:0:0:1 - User: anonymous - 16ms - Status: 200
2026-05-20 20:49:03.088 [http-nio-8080-exec-5] INFO  c.h.m.config.RequestLoggingFilter - [GET] /api/v1/rooms - IP: 0:0:0:0:0:0:0:1 - User: anonymous - 17ms - Status: 200
2026-05-20 20:49:03.099 [http-nio-8080-exec-2] INFO  c.h.m.config.RequestLoggingFilter - [GET] /api/v1/bookings - IP: 0:0:0:0:0:0:0:1 - User: anonymous - 46ms - Status: 200
2026-05-20 20:49:03.139 [http-nio-8080-exec-4] INFO  c.h.m.config.RequestLoggingFilter - [GET] /api/v1/bookings - IP: 0:0:0:0:0:0:0:1 - User: anonymous - 40ms - Status: 200
2026-05-20 20:49:03.834 [http-nio-8080-exec-7] INFO  c.h.m.config.RequestLoggingFilter - [GET] /api/v1/room-types - IP: 0:0:0:0:0:0:0:1 - User: anonymous - 9ms - Status: 200
2026-05-20 20:49:03.839 [http-nio-8080-exec-1] INFO  c.h.m.config.RequestLoggingFilter - [GET] /api/v1/rooms - IP: 0:0:0:0:0:0:0:1 - User: anonymous - 14ms - Status: 200
2026-05-20 20:49:03.844 [http-nio-8080-exec-10] INFO  c.h.m.config.RequestLoggingFilter - [GET] /api/v1/room-types - IP: 0:0:0:0:0:0:0:1 - User: anonymous - 9ms - Status: 200
2026-05-20 20:49:03.852 [http-nio-8080-exec-8] INFO  c.h.m.config.RequestLoggingFilter - [GET] /api/v1/rooms - IP: 0:0:0:0:0:0:0:1 - User: anonymous - 12ms - Status: 200
2026-05-20 20:49:04.213 [http-nio-8080-exec-6] INFO  c.h.m.config.RequestLoggingFilter - [GET] /api/v1/bookings - IP: 0:0:0:0:0:0:0:1 - User: anonymous - 12ms - Status: 200
2026-05-20 20:49:04.213 [http-nio-8080-exec-3] INFO  c.h.m.config.RequestLoggingFilter - [GET] /api/v1/rooms - IP: 0:0:0:0:0:0:0:1 - User: anonymous - 12ms - Status: 200
2026-05-20 20:49:04.215 [http-nio-8080-exec-5] INFO  c.h.m.config.RequestLoggingFilter - [GET] /api/v1/bookings - IP: 0:0:0:0:0:0:0:1 - User: anonymous - 14ms - Status: 200
2026-05-20 20:49:04.220 [http-nio-8080-exec-9] INFO  c.h.m.config.RequestLoggingFilter - [GET] /api/v1/bookings - IP: 0:0:0:0:0:0:0:1 - User: anonymous - 19ms - Status: 200
2026-05-20 20:49:04.229 [http-nio-8080-exec-4] INFO  c.h.m.config.RequestLoggingFilter - [GET] /api/v1/rooms - IP: 0:0:0:0:0:0:0:1 - User: anonymous - 14ms - Status: 200
2026-05-20 20:49:04.232 [http-nio-8080-exec-7] INFO  c.h.m.config.RequestLoggingFilter - [GET] /api/v1/bookings - IP: 0:0:0:0:0:0:0:1 - User: anonymous - 17ms - Status: 200
2026-05-20 20:49:04.234 [http-nio-8080-exec-1] INFO  c.h.m.config.RequestLoggingFilter - [GET] /api/v1/bookings - IP: 0:0:0:0:0:0:0:1 - User: anonymous - 18ms - Status: 200
2026-05-20 20:49:04.247 [http-nio-8080-exec-10] INFO  c.h.m.config.RequestLoggingFilter - [GET] /api/v1/bookings - IP: 0:0:0:0:0:0:0:1 - User: anonymous - 25ms - Status: 200
2026-05-20 20:49:04.262 [http-nio-8080-exec-2] INFO  c.h.m.config.RequestLoggingFilter - [GET] /api/v1/bookings - IP: 0:0:0:0:0:0:0:1 - User: anonymous - 60ms - Status: 200
2026-05-20 20:49:04.325 [http-nio-8080-exec-8] INFO  c.h.m.config.RequestLoggingFilter - [GET] /api/v1/bookings - IP: 0:0:0:0:0:0:0:1 - User: anonymous - 59ms - Status: 200
2026-05-20 20:49:04.767 [http-nio-8080-exec-6] INFO  c.h.m.config.RequestLoggingFilter - [GET] /api/v1/invoices - IP: 0:0:0:0:0:0:0:1 - User: anonymous - 12ms - Status: 200
2026-05-20 20:49:04.769 [http-nio-8080-exec-3] INFO  c.h.m.config.RequestLoggingFilter - [GET] /api/v1/bookings - IP: 0:0:0:0:0:0:0:1 - User: anonymous - 15ms - Status: 200
2026-05-20 20:49:04.794 [http-nio-8080-exec-5] INFO  c.h.m.config.RequestLoggingFilter - [GET] /api/v1/invoices - IP: 0:0:0:0:0:0:0:1 - User: anonymous - 23ms - Status: 200
2026-05-20 20:49:04.798 [http-nio-8080-exec-9] INFO  c.h.m.config.RequestLoggingFilter - [GET] /api/v1/bookings - IP: 0:0:0:0:0:0:0:1 - User: anonymous - 27ms - Status: 200
2026-05-20 20:49:05.228 [http-nio-8080-exec-7] INFO  c.h.m.config.RequestLoggingFilter - [GET] /api/v1/rooms - IP: 0:0:0:0:0:0:0:1 - User: anonymous - 13ms - Status: 200
2026-05-20 20:49:05.242 [http-nio-8080-exec-1] INFO  c.h.m.config.RequestLoggingFilter - [GET] /api/v1/rooms - IP: 0:0:0:0:0:0:0:1 - User: anonymous - 13ms - Status: 200
2026-05-20 20:49:05.253 [http-nio-8080-exec-4] INFO  c.h.m.config.RequestLoggingFilter - [GET] /api/v1/bookings - IP: 0:0:0:0:0:0:0:1 - User: anonymous - 40ms - Status: 200
2026-05-20 20:49:05.313 [http-nio-8080-exec-10] INFO  c.h.m.config.RequestLoggingFilter - [GET] /api/v1/bookings - IP: 0:0:0:0:0:0:0:1 - User: anonymous - 59ms - Status: 200
2026-05-20 20:49:05.576 [http-nio-8080-exec-8] INFO  c.h.m.config.RequestLoggingFilter - [GET] /api/v1/room-types - IP: 0:0:0:0:0:0:0:1 - User: anonymous - 11ms - Status: 200
2026-05-20 20:49:05.584 [http-nio-8080-exec-2] INFO  c.h.m.config.RequestLoggingFilter - [GET] /api/v1/rooms - IP: 0:0:0:0:0:0:0:1 - User: anonymous - 19ms - Status: 200
2026-05-20 20:49:05.590 [http-nio-8080-exec-3] INFO  c.h.m.config.RequestLoggingFilter - [GET] /api/v1/room-types - IP: 0:0:0:0:0:0:0:1 - User: anonymous - 13ms - Status: 200
2026-05-20 20:49:05.602 [http-nio-8080-exec-7] INFO  c.h.m.config.RequestLoggingFilter - [GET] /uploads/rooms/5/8ac6d2da-316e-4eaf-ab36-4e5c42bfa20d.png - IP: 0:0:0:0:0:0:0:1 - User: anonymous - 4ms - Status: 200
2026-05-20 20:49:05.604 [http-nio-8080-exec-5] INFO  c.h.m.config.RequestLoggingFilter - [GET] /uploads/rooms/3/5b164591-a960-4c94-a6fa-4a0597932e01.jpg - IP: 0:0:0:0:0:0:0:1 - User: anonymous - 6ms - Status: 200
2026-05-20 20:49:05.603 [http-nio-8080-exec-9] INFO  c.h.m.config.RequestLoggingFilter - [GET] /uploads/rooms/4/f4bf6089-c008-4065-abf9-ad8af531c1e7.png - IP: 0:0:0:0:0:0:0:1 - User: anonymous - 5ms - Status: 200
2026-05-20 20:49:05.605 [http-nio-8080-exec-1] INFO  c.h.m.config.RequestLoggingFilter - [GET] /uploads/rooms/7/c5d422e7-f56a-41ba-87e7-c51370562519.jpg - IP: 0:0:0:0:0:0:0:1 - User: anonymous - 7ms - Status: 200
2026-05-20 20:49:05.611 [http-nio-8080-exec-6] INFO  c.h.m.config.RequestLoggingFilter - [GET] /api/v1/rooms - IP: 0:0:0:0:0:0:0:1 - User: anonymous - 26ms - Status: 200
2026-05-20 20:49:05.928 [http-nio-8080-exec-4] INFO  c.h.m.config.RequestLoggingFilter - [GET] /api/v1/invoices - IP: 0:0:0:0:0:0:0:1 - User: anonymous - 9ms - Status: 200
2026-05-20 20:49:05.938 [http-nio-8080-exec-10] INFO  c.h.m.config.RequestLoggingFilter - [GET] /api/v1/invoices - IP: 0:0:0:0:0:0:0:1 - User: anonymous - 9ms - Status: 200
2026-05-20 20:49:34.772 [http-nio-8080-exec-8] INFO  c.h.m.config.RequestLoggingFilter - [GET] /api/v1/bookings - IP: 0:0:0:0:0:0:0:1 - User: anonymous - 10ms - Status: 200
2026-05-20 20:49:51.285 [http-nio-8080-exec-2] INFO  c.h.m.controller.AuthController - Login success - username: admin2, IP: 0:0:0:0:0:0:0:1
2026-05-20 20:49:51.288 [http-nio-8080-exec-2] INFO  c.h.m.config.RequestLoggingFilter - [POST] /api/v1/auth/login - IP: 0:0:0:0:0:0:0:1 - User: anonymous - 361ms - Status: 200
2026-05-20 20:49:51.320 [http-nio-8080-exec-9] INFO  c.h.m.config.RequestLoggingFilter - [GET] /api/v1/dashboard/bookings/stats - IP: 0:0:0:0:0:0:0:1 - User: anonymous - 10ms - Status: 200
2026-05-20 20:49:51.324 [http-nio-8080-exec-1] INFO  c.h.m.config.RequestLoggingFilter - [GET] /api/v1/dashboard/services/top - IP: 0:0:0:0:0:0:0:1 - User: anonymous - 13ms - Status: 200
2026-05-20 20:49:51.334 [http-nio-8080-exec-5] INFO  c.h.m.config.RequestLoggingFilter - [GET] /api/v1/dashboard/revenue - IP: 0:0:0:0:0:0:0:1 - User: anonymous - 25ms - Status: 200
2026-05-20 20:49:51.335 [http-nio-8080-exec-3] INFO  c.h.m.config.RequestLoggingFilter - [GET] /api/v1/bookings - IP: 0:0:0:0:0:0:0:1 - User: anonymous - 28ms - Status: 200
2026-05-20 20:49:51.342 [http-nio-8080-exec-7] INFO  c.h.m.config.RequestLoggingFilter - [GET] /api/v1/dashboard/summary - IP: 0:0:0:0:0:0:0:1 - User: anonymous - 33ms - Status: 200
2026-05-20 20:49:51.349 [http-nio-8080-exec-4] INFO  c.h.m.config.RequestLoggingFilter - [GET] /api/v1/dashboard/services/top - IP: 0:0:0:0:0:0:0:1 - User: anonymous - 15ms - Status: 200
2026-05-20 20:49:51.352 [http-nio-8080-exec-6] INFO  c.h.m.config.RequestLoggingFilter - [GET] /api/v1/dashboard/bookings/stats - IP: 0:0:0:0:0:0:0:1 - User: anonymous - 25ms - Status: 200
2026-05-20 20:49:51.361 [http-nio-8080-exec-10] INFO  c.h.m.config.RequestLoggingFilter - [GET] /api/v1/dashboard/revenue - IP: 0:0:0:0:0:0:0:1 - User: anonymous - 22ms - Status: 200
2026-05-20 20:49:51.380 [http-nio-8080-exec-8] INFO  c.h.m.config.RequestLoggingFilter - [GET] /api/v1/bookings - IP: 0:0:0:0:0:0:0:1 - User: anonymous - 38ms - Status: 200
2026-05-20 20:49:51.385 [http-nio-8080-exec-2] INFO  c.h.m.config.RequestLoggingFilter - [GET] /api/v1/dashboard/summary - IP: 0:0:0:0:0:0:0:1 - User: anonymous - 39ms - Status: 200
2026-05-20 20:50:21.325 [http-nio-8080-exec-4] INFO  c.h.m.config.RequestLoggingFilter - [GET] /api/v1/bookings - IP: 0:0:0:0:0:0:0:1 - User: anonymous - 17ms - Status: 200
2026-05-20 20:50:22.035 [http-nio-8080-exec-10] INFO  c.h.m.config.RequestLoggingFilter - [GET] /api/v1/rooms - IP: 0:0:0:0:0:0:0:1 - User: anonymous - 14ms - Status: 200
2026-05-20 20:50:22.050 [http-nio-8080-exec-8] INFO  c.h.m.config.RequestLoggingFilter - [GET] /api/v1/rooms - IP: 0:0:0:0:0:0:0:1 - User: anonymous - 13ms - Status: 200
2026-05-20 20:50:22.064 [http-nio-8080-exec-6] INFO  c.h.m.config.RequestLoggingFilter - [GET] /api/v1/bookings - IP: 0:0:0:0:0:0:0:1 - User: anonymous - 43ms - Status: 200
2026-05-20 20:50:22.104 [http-nio-8080-exec-2] INFO  c.h.m.config.RequestLoggingFilter - [GET] /api/v1/bookings - IP: 0:0:0:0:0:0:0:1 - User: anonymous - 39ms - Status: 200
2026-05-20 20:50:22.740 [http-nio-8080-exec-9] INFO  c.h.m.config.RequestLoggingFilter - [OPTIONS] /api/v1/services - IP: 0:0:0:0:0:0:0:1 - User: anonymous - 1ms - Status: 200
2026-05-20 20:50:22.740 [http-nio-8080-exec-3] INFO  c.h.m.config.RequestLoggingFilter - [OPTIONS] /api/v1/services - IP: 0:0:0:0:0:0:0:1 - User: anonymous - 1ms - Status: 200
2026-05-20 20:50:22.740 [http-nio-8080-exec-1] INFO  c.h.m.config.RequestLoggingFilter - [OPTIONS] /api/v1/services/units - IP: 0:0:0:0:0:0:0:1 - User: anonymous - 1ms - Status: 200
2026-05-20 20:50:22.740 [http-nio-8080-exec-5] INFO  c.h.m.config.RequestLoggingFilter - [OPTIONS] /api/v1/services/units - IP: 0:0:0:0:0:0:0:1 - User: anonymous - 0ms - Status: 200
2026-05-20 20:50:22.749 [http-nio-8080-exec-4] INFO  c.h.m.config.RequestLoggingFilter - [GET] /api/v1/services/units - IP: 0:0:0:0:0:0:0:1 - User: anonymous - 5ms - Status: 200
2026-05-20 20:50:22.752 [http-nio-8080-exec-7] INFO  c.h.m.config.RequestLoggingFilter - [GET] /api/v1/services - IP: 0:0:0:0:0:0:0:1 - User: anonymous - 9ms - Status: 200
2026-05-20 20:50:22.753 [http-nio-8080-exec-10] INFO  c.h.m.config.RequestLoggingFilter - [GET] /api/v1/services/units - IP: 0:0:0:0:0:0:0:1 - User: anonymous - 4ms - Status: 200
2026-05-20 20:50:22.761 [http-nio-8080-exec-8] INFO  c.h.m.config.RequestLoggingFilter - [GET] /api/v1/services - IP: 0:0:0:0:0:0:0:1 - User: anonymous - 9ms - Status: 200
2026-05-20 20:50:22.771 [http-nio-8080-exec-6] INFO  c.h.m.config.RequestLoggingFilter - [GET] /uploads/rooms/services/spa.jpg - IP: 0:0:0:0:0:0:0:1 - User: anonymous - 2ms - Status: 200
2026-05-20 20:50:22.772 [http-nio-8080-exec-2] INFO  c.h.m.config.RequestLoggingFilter - [GET] /uploads/rooms/services/pool.jpg - IP: 0:0:0:0:0:0:0:1 - User: anonymous - 3ms - Status: 200
2026-05-20 20:50:22.775 [http-nio-8080-exec-9] INFO  c.h.m.config.RequestLoggingFilter - [GET] /uploads/rooms/services/restaurant.jpg - IP: 0:0:0:0:0:0:0:1 - User: anonymous - 3ms - Status: 200
2026-05-20 20:50:22.775 [http-nio-8080-exec-3] INFO  c.h.m.config.RequestLoggingFilter - [GET] /uploads/rooms/services/airport.jpg - IP: 0:0:0:0:0:0:0:1 - User: anonymous - 3ms - Status: 200
2026-05-20 20:50:22.780 [http-nio-8080-exec-1] INFO  c.h.m.config.RequestLoggingFilter - [GET] /uploads/rooms/services/gym.jpg - IP: 0:0:0:0:0:0:0:1 - User: anonymous - 3ms - Status: 200
2026-05-20 20:50:22.780 [http-nio-8080-exec-5] INFO  c.h.m.config.RequestLoggingFilter - [GET] /uploads/rooms/services/laundry.jpg - IP: 0:0:0:0:0:0:0:1 - User: anonymous - 2ms - Status: 200
2026-05-20 20:50:33.260 [http-nio-8080-exec-4] INFO  c.h.m.config.RequestLoggingFilter - [OPTIONS] /api/v1/room-types - IP: 0:0:0:0:0:0:0:1 - User: anonymous - 1ms - Status: 200
2026-05-20 20:50:33.260 [http-nio-8080-exec-7] INFO  c.h.m.config.RequestLoggingFilter - [OPTIONS] /api/v1/room-types - IP: 0:0:0:0:0:0:0:1 - User: anonymous - 0ms - Status: 200
2026-05-20 20:50:33.272 [http-nio-8080-exec-10] INFO  c.h.m.config.RequestLoggingFilter - [GET] /api/v1/room-types - IP: 0:0:0:0:0:0:0:1 - User: anonymous - 9ms - Status: 200
2026-05-20 20:50:33.281 [http-nio-8080-exec-8] INFO  c.h.m.config.RequestLoggingFilter - [GET] /api/v1/room-types - IP: 0:0:0:0:0:0:0:1 - User: anonymous - 8ms - Status: 200
2026-05-20 20:50:33.718 [http-nio-8080-exec-2] INFO  c.h.m.config.RequestLoggingFilter - [GET] /api/v1/room-types - IP: 0:0:0:0:0:0:0:1 - User: anonymous - 8ms - Status: 200
2026-05-20 20:50:33.724 [http-nio-8080-exec-6] INFO  c.h.m.config.RequestLoggingFilter - [GET] /api/v1/rooms - IP: 0:0:0:0:0:0:0:1 - User: anonymous - 14ms - Status: 200
2026-05-20 20:50:33.728 [http-nio-8080-exec-3] INFO  c.h.m.config.RequestLoggingFilter - [GET] /api/v1/room-types - IP: 0:0:0:0:0:0:0:1 - User: anonymous - 9ms - Status: 200
2026-05-20 20:50:33.742 [http-nio-8080-exec-5] INFO  c.h.m.config.RequestLoggingFilter - [GET] /uploads/rooms/4/f4bf6089-c008-4065-abf9-ad8af531c1e7.png - IP: 0:0:0:0:0:0:0:1 - User: anonymous - 5ms - Status: 200
2026-05-20 20:50:33.746 [http-nio-8080-exec-4] INFO  c.h.m.config.RequestLoggingFilter - [GET] /uploads/rooms/7/c5d422e7-f56a-41ba-87e7-c51370562519.jpg - IP: 0:0:0:0:0:0:0:1 - User: anonymous - 6ms - Status: 200
2026-05-20 20:50:33.751 [http-nio-8080-exec-9] INFO  c.h.m.config.RequestLoggingFilter - [GET] /api/v1/rooms - IP: 0:0:0:0:0:0:0:1 - User: anonymous - 27ms - Status: 200
2026-05-20 20:50:33.752 [http-nio-8080-exec-7] INFO  c.h.m.config.RequestLoggingFilter - [GET] /uploads/rooms/5/8ac6d2da-316e-4eaf-ab36-4e5c42bfa20d.png - IP: 0:0:0:0:0:0:0:1 - User: anonymous - 13ms - Status: 200
2026-05-20 20:50:33.753 [http-nio-8080-exec-1] INFO  c.h.m.config.RequestLoggingFilter - [GET] /uploads/rooms/3/5b164591-a960-4c94-a6fa-4a0597932e01.jpg - IP: 0:0:0:0:0:0:0:1 - User: anonymous - 16ms - Status: 200
2026-05-20 20:50:51.324 [http-nio-8080-exec-10] INFO  c.h.m.config.RequestLoggingFilter - [GET] /api/v1/bookings - IP: 0:0:0:0:0:0:0:1 - User: anonymous - 14ms - Status: 200
2026-05-20 20:51:21.331 [http-nio-8080-exec-2] INFO  c.h.m.config.RequestLoggingFilter - [GET] /api/v1/bookings - IP: 0:0:0:0:0:0:0:1 - User: anonymous - 10ms - Status: 200
2026-05-20 20:51:51.322 [http-nio-8080-exec-10] INFO  c.h.m.config.RequestLoggingFilter - [GET] /api/v1/bookings - IP: 0:0:0:0:0:0:0:1 - User: anonymous - 12ms - Status: 200
2026-05-20 20:52:21.330 [http-nio-8080-exec-8] INFO  c.h.m.config.RequestLoggingFilter - [GET] /api/v1/bookings - IP: 0:0:0:0:0:0:0:1 - User: anonymous - 10ms - Status: 200
2026-05-20 20:52:51.322 [http-nio-8080-exec-2] INFO  c.h.m.config.RequestLoggingFilter - [GET] /api/v1/bookings - IP: 0:0:0:0:0:0:0:1 - User: anonymous - 10ms - Status: 200
2026-05-20 20:53:22.181 [http-nio-8080-exec-6] INFO  c.h.m.config.RequestLoggingFilter - [GET] /api/v1/bookings - IP: 0:0:0:0:0:0:0:1 - User: anonymous - 12ms - Status: 200
2026-05-20 20:53:52.180 [http-nio-8080-exec-3] INFO  c.h.m.config.RequestLoggingFilter - [GET] /api/v1/bookings - IP: 0:0:0:0:0:0:0:1 - User: anonymous - 9ms - Status: 200
2026-05-20 20:54:32.034 [http-nio-8080-exec-5] INFO  c.h.m.config.RequestLoggingFilter - [GET] /api/v1/bookings - IP: 0:0:0:0:0:0:0:1 - User: anonymous - 20ms - Status: 200
