2026-05-15 19:31:21.065 [background-preinit] INFO  o.h.validator.internal.util.Version - HV000001: Hibernate Validator 8.0.3.Final
2026-05-15 19:31:21.144 [main] INFO  c.h.m.HotelManagementApplication - Starting HotelManagementApplication using Java 17.0.18 with PID 21292 (C:\Users\quang\Documents\datn\Phanla\hotel-managent\hotel-management\target\classes started by quang in C:\Users\quang\Documents\datn\Phanla\hotel-managent\hotel-management)
2026-05-15 19:31:21.145 [main] INFO  c.h.m.HotelManagementApplication - No active profile set, falling back to 1 default profile: "default"
2026-05-15 19:31:22.366 [main] INFO  o.s.d.r.c.RepositoryConfigurationDelegate - Bootstrapping Spring Data JPA repositories in DEFAULT mode.
2026-05-15 19:31:22.482 [main] INFO  o.s.d.r.c.RepositoryConfigurationDelegate - Finished Spring Data repository scanning in 102 ms. Found 7 JPA repository interfaces.
2026-05-15 19:31:23.221 [main] INFO  o.s.b.w.e.tomcat.TomcatWebServer - Tomcat initialized with port 8080 (http)
2026-05-15 19:31:23.246 [main] INFO  o.a.coyote.http11.Http11NioProtocol - Initializing ProtocolHandler ["http-nio-8080"]
2026-05-15 19:31:23.254 [main] INFO  o.a.catalina.core.StandardService - Starting service [Tomcat]
2026-05-15 19:31:23.254 [main] INFO  o.a.catalina.core.StandardEngine - Starting Servlet engine: [Apache Tomcat/10.1.52]
2026-05-15 19:31:23.360 [main] INFO  o.a.c.c.C.[Tomcat].[localhost].[/] - Initializing Spring embedded WebApplicationContext
2026-05-15 19:31:23.362 [main] INFO  o.s.b.w.s.c.ServletWebServerApplicationContext - Root WebApplicationContext: initialization completed in 2169 ms
2026-05-15 19:31:23.668 [main] INFO  o.h.jpa.internal.util.LogHelper - HHH000204: Processing PersistenceUnitInfo [name: default]
2026-05-15 19:31:23.800 [main] INFO  org.hibernate.Version - HHH000412: Hibernate ORM core version 6.6.42.Final
2026-05-15 19:31:23.858 [main] INFO  o.h.c.i.RegionFactoryInitiator - HHH000026: Second-level cache disabled
2026-05-15 19:31:24.254 [main] INFO  o.s.o.j.p.SpringPersistenceUnitInfo - No LoadTimeWeaver setup: ignoring JPA class transformer
2026-05-15 19:31:24.294 [main] INFO  com.zaxxer.hikari.HikariDataSource - HikariPool-1 - Starting...
2026-05-15 19:31:24.677 [main] INFO  com.zaxxer.hikari.pool.HikariPool - HikariPool-1 - Added connection com.mysql.cj.jdbc.ConnectionImpl@4bb9f7d4
2026-05-15 19:31:24.679 [main] INFO  com.zaxxer.hikari.HikariDataSource - HikariPool-1 - Start completed.
2026-05-15 19:31:24.747 [main] WARN  org.hibernate.orm.deprecation - HHH90000025: MySQL8Dialect does not need to be specified explicitly using 'hibernate.dialect' (remove the property setting and it will be selected by default)
2026-05-15 19:31:24.748 [main] WARN  org.hibernate.orm.deprecation - HHH90000026: MySQL8Dialect has been deprecated; use org.hibernate.dialect.MySQLDialect instead
2026-05-15 19:31:24.771 [main] INFO  o.hibernate.orm.connections.pooling - HHH10001005: Database info:
	Database JDBC URL [Connecting through datasource 'HikariDataSource (HikariPool-1)']
	Database driver: undefined/unknown
	Database version: 8.0
	Autocommit mode: undefined/unknown
	Isolation level: undefined/unknown
	Minimum pool size: undefined/unknown
	Maximum pool size: undefined/unknown
2026-05-15 19:31:26.010 [main] INFO  o.h.e.t.j.p.i.JtaPlatformInitiator - HHH000489: No JTA platform available (set 'hibernate.transaction.jta.platform' to enable JTA platform integration)
2026-05-15 19:31:26.171 [main] INFO  o.s.o.j.LocalContainerEntityManagerFactoryBean - Initialized JPA EntityManagerFactory for persistence unit 'default'
2026-05-15 19:31:26.556 [main] INFO  o.s.d.j.r.query.QueryEnhancerFactory - Hibernate is in classpath; If applicable, HQL parser will be used.
2026-05-15 19:31:27.861 [main] WARN  o.s.b.a.o.j.JpaBaseConfiguration$JpaWebConfiguration - spring.jpa.open-in-view is enabled by default. Therefore, database queries may be performed during view rendering. Explicitly configure spring.jpa.open-in-view to disable this warning
2026-05-15 19:31:28.064 [main] WARN  o.s.b.a.s.s.UserDetailsServiceAutoConfiguration - 

Using generated security password: 207d0eea-43bf-4805-a051-7eaf149c6aba

This generated password is for development use only. Your security configuration must be updated before running your application in production.

2026-05-15 19:31:28.074 [main] INFO  o.s.s.c.a.a.c.InitializeUserDetailsBeanManagerConfigurer$InitializeUserDetailsManagerConfigurer - Global AuthenticationManager configured with UserDetailsService bean with name inMemoryUserDetailsManager
2026-05-15 19:31:28.513 [main] INFO  o.a.coyote.http11.Http11NioProtocol - Starting ProtocolHandler ["http-nio-8080"]
2026-05-15 19:31:28.538 [main] INFO  o.s.b.w.e.tomcat.TomcatWebServer - Tomcat started on port 8080 (http) with context path '/'
2026-05-15 19:31:28.551 [main] INFO  c.h.m.HotelManagementApplication - Started HotelManagementApplication in 8.148 seconds (process running for 8.725)
2026-05-15 19:31:28.603 [main] INFO  c.h.m.config.DatabaseMigrationRunner - Database migration completed successfully
2026-05-15 19:31:28.721 [main] INFO  c.h.m.s.PasswordMigrationRunner - Migrated 0 accounts to BCrypt
2026-05-15 19:32:04.056 [http-nio-8080-exec-1] INFO  o.a.c.c.C.[Tomcat].[localhost].[/] - Initializing Spring DispatcherServlet 'dispatcherServlet'
2026-05-15 19:32:04.056 [http-nio-8080-exec-1] INFO  o.s.web.servlet.DispatcherServlet - Initializing Servlet 'dispatcherServlet'
2026-05-15 19:32:04.058 [http-nio-8080-exec-1] INFO  o.s.web.servlet.DispatcherServlet - Completed initialization in 1 ms
2026-05-15 19:32:04.114 [http-nio-8080-exec-1] INFO  c.h.m.config.RequestLoggingFilter - [OPTIONS] /api/v1/auth/login - IP: 0:0:0:0:0:0:0:1 - User: anonymous - 53ms - Status: 200
2026-05-15 19:32:04.333 [http-nio-8080-exec-2] INFO  c.h.m.config.RequestLoggingFilter - [POST] /api/v1/auth/login - IP: 0:0:0:0:0:0:0:1 - User: anonymous - 214ms - Status: 400
2026-05-15 19:33:30.018 [http-nio-8080-exec-3] INFO  c.h.m.config.RequestLoggingFilter - [POST] /api/v1/auth/login - IP: 0:0:0:0:0:0:0:1 - User: anonymous - 3ms - Status: 400
2026-05-15 19:33:33.035 [http-nio-8080-exec-7] WARN  c.h.m.controller.AuthController - Login failed - username: recep1, IP: 0:0:0:0:0:0:0:1, reason: user not found
2026-05-15 19:33:33.043 [http-nio-8080-exec-7] INFO  c.h.m.config.RequestLoggingFilter - [POST] /api/v1/auth/login - IP: 0:0:0:0:0:0:0:1 - User: anonymous - 43ms - Status: 401
2026-05-15 19:33:35.449 [http-nio-8080-exec-5] WARN  c.h.m.controller.AuthController - Login failed - username: recep123, IP: 0:0:0:0:0:0:0:1, reason: user not found
2026-05-15 19:33:35.451 [http-nio-8080-exec-5] INFO  c.h.m.config.RequestLoggingFilter - [POST] /api/v1/auth/login - IP: 0:0:0:0:0:0:0:1 - User: anonymous - 11ms - Status: 401
2026-05-15 19:33:42.804 [http-nio-8080-exec-8] WARN  c.h.m.controller.AuthController - Login failed - username: recep123, IP: 0:0:0:0:0:0:0:1, reason: user not found
2026-05-15 19:33:42.806 [http-nio-8080-exec-8] INFO  c.h.m.config.RequestLoggingFilter - [POST] /api/v1/auth/login - IP: 0:0:0:0:0:0:0:1 - User: anonymous - 13ms - Status: 401
2026-05-15 19:33:56.415 [http-nio-8080-exec-9] WARN  c.h.m.controller.AuthController - Login failed - username: recep001, IP: 0:0:0:0:0:0:0:1, reason: user not found
2026-05-15 19:33:56.416 [http-nio-8080-exec-9] INFO  c.h.m.config.RequestLoggingFilter - [POST] /api/v1/auth/login - IP: 0:0:0:0:0:0:0:1 - User: anonymous - 11ms - Status: 401
2026-05-15 19:34:17.634 [http-nio-8080-exec-6] INFO  c.h.m.controller.AuthController - Login success - username: letan01, IP: 0:0:0:0:0:0:0:1
2026-05-15 19:34:17.717 [http-nio-8080-exec-6] INFO  c.h.m.config.RequestLoggingFilter - [POST] /api/v1/auth/login - IP: 0:0:0:0:0:0:0:1 - User: anonymous - 401ms - Status: 200
2026-05-15 19:34:17.752 [http-nio-8080-exec-10] INFO  c.h.m.config.RequestLoggingFilter - [OPTIONS] /api/v1/bookings - IP: 0:0:0:0:0:0:0:1 - User: anonymous - 2ms - Status: 200
2026-05-15 19:34:17.756 [http-nio-8080-exec-4] INFO  c.h.m.config.RequestLoggingFilter - [OPTIONS] /api/v1/rooms - IP: 0:0:0:0:0:0:0:1 - User: anonymous - 1ms - Status: 200
2026-05-15 19:34:17.758 [http-nio-8080-exec-2] INFO  c.h.m.config.RequestLoggingFilter - [OPTIONS] /api/v1/bookings - IP: 0:0:0:0:0:0:0:1 - User: anonymous - 1ms - Status: 200
2026-05-15 19:34:17.758 [http-nio-8080-exec-3] INFO  c.h.m.config.RequestLoggingFilter - [OPTIONS] /api/v1/bookings - IP: 0:0:0:0:0:0:0:1 - User: anonymous - 1ms - Status: 200
2026-05-15 19:34:17.760 [http-nio-8080-exec-7] INFO  c.h.m.config.RequestLoggingFilter - [OPTIONS] /api/v1/bookings - IP: 0:0:0:0:0:0:0:1 - User: anonymous - 1ms - Status: 200
2026-05-15 19:34:17.872 [http-nio-8080-exec-8] INFO  c.h.m.config.RequestLoggingFilter - [GET] /api/v1/bookings - IP: 0:0:0:0:0:0:0:1 - User: anonymous - 110ms - Status: 200
2026-05-15 19:34:17.872 [http-nio-8080-exec-9] INFO  c.h.m.config.RequestLoggingFilter - [GET] /api/v1/bookings - IP: 0:0:0:0:0:0:0:1 - User: anonymous - 110ms - Status: 200
2026-05-15 19:34:17.872 [http-nio-8080-exec-1] INFO  c.h.m.config.RequestLoggingFilter - [GET] /api/v1/bookings - IP: 0:0:0:0:0:0:0:1 - User: anonymous - 117ms - Status: 200
2026-05-15 19:34:17.887 [http-nio-8080-exec-6] INFO  c.h.m.config.RequestLoggingFilter - [GET] /api/v1/bookings - IP: 0:0:0:0:0:0:0:1 - User: anonymous - 124ms - Status: 200
2026-05-15 19:34:17.894 [http-nio-8080-exec-4] INFO  c.h.m.config.RequestLoggingFilter - [GET] /api/v1/bookings - IP: 0:0:0:0:0:0:0:1 - User: anonymous - 20ms - Status: 200
2026-05-15 19:34:17.894 [http-nio-8080-exec-3] INFO  c.h.m.config.RequestLoggingFilter - [GET] /api/v1/bookings - IP: 0:0:0:0:0:0:0:1 - User: anonymous - 20ms - Status: 200
2026-05-15 19:34:17.894 [http-nio-8080-exec-5] INFO  c.h.m.config.RequestLoggingFilter - [GET] /api/v1/rooms - IP: 0:0:0:0:0:0:0:1 - User: anonymous - 135ms - Status: 200
2026-05-15 19:34:17.894 [http-nio-8080-exec-10] INFO  c.h.m.config.RequestLoggingFilter - [GET] /api/v1/bookings - IP: 0:0:0:0:0:0:0:1 - User: anonymous - 20ms - Status: 200
2026-05-15 19:34:17.916 [http-nio-8080-exec-2] INFO  c.h.m.config.RequestLoggingFilter - [GET] /api/v1/bookings - IP: 0:0:0:0:0:0:0:1 - User: anonymous - 27ms - Status: 200
2026-05-15 19:34:17.924 [http-nio-8080-exec-7] INFO  c.h.m.config.RequestLoggingFilter - [GET] /api/v1/rooms - IP: 0:0:0:0:0:0:0:1 - User: anonymous - 26ms - Status: 200
2026-05-15 19:34:20.962 [http-nio-8080-exec-8] INFO  c.h.m.config.RequestLoggingFilter - [OPTIONS] /api/v1/bookings - IP: 0:0:0:0:0:0:0:1 - User: anonymous - 1ms - Status: 200
2026-05-15 19:34:20.962 [http-nio-8080-exec-9] INFO  c.h.m.config.RequestLoggingFilter - [OPTIONS] /api/v1/rooms - IP: 0:0:0:0:0:0:0:1 - User: anonymous - 1ms - Status: 200
2026-05-15 19:34:20.963 [http-nio-8080-exec-4] INFO  c.h.m.config.RequestLoggingFilter - [OPTIONS] /api/v1/rooms - IP: 0:0:0:0:0:0:0:1 - User: anonymous - 1ms - Status: 200
2026-05-15 19:34:20.963 [http-nio-8080-exec-6] INFO  c.h.m.config.RequestLoggingFilter - [OPTIONS] /api/v1/bookings - IP: 0:0:0:0:0:0:0:1 - User: anonymous - 1ms - Status: 200
2026-05-15 19:34:20.975 [http-nio-8080-exec-1] INFO  c.h.m.config.RequestLoggingFilter - [GET] /api/v1/bookings - IP: 0:0:0:0:0:0:0:1 - User: anonymous - 14ms - Status: 200
2026-05-15 19:34:20.985 [http-nio-8080-exec-5] INFO  c.h.m.config.RequestLoggingFilter - [GET] /api/v1/bookings - IP: 0:0:0:0:0:0:0:1 - User: anonymous - 18ms - Status: 200
2026-05-15 19:34:20.988 [http-nio-8080-exec-3] INFO  c.h.m.config.RequestLoggingFilter - [GET] /api/v1/rooms - IP: 0:0:0:0:0:0:0:1 - User: anonymous - 21ms - Status: 200
2026-05-15 19:34:20.989 [http-nio-8080-exec-10] INFO  c.h.m.config.RequestLoggingFilter - [GET] /api/v1/bookings - IP: 0:0:0:0:0:0:0:1 - User: anonymous - 13ms - Status: 200
2026-05-15 19:34:21.004 [http-nio-8080-exec-2] INFO  c.h.m.config.RequestLoggingFilter - [GET] /api/v1/bookings - IP: 0:0:0:0:0:0:0:1 - User: anonymous - 17ms - Status: 200
2026-05-15 19:34:21.010 [http-nio-8080-exec-7] INFO  c.h.m.config.RequestLoggingFilter - [GET] /api/v1/rooms - IP: 0:0:0:0:0:0:0:1 - User: anonymous - 21ms - Status: 200
2026-05-15 19:34:51.187 [http-nio-8080-exec-9] INFO  c.h.m.config.RequestLoggingFilter - [GET] /api/v1/bookings - IP: 0:0:0:0:0:0:0:1 - User: anonymous - 11ms - Status: 200
2026-05-15 19:35:21.178 [http-nio-8080-exec-4] INFO  c.h.m.config.RequestLoggingFilter - [GET] /api/v1/bookings - IP: 0:0:0:0:0:0:0:1 - User: anonymous - 9ms - Status: 200
2026-05-15 19:35:51.175 [http-nio-8080-exec-3] INFO  c.h.m.config.RequestLoggingFilter - [GET] /api/v1/bookings - IP: 0:0:0:0:0:0:0:1 - User: anonymous - 8ms - Status: 200
2026-05-15 19:36:21.176 [http-nio-8080-exec-2] INFO  c.h.m.config.RequestLoggingFilter - [GET] /api/v1/bookings - IP: 0:0:0:0:0:0:0:1 - User: anonymous - 10ms - Status: 200
2026-05-15 19:36:51.182 [http-nio-8080-exec-7] INFO  c.h.m.config.RequestLoggingFilter - [GET] /api/v1/bookings - IP: 0:0:0:0:0:0:0:1 - User: anonymous - 8ms - Status: 200
2026-05-15 19:37:21.178 [http-nio-8080-exec-9] INFO  c.h.m.config.RequestLoggingFilter - [GET] /api/v1/bookings - IP: 0:0:0:0:0:0:0:1 - User: anonymous - 8ms - Status: 200
2026-05-15 19:37:51.178 [http-nio-8080-exec-8] INFO  c.h.m.config.RequestLoggingFilter - [GET] /api/v1/bookings - IP: 0:0:0:0:0:0:0:1 - User: anonymous - 10ms - Status: 200
2026-05-15 19:38:52.172 [http-nio-8080-exec-6] INFO  c.h.m.config.RequestLoggingFilter - [GET] /api/v1/bookings - IP: 0:0:0:0:0:0:0:1 - User: anonymous - 7ms - Status: 200
2026-05-15 19:39:53.177 [http-nio-8080-exec-10] INFO  c.h.m.config.RequestLoggingFilter - [GET] /api/v1/bookings - IP: 0:0:0:0:0:0:0:1 - User: anonymous - 8ms - Status: 200
2026-05-15 19:40:54.177 [http-nio-8080-exec-3] INFO  c.h.m.config.RequestLoggingFilter - [GET] /api/v1/bookings - IP: 0:0:0:0:0:0:0:1 - User: anonymous - 8ms - Status: 200
2026-05-15 19:41:55.186 [http-nio-8080-exec-7] INFO  c.h.m.config.RequestLoggingFilter - [GET] /api/v1/bookings - IP: 0:0:0:0:0:0:0:1 - User: anonymous - 9ms - Status: 200
2026-05-15 19:42:56.176 [http-nio-8080-exec-8] INFO  c.h.m.config.RequestLoggingFilter - [GET] /api/v1/bookings - IP: 0:0:0:0:0:0:0:1 - User: anonymous - 11ms - Status: 200
2026-05-15 19:43:57.182 [http-nio-8080-exec-6] INFO  c.h.m.config.RequestLoggingFilter - [GET] /api/v1/bookings - IP: 0:0:0:0:0:0:0:1 - User: anonymous - 10ms - Status: 200
2026-05-15 19:44:58.181 [http-nio-8080-exec-10] INFO  c.h.m.config.RequestLoggingFilter - [GET] /api/v1/bookings - IP: 0:0:0:0:0:0:0:1 - User: anonymous - 8ms - Status: 200
2026-05-15 19:45:59.200 [http-nio-8080-exec-3] INFO  c.h.m.config.RequestLoggingFilter - [GET] /api/v1/bookings - IP: 0:0:0:0:0:0:0:1 - User: anonymous - 26ms - Status: 200
2026-05-15 19:46:59.190 [http-nio-8080-exec-2] INFO  c.h.m.config.RequestLoggingFilter - [GET] /api/v1/bookings - IP: 0:0:0:0:0:0:0:1 - User: anonymous - 10ms - Status: 200
2026-05-15 19:47:59.201 [http-nio-8080-exec-7] INFO  c.h.m.config.RequestLoggingFilter - [GET] /api/v1/bookings - IP: 0:0:0:0:0:0:0:1 - User: anonymous - 21ms - Status: 200
2026-05-15 19:48:59.188 [http-nio-8080-exec-9] INFO  c.h.m.config.RequestLoggingFilter - [GET] /api/v1/bookings - IP: 0:0:0:0:0:0:0:1 - User: anonymous - 15ms - Status: 200
2026-05-15 19:49:59.189 [http-nio-8080-exec-8] INFO  c.h.m.config.RequestLoggingFilter - [GET] /api/v1/bookings - IP: 0:0:0:0:0:0:0:1 - User: anonymous - 16ms - Status: 200
2026-05-15 19:50:59.178 [http-nio-8080-exec-4] INFO  c.h.m.config.RequestLoggingFilter - [GET] /api/v1/bookings - IP: 0:0:0:0:0:0:0:1 - User: anonymous - 12ms - Status: 200
2026-05-15 19:51:59.183 [http-nio-8080-exec-6] INFO  c.h.m.config.RequestLoggingFilter - [GET] /api/v1/bookings - IP: 0:0:0:0:0:0:0:1 - User: anonymous - 14ms - Status: 200
2026-05-15 19:52:26.189 [http-nio-8080-exec-1] INFO  c.h.m.config.RequestLoggingFilter - [GET] /api/v1/bookings - IP: 0:0:0:0:0:0:0:1 - User: anonymous - 16ms - Status: 200
2026-05-15 19:52:51.187 [http-nio-8080-exec-10] INFO  c.h.m.config.RequestLoggingFilter - [GET] /api/v1/bookings - IP: 0:0:0:0:0:0:0:1 - User: anonymous - 9ms - Status: 200
2026-05-15 19:53:21.179 [http-nio-8080-exec-5] INFO  c.h.m.config.RequestLoggingFilter - [GET] /api/v1/bookings - IP: 0:0:0:0:0:0:0:1 - User: anonymous - 5ms - Status: 200
2026-05-15 19:53:59.190 [http-nio-8080-exec-3] INFO  c.h.m.config.RequestLoggingFilter - [GET] /api/v1/bookings - IP: 0:0:0:0:0:0:0:1 - User: anonymous - 18ms - Status: 200
2026-05-15 19:54:59.207 [http-nio-8080-exec-2] INFO  c.h.m.config.RequestLoggingFilter - [GET] /api/v1/bookings - IP: 0:0:0:0:0:0:0:1 - User: anonymous - 23ms - Status: 200
2026-05-15 19:55:59.192 [http-nio-8080-exec-7] INFO  c.h.m.config.RequestLoggingFilter - [GET] /api/v1/bookings - IP: 0:0:0:0:0:0:0:1 - User: anonymous - 16ms - Status: 200
2026-05-15 19:56:59.200 [http-nio-8080-exec-9] INFO  c.h.m.config.RequestLoggingFilter - [GET] /api/v1/bookings - IP: 0:0:0:0:0:0:0:1 - User: anonymous - 21ms - Status: 200
2026-05-15 19:57:59.191 [http-nio-8080-exec-8] INFO  c.h.m.config.RequestLoggingFilter - [GET] /api/v1/bookings - IP: 0:0:0:0:0:0:0:1 - User: anonymous - 17ms - Status: 200
2026-05-15 19:58:59.192 [http-nio-8080-exec-4] INFO  c.h.m.config.RequestLoggingFilter - [GET] /api/v1/bookings - IP: 0:0:0:0:0:0:0:1 - User: anonymous - 16ms - Status: 200
2026-05-15 19:59:59.194 [http-nio-8080-exec-6] INFO  c.h.m.config.RequestLoggingFilter - [GET] /api/v1/bookings - IP: 0:0:0:0:0:0:0:1 - User: anonymous - 14ms - Status: 200
2026-05-15 20:00:22.164 [http-nio-8080-exec-1] INFO  c.h.m.config.RequestLoggingFilter - [GET] /api/v1/bookings - IP: 0:0:0:0:0:0:0:1 - User: anonymous - 16ms - Status: 200
2026-05-15 20:00:51.184 [http-nio-8080-exec-10] INFO  c.h.m.config.RequestLoggingFilter - [GET] /api/v1/bookings - IP: 0:0:0:0:0:0:0:1 - User: anonymous - 9ms - Status: 200
2026-05-15 20:01:21.172 [http-nio-8080-exec-5] INFO  c.h.m.config.RequestLoggingFilter - [GET] /api/v1/bookings - IP: 0:0:0:0:0:0:0:1 - User: anonymous - 10ms - Status: 200
2026-05-15 20:01:59.174 [http-nio-8080-exec-2] INFO  c.h.m.config.RequestLoggingFilter - [GET] /api/v1/bookings - IP: 0:0:0:0:0:0:0:1 - User: anonymous - 10ms - Status: 200
2026-05-15 20:02:59.173 [http-nio-8080-exec-7] INFO  c.h.m.config.RequestLoggingFilter - [GET] /api/v1/bookings - IP: 0:0:0:0:0:0:0:1 - User: anonymous - 9ms - Status: 200
2026-05-15 20:03:59.185 [http-nio-8080-exec-9] INFO  c.h.m.config.RequestLoggingFilter - [GET] /api/v1/bookings - IP: 0:0:0:0:0:0:0:1 - User: anonymous - 11ms - Status: 200
2026-05-15 20:04:59.177 [http-nio-8080-exec-8] INFO  c.h.m.config.RequestLoggingFilter - [GET] /api/v1/bookings - IP: 0:0:0:0:0:0:0:1 - User: anonymous - 8ms - Status: 200
2026-05-15 20:05:59.177 [http-nio-8080-exec-6] INFO  c.h.m.config.RequestLoggingFilter - [GET] /api/v1/bookings - IP: 0:0:0:0:0:0:0:1 - User: anonymous - 8ms - Status: 200
2026-05-15 20:06:59.170 [http-nio-8080-exec-1] INFO  c.h.m.config.RequestLoggingFilter - [GET] /api/v1/bookings - IP: 0:0:0:0:0:0:0:1 - User: anonymous - 7ms - Status: 200
2026-05-15 20:07:59.178 [http-nio-8080-exec-10] INFO  c.h.m.config.RequestLoggingFilter - [GET] /api/v1/bookings - IP: 0:0:0:0:0:0:0:1 - User: anonymous - 9ms - Status: 200
2026-05-15 20:08:59.183 [http-nio-8080-exec-3] INFO  c.h.m.config.RequestLoggingFilter - [GET] /api/v1/bookings - IP: 0:0:0:0:0:0:0:1 - User: anonymous - 9ms - Status: 200
2026-05-15 20:09:59.175 [http-nio-8080-exec-2] INFO  c.h.m.config.RequestLoggingFilter - [GET] /api/v1/bookings - IP: 0:0:0:0:0:0:0:1 - User: anonymous - 8ms - Status: 200
2026-05-15 20:10:59.173 [http-nio-8080-exec-9] INFO  c.h.m.config.RequestLoggingFilter - [GET] /api/v1/bookings - IP: 0:0:0:0:0:0:0:1 - User: anonymous - 9ms - Status: 200
2026-05-15 20:11:59.175 [http-nio-8080-exec-4] INFO  c.h.m.config.RequestLoggingFilter - [GET] /api/v1/bookings - IP: 0:0:0:0:0:0:0:1 - User: anonymous - 7ms - Status: 200
2026-05-15 20:12:59.176 [http-nio-8080-exec-1] INFO  c.h.m.config.RequestLoggingFilter - [GET] /api/v1/bookings - IP: 0:0:0:0:0:0:0:1 - User: anonymous - 9ms - Status: 200
2026-05-15 20:13:59.182 [http-nio-8080-exec-5] INFO  c.h.m.config.RequestLoggingFilter - [GET] /api/v1/bookings - IP: 0:0:0:0:0:0:0:1 - User: anonymous - 10ms - Status: 200
2026-05-15 20:14:59.180 [http-nio-8080-exec-3] INFO  c.h.m.config.RequestLoggingFilter - [GET] /api/v1/bookings - IP: 0:0:0:0:0:0:0:1 - User: anonymous - 15ms - Status: 200
2026-05-15 20:15:59.180 [http-nio-8080-exec-2] INFO  c.h.m.config.RequestLoggingFilter - [GET] /api/v1/bookings - IP: 0:0:0:0:0:0:0:1 - User: anonymous - 12ms - Status: 200
2026-05-15 20:16:59.182 [http-nio-8080-exec-9] INFO  c.h.m.config.RequestLoggingFilter - [GET] /api/v1/bookings - IP: 0:0:0:0:0:0:0:1 - User: anonymous - 8ms - Status: 200
2026-05-15 20:17:59.192 [http-nio-8080-exec-4] INFO  c.h.m.config.RequestLoggingFilter - [GET] /api/v1/bookings - IP: 0:0:0:0:0:0:0:1 - User: anonymous - 13ms - Status: 200
2026-05-15 20:18:59.195 [http-nio-8080-exec-6] INFO  c.h.m.config.RequestLoggingFilter - [GET] /api/v1/bookings - IP: 0:0:0:0:0:0:0:1 - User: anonymous - 18ms - Status: 200
2026-05-15 20:19:59.194 [http-nio-8080-exec-10] INFO  c.h.m.config.RequestLoggingFilter - [GET] /api/v1/bookings - IP: 0:0:0:0:0:0:0:1 - User: anonymous - 17ms - Status: 200
2026-05-15 20:20:59.193 [http-nio-8080-exec-5] INFO  c.h.m.config.RequestLoggingFilter - [GET] /api/v1/bookings - IP: 0:0:0:0:0:0:0:1 - User: anonymous - 18ms - Status: 200
2026-05-15 20:21:59.195 [http-nio-8080-exec-3] INFO  c.h.m.config.RequestLoggingFilter - [GET] /api/v1/bookings - IP: 0:0:0:0:0:0:0:1 - User: anonymous - 19ms - Status: 200
2026-05-15 20:22:59.180 [http-nio-8080-exec-7] INFO  c.h.m.config.RequestLoggingFilter - [GET] /api/v1/bookings - IP: 0:0:0:0:0:0:0:1 - User: anonymous - 13ms - Status: 200
2026-05-15 20:23:59.196 [http-nio-8080-exec-9] INFO  c.h.m.config.RequestLoggingFilter - [GET] /api/v1/bookings - IP: 0:0:0:0:0:0:0:1 - User: anonymous - 19ms - Status: 200
2026-05-15 20:24:59.179 [http-nio-8080-exec-8] INFO  c.h.m.config.RequestLoggingFilter - [GET] /api/v1/bookings - IP: 0:0:0:0:0:0:0:1 - User: anonymous - 13ms - Status: 200
2026-05-15 20:25:59.181 [http-nio-8080-exec-6] INFO  c.h.m.config.RequestLoggingFilter - [GET] /api/v1/bookings - IP: 0:0:0:0:0:0:0:1 - User: anonymous - 12ms - Status: 200
2026-05-15 20:26:59.182 [http-nio-8080-exec-1] INFO  c.h.m.config.RequestLoggingFilter - [GET] /api/v1/bookings - IP: 0:0:0:0:0:0:0:1 - User: anonymous - 7ms - Status: 200
2026-05-15 20:27:59.173 [http-nio-8080-exec-10] INFO  c.h.m.config.RequestLoggingFilter - [GET] /api/v1/bookings - IP: 0:0:0:0:0:0:0:1 - User: anonymous - 9ms - Status: 200
2026-05-15 20:28:59.175 [http-nio-8080-exec-3] INFO  c.h.m.config.RequestLoggingFilter - [GET] /api/v1/bookings - IP: 0:0:0:0:0:0:0:1 - User: anonymous - 11ms - Status: 200
2026-05-15 20:29:59.174 [http-nio-8080-exec-7] INFO  c.h.m.config.RequestLoggingFilter - [GET] /api/v1/bookings - IP: 0:0:0:0:0:0:0:1 - User: anonymous - 9ms - Status: 200
2026-05-15 20:30:59.176 [http-nio-8080-exec-8] INFO  c.h.m.config.RequestLoggingFilter - [GET] /api/v1/bookings - IP: 0:0:0:0:0:0:0:1 - User: anonymous - 11ms - Status: 200
2026-05-15 20:31:59.374 [http-nio-8080-exec-6] INFO  c.h.m.config.RequestLoggingFilter - [GET] /api/v1/bookings - IP: 0:0:0:0:0:0:0:1 - User: anonymous - 9ms - Status: 200
2026-05-15 20:32:47.107 [http-nio-8080-exec-10] INFO  c.h.m.config.RequestLoggingFilter - [GET] /api/v1/bookings - IP: 0:0:0:0:0:0:0:1 - User: anonymous - 15ms - Status: 200
2026-05-15 20:32:51.170 [http-nio-8080-exec-5] INFO  c.h.m.config.RequestLoggingFilter - [GET] /api/v1/bookings - IP: 0:0:0:0:0:0:0:1 - User: anonymous - 8ms - Status: 200
2026-05-15 20:33:21.171 [http-nio-8080-exec-3] INFO  c.h.m.config.RequestLoggingFilter - [GET] /api/v1/bookings - IP: 0:0:0:0:0:0:0:1 - User: anonymous - 7ms - Status: 200
2026-05-15 20:33:59.178 [http-nio-8080-exec-7] INFO  c.h.m.config.RequestLoggingFilter - [GET] /api/v1/bookings - IP: 0:0:0:0:0:0:0:1 - User: anonymous - 13ms - Status: 200
2026-05-15 20:34:59.164 [http-nio-8080-exec-8] INFO  c.h.m.config.RequestLoggingFilter - [OPTIONS] /api/v1/bookings - IP: 0:0:0:0:0:0:0:1 - User: anonymous - 1ms - Status: 200
2026-05-15 20:34:59.175 [http-nio-8080-exec-4] INFO  c.h.m.config.RequestLoggingFilter - [GET] /api/v1/bookings - IP: 0:0:0:0:0:0:0:1 - User: anonymous - 10ms - Status: 200
2026-05-15 20:35:59.173 [http-nio-8080-exec-1] INFO  c.h.m.config.RequestLoggingFilter - [GET] /api/v1/bookings - IP: 0:0:0:0:0:0:0:1 - User: anonymous - 8ms - Status: 200
2026-05-15 20:36:59.174 [http-nio-8080-exec-10] INFO  c.h.m.config.RequestLoggingFilter - [GET] /api/v1/bookings - IP: 0:0:0:0:0:0:0:1 - User: anonymous - 11ms - Status: 200
2026-05-15 20:37:43.797 [http-nio-8080-exec-3] INFO  c.h.m.config.RequestLoggingFilter - [GET] /api/v1/bookings - IP: 0:0:0:0:0:0:0:1 - User: anonymous - 11ms - Status: 200
2026-05-15 20:37:51.172 [http-nio-8080-exec-2] INFO  c.h.m.config.RequestLoggingFilter - [GET] /api/v1/bookings - IP: 0:0:0:0:0:0:0:1 - User: anonymous - 8ms - Status: 200
2026-05-15 20:38:21.170 [http-nio-8080-exec-7] INFO  c.h.m.config.RequestLoggingFilter - [GET] /api/v1/bookings - IP: 0:0:0:0:0:0:0:1 - User: anonymous - 7ms - Status: 200
2026-05-15 20:38:59.172 [http-nio-8080-exec-8] INFO  c.h.m.config.RequestLoggingFilter - [GET] /api/v1/bookings - IP: 0:0:0:0:0:0:0:1 - User: anonymous - 8ms - Status: 200
2026-05-15 20:39:59.176 [http-nio-8080-exec-4] INFO  c.h.m.config.RequestLoggingFilter - [GET] /api/v1/bookings - IP: 0:0:0:0:0:0:0:1 - User: anonymous - 11ms - Status: 200
2026-05-15 20:40:59.173 [http-nio-8080-exec-6] INFO  c.h.m.config.RequestLoggingFilter - [GET] /api/v1/bookings - IP: 0:0:0:0:0:0:0:1 - User: anonymous - 9ms - Status: 200
2026-05-15 20:41:59.174 [http-nio-8080-exec-10] INFO  c.h.m.config.RequestLoggingFilter - [GET] /api/v1/bookings - IP: 0:0:0:0:0:0:0:1 - User: anonymous - 10ms - Status: 200
2026-05-15 20:42:59.176 [http-nio-8080-exec-5] INFO  c.h.m.config.RequestLoggingFilter - [GET] /api/v1/bookings - IP: 0:0:0:0:0:0:0:1 - User: anonymous - 13ms - Status: 200
2026-05-15 20:43:59.174 [http-nio-8080-exec-3] INFO  c.h.m.config.RequestLoggingFilter - [GET] /api/v1/bookings - IP: 0:0:0:0:0:0:0:1 - User: anonymous - 11ms - Status: 200
2026-05-15 20:44:59.173 [http-nio-8080-exec-2] INFO  c.h.m.config.RequestLoggingFilter - [GET] /api/v1/bookings - IP: 0:0:0:0:0:0:0:1 - User: anonymous - 10ms - Status: 200
2026-05-15 20:45:59.172 [http-nio-8080-exec-7] INFO  c.h.m.config.RequestLoggingFilter - [GET] /api/v1/bookings - IP: 0:0:0:0:0:0:0:1 - User: anonymous - 9ms - Status: 200
2026-05-15 20:46:59.171 [http-nio-8080-exec-9] INFO  c.h.m.config.RequestLoggingFilter - [GET] /api/v1/bookings - IP: 0:0:0:0:0:0:0:1 - User: anonymous - 8ms - Status: 200
2026-05-15 20:47:59.173 [http-nio-8080-exec-8] INFO  c.h.m.config.RequestLoggingFilter - [GET] /api/v1/bookings - IP: 0:0:0:0:0:0:0:1 - User: anonymous - 10ms - Status: 200
2026-05-15 20:48:59.174 [http-nio-8080-exec-4] INFO  c.h.m.config.RequestLoggingFilter - [GET] /api/v1/bookings - IP: 0:0:0:0:0:0:0:1 - User: anonymous - 11ms - Status: 200
2026-05-15 20:49:59.170 [http-nio-8080-exec-6] INFO  c.h.m.config.RequestLoggingFilter - [GET] /api/v1/bookings - IP: 0:0:0:0:0:0:0:1 - User: anonymous - 8ms - Status: 200
2026-05-15 20:50:59.172 [http-nio-8080-exec-1] INFO  c.h.m.config.RequestLoggingFilter - [GET] /api/v1/bookings - IP: 0:0:0:0:0:0:0:1 - User: anonymous - 9ms - Status: 200
2026-05-15 20:51:59.172 [http-nio-8080-exec-10] INFO  c.h.m.config.RequestLoggingFilter - [GET] /api/v1/bookings - IP: 0:0:0:0:0:0:0:1 - User: anonymous - 9ms - Status: 200
2026-05-15 20:52:59.176 [http-nio-8080-exec-5] INFO  c.h.m.config.RequestLoggingFilter - [GET] /api/v1/bookings - IP: 0:0:0:0:0:0:0:1 - User: anonymous - 13ms - Status: 200
2026-05-15 20:53:59.171 [http-nio-8080-exec-3] INFO  c.h.m.config.RequestLoggingFilter - [GET] /api/v1/bookings - IP: 0:0:0:0:0:0:0:1 - User: anonymous - 8ms - Status: 200
2026-05-15 20:54:59.172 [http-nio-8080-exec-2] INFO  c.h.m.config.RequestLoggingFilter - [GET] /api/v1/bookings - IP: 0:0:0:0:0:0:0:1 - User: anonymous - 9ms - Status: 200
2026-05-15 20:55:59.170 [http-nio-8080-exec-7] INFO  c.h.m.config.RequestLoggingFilter - [GET] /api/v1/bookings - IP: 0:0:0:0:0:0:0:1 - User: anonymous - 7ms - Status: 200
2026-05-15 20:56:59.176 [http-nio-8080-exec-9] INFO  c.h.m.config.RequestLoggingFilter - [GET] /api/v1/bookings - IP: 0:0:0:0:0:0:0:1 - User: anonymous - 13ms - Status: 200
2026-05-15 20:57:59.173 [http-nio-8080-exec-8] INFO  c.h.m.config.RequestLoggingFilter - [GET] /api/v1/bookings - IP: 0:0:0:0:0:0:0:1 - User: anonymous - 10ms - Status: 200
2026-05-15 20:58:59.171 [http-nio-8080-exec-4] INFO  c.h.m.config.RequestLoggingFilter - [GET] /api/v1/bookings - IP: 0:0:0:0:0:0:0:1 - User: anonymous - 8ms - Status: 200
2026-05-15 20:59:59.173 [http-nio-8080-exec-6] INFO  c.h.m.config.RequestLoggingFilter - [GET] /api/v1/bookings - IP: 0:0:0:0:0:0:0:1 - User: anonymous - 10ms - Status: 200
2026-05-15 21:00:59.173 [http-nio-8080-exec-1] INFO  c.h.m.config.RequestLoggingFilter - [GET] /api/v1/bookings - IP: 0:0:0:0:0:0:0:1 - User: anonymous - 9ms - Status: 200
2026-05-15 21:01:59.172 [http-nio-8080-exec-5] INFO  c.h.m.config.RequestLoggingFilter - [GET] /api/v1/bookings - IP: 0:0:0:0:0:0:0:1 - User: anonymous - 8ms - Status: 200
2026-05-15 21:02:59.171 [http-nio-8080-exec-3] INFO  c.h.m.config.RequestLoggingFilter - [GET] /api/v1/bookings - IP: 0:0:0:0:0:0:0:1 - User: anonymous - 7ms - Status: 200
2026-05-15 21:03:21.176 [http-nio-8080-exec-2] INFO  c.h.m.config.RequestLoggingFilter - [GET] /api/v1/bookings - IP: 0:0:0:0:0:0:0:1 - User: anonymous - 12ms - Status: 200
2026-05-15 21:03:51.171 [http-nio-8080-exec-7] INFO  c.h.m.config.RequestLoggingFilter - [GET] /api/v1/bookings - IP: 0:0:0:0:0:0:0:1 - User: anonymous - 8ms - Status: 200
2026-05-15 21:04:59.172 [http-nio-8080-exec-8] INFO  c.h.m.config.RequestLoggingFilter - [GET] /api/v1/bookings - IP: 0:0:0:0:0:0:0:1 - User: anonymous - 8ms - Status: 200
2026-05-15 21:05:59.173 [http-nio-8080-exec-4] INFO  c.h.m.config.RequestLoggingFilter - [GET] /api/v1/bookings - IP: 0:0:0:0:0:0:0:1 - User: anonymous - 10ms - Status: 200
2026-05-15 21:06:59.172 [http-nio-8080-exec-6] INFO  c.h.m.config.RequestLoggingFilter - [GET] /api/v1/bookings - IP: 0:0:0:0:0:0:0:1 - User: anonymous - 8ms - Status: 200
2026-05-15 21:07:59.174 [http-nio-8080-exec-1] INFO  c.h.m.config.RequestLoggingFilter - [GET] /api/v1/bookings - IP: 0:0:0:0:0:0:0:1 - User: anonymous - 9ms - Status: 200
2026-05-15 21:08:59.171 [http-nio-8080-exec-10] INFO  c.h.m.config.RequestLoggingFilter - [GET] /api/v1/bookings - IP: 0:0:0:0:0:0:0:1 - User: anonymous - 8ms - Status: 200
2026-05-15 21:09:59.175 [http-nio-8080-exec-5] INFO  c.h.m.config.RequestLoggingFilter - [GET] /api/v1/bookings - IP: 0:0:0:0:0:0:0:1 - User: anonymous - 12ms - Status: 200
2026-05-15 21:10:59.171 [http-nio-8080-exec-3] INFO  c.h.m.config.RequestLoggingFilter - [GET] /api/v1/bookings - IP: 0:0:0:0:0:0:0:1 - User: anonymous - 8ms - Status: 200
2026-05-15 21:11:59.171 [http-nio-8080-exec-2] INFO  c.h.m.config.RequestLoggingFilter - [GET] /api/v1/bookings - IP: 0:0:0:0:0:0:0:1 - User: anonymous - 7ms - Status: 200
2026-05-15 21:12:59.175 [http-nio-8080-exec-7] INFO  c.h.m.config.RequestLoggingFilter - [GET] /api/v1/bookings - IP: 0:0:0:0:0:0:0:1 - User: anonymous - 11ms - Status: 200
2026-05-15 21:13:59.170 [http-nio-8080-exec-9] INFO  c.h.m.config.RequestLoggingFilter - [GET] /api/v1/bookings - IP: 0:0:0:0:0:0:0:1 - User: anonymous - 7ms - Status: 200
2026-05-15 21:14:59.171 [http-nio-8080-exec-8] INFO  c.h.m.config.RequestLoggingFilter - [GET] /api/v1/bookings - IP: 0:0:0:0:0:0:0:1 - User: anonymous - 8ms - Status: 200
2026-05-15 21:15:59.171 [http-nio-8080-exec-4] INFO  c.h.m.config.RequestLoggingFilter - [GET] /api/v1/bookings - IP: 0:0:0:0:0:0:0:1 - User: anonymous - 8ms - Status: 200
2026-05-15 21:16:59.172 [http-nio-8080-exec-6] INFO  c.h.m.config.RequestLoggingFilter - [GET] /api/v1/bookings - IP: 0:0:0:0:0:0:0:1 - User: anonymous - 8ms - Status: 200
2026-05-15 21:17:59.172 [http-nio-8080-exec-1] INFO  c.h.m.config.RequestLoggingFilter - [GET] /api/v1/bookings - IP: 0:0:0:0:0:0:0:1 - User: anonymous - 10ms - Status: 200
2026-05-15 21:18:59.172 [http-nio-8080-exec-10] INFO  c.h.m.config.RequestLoggingFilter - [GET] /api/v1/bookings - IP: 0:0:0:0:0:0:0:1 - User: anonymous - 9ms - Status: 200
2026-05-15 21:19:59.177 [http-nio-8080-exec-5] INFO  c.h.m.config.RequestLoggingFilter - [GET] /api/v1/bookings - IP: 0:0:0:0:0:0:0:1 - User: anonymous - 14ms - Status: 200
2026-05-15 21:20:59.174 [http-nio-8080-exec-3] INFO  c.h.m.config.RequestLoggingFilter - [GET] /api/v1/bookings - IP: 0:0:0:0:0:0:0:1 - User: anonymous - 10ms - Status: 200
2026-05-15 21:21:59.171 [http-nio-8080-exec-2] INFO  c.h.m.config.RequestLoggingFilter - [GET] /api/v1/bookings - IP: 0:0:0:0:0:0:0:1 - User: anonymous - 8ms - Status: 200
2026-05-15 21:22:59.173 [http-nio-8080-exec-7] INFO  c.h.m.config.RequestLoggingFilter - [GET] /api/v1/bookings - IP: 0:0:0:0:0:0:0:1 - User: anonymous - 10ms - Status: 200
2026-05-15 21:23:59.169 [http-nio-8080-exec-9] INFO  c.h.m.config.RequestLoggingFilter - [GET] /api/v1/bookings - IP: 0:0:0:0:0:0:0:1 - User: anonymous - 6ms - Status: 200
2026-05-15 21:24:59.170 [http-nio-8080-exec-8] INFO  c.h.m.config.RequestLoggingFilter - [GET] /api/v1/bookings - IP: 0:0:0:0:0:0:0:1 - User: anonymous - 7ms - Status: 200
2026-05-15 21:25:59.172 [http-nio-8080-exec-4] INFO  c.h.m.config.RequestLoggingFilter - [GET] /api/v1/bookings - IP: 0:0:0:0:0:0:0:1 - User: anonymous - 9ms - Status: 200
2026-05-15 21:26:59.212 [http-nio-8080-exec-6] INFO  c.h.m.config.RequestLoggingFilter - [GET] /api/v1/bookings - IP: 0:0:0:0:0:0:0:1 - User: anonymous - 47ms - Status: 200
2026-05-15 21:27:59.179 [http-nio-8080-exec-1] INFO  c.h.m.config.RequestLoggingFilter - [GET] /api/v1/bookings - IP: 0:0:0:0:0:0:0:1 - User: anonymous - 15ms - Status: 200
2026-05-15 21:28:59.184 [http-nio-8080-exec-10] INFO  c.h.m.config.RequestLoggingFilter - [GET] /api/v1/bookings - IP: 0:0:0:0:0:0:0:1 - User: anonymous - 21ms - Status: 200
2026-05-15 21:29:59.182 [http-nio-8080-exec-5] INFO  c.h.m.config.RequestLoggingFilter - [GET] /api/v1/bookings - IP: 0:0:0:0:0:0:0:1 - User: anonymous - 19ms - Status: 200
2026-05-15 21:30:59.175 [http-nio-8080-exec-3] INFO  c.h.m.config.RequestLoggingFilter - [GET] /api/v1/bookings - IP: 0:0:0:0:0:0:0:1 - User: anonymous - 11ms - Status: 200
2026-05-15 21:31:59.178 [http-nio-8080-exec-7] INFO  c.h.m.config.RequestLoggingFilter - [GET] /api/v1/bookings - IP: 0:0:0:0:0:0:0:1 - User: anonymous - 14ms - Status: 200
2026-05-15 21:32:59.175 [http-nio-8080-exec-9] INFO  c.h.m.config.RequestLoggingFilter - [GET] /api/v1/bookings - IP: 0:0:0:0:0:0:0:1 - User: anonymous - 12ms - Status: 200
2026-05-15 21:33:59.180 [http-nio-8080-exec-8] INFO  c.h.m.config.RequestLoggingFilter - [GET] /api/v1/bookings - IP: 0:0:0:0:0:0:0:1 - User: anonymous - 17ms - Status: 200
2026-05-15 21:34:59.177 [http-nio-8080-exec-4] INFO  c.h.m.config.RequestLoggingFilter - [GET] /api/v1/bookings - IP: 0:0:0:0:0:0:0:1 - User: anonymous - 14ms - Status: 200
2026-05-15 21:35:59.164 [http-nio-8080-exec-6] INFO  c.h.m.config.RequestLoggingFilter - [OPTIONS] /api/v1/bookings - IP: 0:0:0:0:0:0:0:1 - User: anonymous - 1ms - Status: 200
2026-05-15 21:35:59.180 [http-nio-8080-exec-1] INFO  c.h.m.config.RequestLoggingFilter - [GET] /api/v1/bookings - IP: 0:0:0:0:0:0:0:1 - User: anonymous - 14ms - Status: 200
2026-05-15 21:36:59.176 [http-nio-8080-exec-10] INFO  c.h.m.config.RequestLoggingFilter - [GET] /api/v1/bookings - IP: 0:0:0:0:0:0:0:1 - User: anonymous - 13ms - Status: 200
2026-05-15 21:37:59.185 [http-nio-8080-exec-5] INFO  c.h.m.config.RequestLoggingFilter - [GET] /api/v1/bookings - IP: 0:0:0:0:0:0:0:1 - User: anonymous - 21ms - Status: 200
2026-05-15 21:38:59.177 [http-nio-8080-exec-3] INFO  c.h.m.config.RequestLoggingFilter - [GET] /api/v1/bookings - IP: 0:0:0:0:0:0:0:1 - User: anonymous - 14ms - Status: 200
2026-05-15 21:39:59.176 [http-nio-8080-exec-2] INFO  c.h.m.config.RequestLoggingFilter - [GET] /api/v1/bookings - IP: 0:0:0:0:0:0:0:1 - User: anonymous - 13ms - Status: 200
2026-05-15 21:40:19.271 [SpringApplicationShutdownHook] INFO  o.s.b.w.e.tomcat.GracefulShutdown - Commencing graceful shutdown. Waiting for active requests to complete
2026-05-15 21:40:19.409 [tomcat-shutdown] INFO  o.s.b.w.e.tomcat.GracefulShutdown - Graceful shutdown complete
2026-05-15 21:40:19.420 [SpringApplicationShutdownHook] INFO  o.s.o.j.LocalContainerEntityManagerFactoryBean - Closing JPA EntityManagerFactory for persistence unit 'default'
2026-05-15 21:40:19.429 [SpringApplicationShutdownHook] INFO  com.zaxxer.hikari.HikariDataSource - HikariPool-1 - Shutdown initiated...
2026-05-15 21:40:19.437 [SpringApplicationShutdownHook] INFO  com.zaxxer.hikari.HikariDataSource - HikariPool-1 - Shutdown completed.
2026-05-15 21:41:12.452 [background-preinit] INFO  o.h.validator.internal.util.Version - HV000001: Hibernate Validator 8.0.3.Final
2026-05-15 21:41:12.537 [main] INFO  c.h.m.HotelManagementApplication - Starting HotelManagementApplication using Java 17.0.18 with PID 15132 (C:\Users\quang\Documents\datn\Phanla\hotel-managent\hotel-management\target\classes started by quang in C:\Users\quang\Documents\datn\Phanla\hotel-managent\hotel-management)
2026-05-15 21:41:12.538 [main] INFO  c.h.m.HotelManagementApplication - No active profile set, falling back to 1 default profile: "default"
2026-05-15 21:41:13.909 [main] INFO  o.s.d.r.c.RepositoryConfigurationDelegate - Bootstrapping Spring Data JPA repositories in DEFAULT mode.
2026-05-15 21:41:14.091 [main] INFO  o.s.d.r.c.RepositoryConfigurationDelegate - Finished Spring Data repository scanning in 157 ms. Found 7 JPA repository interfaces.
2026-05-15 21:41:14.972 [main] INFO  o.s.b.w.e.tomcat.TomcatWebServer - Tomcat initialized with port 8080 (http)
2026-05-15 21:41:14.991 [main] INFO  o.a.coyote.http11.Http11NioProtocol - Initializing ProtocolHandler ["http-nio-8080"]
2026-05-15 21:41:14.996 [main] INFO  o.a.catalina.core.StandardService - Starting service [Tomcat]
2026-05-15 21:41:14.997 [main] INFO  o.a.catalina.core.StandardEngine - Starting Servlet engine: [Apache Tomcat/10.1.52]
2026-05-15 21:41:15.113 [main] INFO  o.a.c.c.C.[Tomcat].[localhost].[/] - Initializing Spring embedded WebApplicationContext
2026-05-15 21:41:15.115 [main] INFO  o.s.b.w.s.c.ServletWebServerApplicationContext - Root WebApplicationContext: initialization completed in 2523 ms
2026-05-15 21:41:15.397 [main] INFO  o.h.jpa.internal.util.LogHelper - HHH000204: Processing PersistenceUnitInfo [name: default]
2026-05-15 21:41:15.502 [main] INFO  org.hibernate.Version - HHH000412: Hibernate ORM core version 6.6.42.Final
2026-05-15 21:41:15.568 [main] INFO  o.h.c.i.RegionFactoryInitiator - HHH000026: Second-level cache disabled
2026-05-15 21:41:15.904 [main] INFO  o.s.o.j.p.SpringPersistenceUnitInfo - No LoadTimeWeaver setup: ignoring JPA class transformer
2026-05-15 21:41:15.946 [main] INFO  com.zaxxer.hikari.HikariDataSource - HikariPool-1 - Starting...
2026-05-15 21:41:16.339 [main] INFO  com.zaxxer.hikari.pool.HikariPool - HikariPool-1 - Added connection com.mysql.cj.jdbc.ConnectionImpl@673a9db4
2026-05-15 21:41:16.341 [main] INFO  com.zaxxer.hikari.HikariDataSource - HikariPool-1 - Start completed.
2026-05-15 21:41:16.404 [main] WARN  org.hibernate.orm.deprecation - HHH90000025: MySQL8Dialect does not need to be specified explicitly using 'hibernate.dialect' (remove the property setting and it will be selected by default)
2026-05-15 21:41:16.407 [main] WARN  org.hibernate.orm.deprecation - HHH90000026: MySQL8Dialect has been deprecated; use org.hibernate.dialect.MySQLDialect instead
2026-05-15 21:41:16.440 [main] INFO  o.hibernate.orm.connections.pooling - HHH10001005: Database info:
	Database JDBC URL [Connecting through datasource 'HikariDataSource (HikariPool-1)']
	Database driver: undefined/unknown
	Database version: 8.0
	Autocommit mode: undefined/unknown
	Isolation level: undefined/unknown
	Minimum pool size: undefined/unknown
	Maximum pool size: undefined/unknown
2026-05-15 21:41:17.927 [main] INFO  o.h.e.t.j.p.i.JtaPlatformInitiator - HHH000489: No JTA platform available (set 'hibernate.transaction.jta.platform' to enable JTA platform integration)
2026-05-15 21:41:18.068 [main] INFO  o.s.o.j.LocalContainerEntityManagerFactoryBean - Initialized JPA EntityManagerFactory for persistence unit 'default'
2026-05-15 21:41:18.378 [main] INFO  o.s.d.j.r.query.QueryEnhancerFactory - Hibernate is in classpath; If applicable, HQL parser will be used.
2026-05-15 21:41:20.088 [main] WARN  o.s.b.a.o.j.JpaBaseConfiguration$JpaWebConfiguration - spring.jpa.open-in-view is enabled by default. Therefore, database queries may be performed during view rendering. Explicitly configure spring.jpa.open-in-view to disable this warning
2026-05-15 21:41:20.362 [main] WARN  o.s.b.a.s.s.UserDetailsServiceAutoConfiguration - 

Using generated security password: c64374c6-53d8-4844-b2f4-b5fcc8c3e256

This generated password is for development use only. Your security configuration must be updated before running your application in production.

2026-05-15 21:41:20.380 [main] INFO  o.s.s.c.a.a.c.InitializeUserDetailsBeanManagerConfigurer$InitializeUserDetailsManagerConfigurer - Global AuthenticationManager configured with UserDetailsService bean with name inMemoryUserDetailsManager
2026-05-15 21:41:20.871 [main] INFO  o.a.coyote.http11.Http11NioProtocol - Starting ProtocolHandler ["http-nio-8080"]
2026-05-15 21:41:20.911 [main] INFO  o.s.b.w.e.tomcat.TomcatWebServer - Tomcat started on port 8080 (http) with context path '/'
2026-05-15 21:41:20.925 [main] INFO  c.h.m.HotelManagementApplication - Started HotelManagementApplication in 9.047 seconds (process running for 9.49)
2026-05-15 21:41:21.074 [main] INFO  c.h.m.s.PasswordMigrationRunner - Migrated 0 accounts to BCrypt
2026-05-15 21:41:21.134 [main] INFO  c.h.m.config.DatabaseMigrationRunner - Database migration completed successfully
2026-05-15 21:41:59.234 [http-nio-8080-exec-1] INFO  o.a.c.c.C.[Tomcat].[localhost].[/] - Initializing Spring DispatcherServlet 'dispatcherServlet'
2026-05-15 21:41:59.235 [http-nio-8080-exec-1] INFO  o.s.web.servlet.DispatcherServlet - Initializing Servlet 'dispatcherServlet'
2026-05-15 21:41:59.236 [http-nio-8080-exec-1] INFO  o.s.web.servlet.DispatcherServlet - Completed initialization in 1 ms
2026-05-15 21:41:59.542 [http-nio-8080-exec-1] INFO  c.h.m.config.RequestLoggingFilter - [GET] /api/v1/bookings - IP: 0:0:0:0:0:0:0:1 - User: anonymous - 303ms - Status: 200
2026-05-15 21:42:24.155 [http-nio-8080-exec-2] INFO  c.h.m.config.RequestLoggingFilter - [GET] /api/v1/bookings - IP: 0:0:0:0:0:0:0:1 - User: anonymous - 32ms - Status: 200
2026-05-15 21:42:25.196 [http-nio-8080-exec-5] INFO  c.h.m.config.RequestLoggingFilter - [OPTIONS] /api/v1/bookings - IP: 0:0:0:0:0:0:0:1 - User: anonymous - 2ms - Status: 200
2026-05-15 21:42:25.196 [http-nio-8080-exec-4] INFO  c.h.m.config.RequestLoggingFilter - [OPTIONS] /api/v1/rooms - IP: 0:0:0:0:0:0:0:1 - User: anonymous - 1ms - Status: 200
2026-05-15 21:42:25.199 [http-nio-8080-exec-6] INFO  c.h.m.config.RequestLoggingFilter - [OPTIONS] /api/v1/bookings - IP: 0:0:0:0:0:0:0:1 - User: anonymous - 2ms - Status: 200
2026-05-15 21:42:25.199 [http-nio-8080-exec-7] INFO  c.h.m.config.RequestLoggingFilter - [OPTIONS] /api/v1/rooms - IP: 0:0:0:0:0:0:0:1 - User: anonymous - 2ms - Status: 200
2026-05-15 21:42:25.224 [http-nio-8080-exec-3] INFO  c.h.m.config.RequestLoggingFilter - [GET] /api/v1/bookings - IP: 0:0:0:0:0:0:0:1 - User: anonymous - 33ms - Status: 200
2026-05-15 21:42:25.253 [http-nio-8080-exec-9] INFO  c.h.m.config.RequestLoggingFilter - [GET] /api/v1/rooms - IP: 0:0:0:0:0:0:0:1 - User: anonymous - 49ms - Status: 200
2026-05-15 21:42:25.255 [http-nio-8080-exec-10] INFO  c.h.m.config.RequestLoggingFilter - [GET] /api/v1/bookings - IP: 0:0:0:0:0:0:0:1 - User: anonymous - 29ms - Status: 200
2026-05-15 21:42:25.281 [http-nio-8080-exec-1] INFO  c.h.m.config.RequestLoggingFilter - [GET] /api/v1/rooms - IP: 0:0:0:0:0:0:0:1 - User: anonymous - 27ms - Status: 200
2026-05-15 21:42:25.306 [http-nio-8080-exec-7] INFO  c.h.m.config.RequestLoggingFilter - [GET] /api/v1/bookings - IP: 0:0:0:0:0:0:0:1 - User: anonymous - 105ms - Status: 200
2026-05-15 21:42:25.386 [http-nio-8080-exec-2] INFO  c.h.m.config.RequestLoggingFilter - [GET] /api/v1/bookings - IP: 0:0:0:0:0:0:0:1 - User: anonymous - 80ms - Status: 200
2026-05-15 21:42:27.327 [http-nio-8080-exec-4] INFO  c.h.m.config.RequestLoggingFilter - [OPTIONS] /api/v1/invoices - IP: 0:0:0:0:0:0:0:1 - User: anonymous - 0ms - Status: 200
2026-05-15 21:42:27.327 [http-nio-8080-exec-5] INFO  c.h.m.config.RequestLoggingFilter - [OPTIONS] /api/v1/invoices - IP: 0:0:0:0:0:0:0:1 - User: anonymous - 1ms - Status: 200
2026-05-15 21:42:27.354 [http-nio-8080-exec-6] INFO  c.h.m.config.RequestLoggingFilter - [GET] /api/v1/invoices - IP: 0:0:0:0:0:0:0:1 - User: anonymous - 24ms - Status: 200
2026-05-15 21:42:27.379 [http-nio-8080-exec-8] INFO  c.h.m.config.RequestLoggingFilter - [GET] /api/v1/invoices - IP: 0:0:0:0:0:0:0:1 - User: anonymous - 24ms - Status: 200
2026-05-15 21:42:28.226 [http-nio-8080-exec-9] INFO  c.h.m.config.RequestLoggingFilter - [OPTIONS] /api/v1/room-types - IP: 0:0:0:0:0:0:0:1 - User: anonymous - 1ms - Status: 200
2026-05-15 21:42:28.226 [http-nio-8080-exec-3] INFO  c.h.m.config.RequestLoggingFilter - [OPTIONS] /api/v1/rooms - IP: 0:0:0:0:0:0:0:1 - User: anonymous - 1ms - Status: 200
2026-05-15 21:42:28.226 [http-nio-8080-exec-10] INFO  c.h.m.config.RequestLoggingFilter - [OPTIONS] /api/v1/rooms - IP: 0:0:0:0:0:0:0:1 - User: anonymous - 0ms - Status: 200
2026-05-15 21:42:28.226 [http-nio-8080-exec-1] INFO  c.h.m.config.RequestLoggingFilter - [OPTIONS] /api/v1/room-types - IP: 0:0:0:0:0:0:0:1 - User: anonymous - 0ms - Status: 200
2026-05-15 21:42:28.246 [http-nio-8080-exec-2] INFO  c.h.m.config.RequestLoggingFilter - [GET] /api/v1/room-types - IP: 0:0:0:0:0:0:0:1 - User: anonymous - 16ms - Status: 200
2026-05-15 21:42:28.253 [http-nio-8080-exec-7] INFO  c.h.m.config.RequestLoggingFilter - [GET] /api/v1/rooms - IP: 0:0:0:0:0:0:0:1 - User: anonymous - 23ms - Status: 200
2026-05-15 21:42:28.260 [http-nio-8080-exec-4] INFO  c.h.m.config.RequestLoggingFilter - [GET] /api/v1/room-types - IP: 0:0:0:0:0:0:0:1 - User: anonymous - 13ms - Status: 200
2026-05-15 21:42:28.283 [http-nio-8080-exec-5] INFO  c.h.m.config.RequestLoggingFilter - [GET] /api/v1/rooms - IP: 0:0:0:0:0:0:0:1 - User: anonymous - 29ms - Status: 200
2026-05-15 21:42:28.291 [http-nio-8080-exec-9] INFO  c.h.m.config.RequestLoggingFilter - [GET] /uploads/rooms/5/8ac6d2da-316e-4eaf-ab36-4e5c42bfa20d.png - IP: 0:0:0:0:0:0:0:1 - User: anonymous - 18ms - Status: 200
2026-05-15 21:42:28.293 [http-nio-8080-exec-8] INFO  c.h.m.config.RequestLoggingFilter - [GET] /uploads/rooms/4/f4bf6089-c008-4065-abf9-ad8af531c1e7.png - IP: 0:0:0:0:0:0:0:1 - User: anonymous - 19ms - Status: 200
2026-05-15 21:42:28.294 [http-nio-8080-exec-6] INFO  c.h.m.config.RequestLoggingFilter - [GET] /uploads/rooms/3/5b164591-a960-4c94-a6fa-4a0597932e01.jpg - IP: 0:0:0:0:0:0:0:1 - User: anonymous - 21ms - Status: 200
2026-05-15 21:42:28.297 [http-nio-8080-exec-1] INFO  c.h.m.config.RequestLoggingFilter - [GET] /uploads/rooms/7/c5d422e7-f56a-41ba-87e7-c51370562519.jpg - IP: 0:0:0:0:0:0:0:1 - User: anonymous - 22ms - Status: 200
2026-05-15 21:42:29.368 [http-nio-8080-exec-3] INFO  c.h.m.config.RequestLoggingFilter - [GET] /api/v1/rooms - IP: 0:0:0:0:0:0:0:1 - User: anonymous - 22ms - Status: 200
2026-05-15 21:42:29.394 [http-nio-8080-exec-2] INFO  c.h.m.config.RequestLoggingFilter - [GET] /api/v1/rooms - IP: 0:0:0:0:0:0:0:1 - User: anonymous - 25ms - Status: 200
2026-05-15 21:42:29.410 [http-nio-8080-exec-10] INFO  c.h.m.config.RequestLoggingFilter - [GET] /api/v1/bookings - IP: 0:0:0:0:0:0:0:1 - User: anonymous - 64ms - Status: 200
2026-05-15 21:42:29.475 [http-nio-8080-exec-7] INFO  c.h.m.config.RequestLoggingFilter - [GET] /api/v1/bookings - IP: 0:0:0:0:0:0:0:1 - User: anonymous - 64ms - Status: 200
2026-05-15 21:42:29.900 [http-nio-8080-exec-9] INFO  c.h.m.config.RequestLoggingFilter - [OPTIONS] /api/v1/bookings - IP: 0:0:0:0:0:0:0:1 - User: anonymous - 1ms - Status: 200
2026-05-15 21:42:29.900 [http-nio-8080-exec-4] INFO  c.h.m.config.RequestLoggingFilter - [OPTIONS] /api/v1/rooms - IP: 0:0:0:0:0:0:0:1 - User: anonymous - 1ms - Status: 200
2026-05-15 21:42:29.900 [http-nio-8080-exec-5] INFO  c.h.m.config.RequestLoggingFilter - [OPTIONS] /api/v1/bookings - IP: 0:0:0:0:0:0:0:1 - User: anonymous - 1ms - Status: 200
2026-05-15 21:42:29.902 [http-nio-8080-exec-6] INFO  c.h.m.config.RequestLoggingFilter - [OPTIONS] /api/v1/bookings - IP: 0:0:0:0:0:0:0:1 - User: anonymous - 1ms - Status: 200
2026-05-15 21:42:29.903 [http-nio-8080-exec-1] INFO  c.h.m.config.RequestLoggingFilter - [OPTIONS] /api/v1/rooms - IP: 0:0:0:0:0:0:0:1 - User: anonymous - 1ms - Status: 200
2026-05-15 21:42:29.905 [http-nio-8080-exec-3] INFO  c.h.m.config.RequestLoggingFilter - [OPTIONS] /api/v1/bookings - IP: 0:0:0:0:0:0:0:1 - User: anonymous - 0ms - Status: 200
2026-05-15 21:42:29.919 [http-nio-8080-exec-8] INFO  c.h.m.config.RequestLoggingFilter - [GET] /api/v1/bookings - IP: 0:0:0:0:0:0:0:1 - User: anonymous - 20ms - Status: 200
2026-05-15 21:42:29.927 [http-nio-8080-exec-7] INFO  c.h.m.config.RequestLoggingFilter - [GET] /api/v1/bookings - IP: 0:0:0:0:0:0:0:1 - User: anonymous - 21ms - Status: 200
2026-05-15 21:42:29.934 [http-nio-8080-exec-2] INFO  c.h.m.config.RequestLoggingFilter - [GET] /api/v1/rooms - IP: 0:0:0:0:0:0:0:1 - User: anonymous - 29ms - Status: 200
2026-05-15 21:42:29.934 [http-nio-8080-exec-10] INFO  c.h.m.config.RequestLoggingFilter - [GET] /api/v1/bookings - IP: 0:0:0:0:0:0:0:1 - User: anonymous - 27ms - Status: 200
2026-05-15 21:42:29.943 [http-nio-8080-exec-4] INFO  c.h.m.config.RequestLoggingFilter - [GET] /api/v1/bookings - IP: 0:0:0:0:0:0:0:1 - User: anonymous - 22ms - Status: 200
2026-05-15 21:42:29.949 [http-nio-8080-exec-5] INFO  c.h.m.config.RequestLoggingFilter - [GET] /api/v1/bookings - IP: 0:0:0:0:0:0:0:1 - User: anonymous - 20ms - Status: 200
2026-05-15 21:42:29.953 [http-nio-8080-exec-1] INFO  c.h.m.config.RequestLoggingFilter - [GET] /api/v1/rooms - IP: 0:0:0:0:0:0:0:1 - User: anonymous - 17ms - Status: 200
2026-05-15 21:42:29.959 [http-nio-8080-exec-6] INFO  c.h.m.config.RequestLoggingFilter - [GET] /api/v1/bookings - IP: 0:0:0:0:0:0:0:1 - User: anonymous - 24ms - Status: 200
2026-05-15 21:42:29.971 [http-nio-8080-exec-9] INFO  c.h.m.config.RequestLoggingFilter - [GET] /api/v1/bookings - IP: 0:0:0:0:0:0:0:1 - User: anonymous - 62ms - Status: 200
2026-05-15 21:42:30.020 [http-nio-8080-exec-3] INFO  c.h.m.config.RequestLoggingFilter - [GET] /api/v1/bookings - IP: 0:0:0:0:0:0:0:1 - User: anonymous - 47ms - Status: 200
2026-05-15 21:42:30.681 [http-nio-8080-exec-7] INFO  c.h.m.config.RequestLoggingFilter - [GET] /api/v1/room-types - IP: 0:0:0:0:0:0:0:1 - User: anonymous - 13ms - Status: 200
2026-05-15 21:42:30.686 [http-nio-8080-exec-8] INFO  c.h.m.config.RequestLoggingFilter - [GET] /api/v1/bookings - IP: 0:0:0:0:0:0:0:1 - User: anonymous - 18ms - Status: 200
2026-05-15 21:42:30.688 [http-nio-8080-exec-2] INFO  c.h.m.config.RequestLoggingFilter - [GET] /api/v1/rooms - IP: 0:0:0:0:0:0:0:1 - User: anonymous - 20ms - Status: 200
2026-05-15 21:42:30.704 [http-nio-8080-exec-6] INFO  c.h.m.config.RequestLoggingFilter - [GET] /uploads/rooms/4/f4bf6089-c008-4065-abf9-ad8af531c1e7.png - IP: 0:0:0:0:0:0:0:1 - User: anonymous - 5ms - Status: 200
2026-05-15 21:42:30.704 [http-nio-8080-exec-10] INFO  c.h.m.config.RequestLoggingFilter - [GET] /api/v1/room-types - IP: 0:0:0:0:0:0:0:1 - User: anonymous - 23ms - Status: 200
2026-05-15 21:42:30.705 [http-nio-8080-exec-9] INFO  c.h.m.config.RequestLoggingFilter - [GET] /uploads/rooms/5/8ac6d2da-316e-4eaf-ab36-4e5c42bfa20d.png - IP: 0:0:0:0:0:0:0:1 - User: anonymous - 6ms - Status: 200
2026-05-15 21:42:30.709 [http-nio-8080-exec-1] INFO  c.h.m.config.RequestLoggingFilter - [GET] /uploads/rooms/3/5b164591-a960-4c94-a6fa-4a0597932e01.jpg - IP: 0:0:0:0:0:0:0:1 - User: anonymous - 10ms - Status: 200
2026-05-15 21:42:30.713 [http-nio-8080-exec-4] INFO  c.h.m.config.RequestLoggingFilter - [GET] /api/v1/bookings - IP: 0:0:0:0:0:0:0:1 - User: anonymous - 25ms - Status: 200
2026-05-15 21:42:30.718 [http-nio-8080-exec-5] INFO  c.h.m.config.RequestLoggingFilter - [GET] /api/v1/rooms - IP: 0:0:0:0:0:0:0:1 - User: anonymous - 28ms - Status: 200
2026-05-15 21:42:30.718 [http-nio-8080-exec-3] INFO  c.h.m.config.RequestLoggingFilter - [GET] /uploads/rooms/7/c5d422e7-f56a-41ba-87e7-c51370562519.jpg - IP: 0:0:0:0:0:0:0:1 - User: anonymous - 9ms - Status: 200
2026-05-15 21:42:31.484 [http-nio-8080-exec-8] INFO  c.h.m.config.RequestLoggingFilter - [GET] /api/v1/rooms - IP: 0:0:0:0:0:0:0:1 - User: anonymous - 20ms - Status: 200
2026-05-15 21:42:31.508 [http-nio-8080-exec-8] INFO  c.h.m.config.RequestLoggingFilter - [GET] /api/v1/rooms - IP: 0:0:0:0:0:0:0:1 - User: anonymous - 23ms - Status: 200
2026-05-15 21:42:31.520 [http-nio-8080-exec-7] INFO  c.h.m.config.RequestLoggingFilter - [GET] /api/v1/bookings - IP: 0:0:0:0:0:0:0:1 - User: anonymous - 58ms - Status: 200
2026-05-15 21:42:31.566 [http-nio-8080-exec-6] INFO  c.h.m.config.RequestLoggingFilter - [GET] /api/v1/bookings - IP: 0:0:0:0:0:0:0:1 - User: anonymous - 45ms - Status: 200
2026-05-15 21:42:33.593 [http-nio-8080-exec-10] INFO  c.h.m.config.RequestLoggingFilter - [GET] /api/v1/invoices - IP: 0:0:0:0:0:0:0:1 - User: anonymous - 12ms - Status: 200
2026-05-15 21:42:33.606 [http-nio-8080-exec-9] INFO  c.h.m.config.RequestLoggingFilter - [GET] /api/v1/invoices - IP: 0:0:0:0:0:0:0:1 - User: anonymous - 11ms - Status: 200
2026-05-15 21:42:34.023 [http-nio-8080-exec-4] INFO  c.h.m.config.RequestLoggingFilter - [GET] /api/v1/rooms - IP: 0:0:0:0:0:0:0:1 - User: anonymous - 18ms - Status: 200
2026-05-15 21:42:34.040 [http-nio-8080-exec-3] INFO  c.h.m.config.RequestLoggingFilter - [GET] /api/v1/rooms - IP: 0:0:0:0:0:0:0:1 - User: anonymous - 17ms - Status: 200
2026-05-15 21:42:34.057 [http-nio-8080-exec-1] INFO  c.h.m.config.RequestLoggingFilter - [GET] /api/v1/bookings - IP: 0:0:0:0:0:0:0:1 - User: anonymous - 52ms - Status: 200
2026-05-15 21:42:34.133 [http-nio-8080-exec-5] INFO  c.h.m.config.RequestLoggingFilter - [GET] /api/v1/bookings - IP: 0:0:0:0:0:0:0:1 - User: anonymous - 74ms - Status: 200
2026-05-15 21:42:49.086 [http-nio-8080-exec-2] INFO  c.h.m.config.RequestLoggingFilter - [OPTIONS] /api/v1/bookings/5 - IP: 0:0:0:0:0:0:0:1 - User: anonymous - 1ms - Status: 200
2026-05-15 21:42:49.156 [http-nio-8080-exec-8] INFO  c.h.m.config.RequestLoggingFilter - [DELETE] /api/v1/bookings/5 - IP: 0:0:0:0:0:0:0:1 - User: anonymous - 68ms - Status: 200
2026-05-15 21:42:49.182 [http-nio-8080-exec-6] INFO  c.h.m.config.RequestLoggingFilter - [GET] /api/v1/rooms - IP: 0:0:0:0:0:0:0:1 - User: anonymous - 23ms - Status: 200
2026-05-15 21:42:49.210 [http-nio-8080-exec-7] INFO  c.h.m.config.RequestLoggingFilter - [GET] /api/v1/bookings - IP: 0:0:0:0:0:0:0:1 - User: anonymous - 51ms - Status: 200
2026-05-15 21:43:00.686 [http-nio-8080-exec-10] INFO  c.h.m.config.RequestLoggingFilter - [GET] /api/v1/bookings - IP: 0:0:0:0:0:0:0:1 - User: anonymous - 16ms - Status: 200
2026-05-15 21:43:30.681 [http-nio-8080-exec-4] INFO  c.h.m.config.RequestLoggingFilter - [GET] /api/v1/bookings - IP: 0:0:0:0:0:0:0:1 - User: anonymous - 12ms - Status: 200
2026-05-15 21:44:00.683 [http-nio-8080-exec-9] INFO  c.h.m.config.RequestLoggingFilter - [GET] /api/v1/bookings - IP: 0:0:0:0:0:0:0:1 - User: anonymous - 13ms - Status: 200
2026-05-15 21:44:30.679 [http-nio-8080-exec-4] INFO  c.h.m.config.RequestLoggingFilter - [GET] /api/v1/bookings - IP: 0:0:0:0:0:0:0:1 - User: anonymous - 10ms - Status: 200
2026-05-15 21:45:00.679 [http-nio-8080-exec-2] INFO  c.h.m.config.RequestLoggingFilter - [GET] /api/v1/bookings - IP: 0:0:0:0:0:0:0:1 - User: anonymous - 10ms - Status: 200
2026-05-15 21:45:30.681 [http-nio-8080-exec-3] INFO  c.h.m.config.RequestLoggingFilter - [GET] /api/v1/bookings - IP: 0:0:0:0:0:0:0:1 - User: anonymous - 11ms - Status: 200
2026-05-15 21:46:00.680 [http-nio-8080-exec-1] INFO  c.h.m.config.RequestLoggingFilter - [GET] /api/v1/bookings - IP: 0:0:0:0:0:0:0:1 - User: anonymous - 11ms - Status: 200
2026-05-15 21:46:30.679 [http-nio-8080-exec-5] INFO  c.h.m.config.RequestLoggingFilter - [GET] /api/v1/bookings - IP: 0:0:0:0:0:0:0:1 - User: anonymous - 11ms - Status: 200
2026-05-15 21:47:00.681 [http-nio-8080-exec-6] INFO  c.h.m.config.RequestLoggingFilter - [GET] /api/v1/bookings - IP: 0:0:0:0:0:0:0:1 - User: anonymous - 11ms - Status: 200
2026-05-15 21:47:30.678 [http-nio-8080-exec-8] INFO  c.h.m.config.RequestLoggingFilter - [GET] /api/v1/bookings - IP: 0:0:0:0:0:0:0:1 - User: anonymous - 10ms - Status: 200
2026-05-15 21:48:00.679 [http-nio-8080-exec-7] INFO  c.h.m.config.RequestLoggingFilter - [GET] /api/v1/bookings - IP: 0:0:0:0:0:0:0:1 - User: anonymous - 11ms - Status: 200
2026-05-15 21:48:30.678 [http-nio-8080-exec-10] INFO  c.h.m.config.RequestLoggingFilter - [GET] /api/v1/bookings - IP: 0:0:0:0:0:0:0:1 - User: anonymous - 9ms - Status: 200
2026-05-15 21:49:00.678 [http-nio-8080-exec-9] INFO  c.h.m.config.RequestLoggingFilter - [GET] /api/v1/bookings - IP: 0:0:0:0:0:0:0:1 - User: anonymous - 9ms - Status: 200
2026-05-15 21:49:52.353 [http-nio-8080-exec-4] INFO  c.h.m.config.RequestLoggingFilter - [OPTIONS] /api/v1/auth/login - IP: 0:0:0:0:0:0:0:1 - User: anonymous - 2ms - Status: 200
2026-05-15 21:49:52.735 [http-nio-8080-exec-2] INFO  c.h.m.controller.AuthController - Login success - username: khachhang01, IP: 0:0:0:0:0:0:0:1
2026-05-15 21:49:52.756 [http-nio-8080-exec-2] INFO  c.h.m.config.RequestLoggingFilter - [POST] /api/v1/auth/login - IP: 0:0:0:0:0:0:0:1 - User: anonymous - 401ms - Status: 200
2026-05-15 21:49:52.783 [http-nio-8080-exec-3] INFO  c.h.m.config.RequestLoggingFilter - [GET] /uploads/rooms/banner/hero.jpg - IP: 0:0:0:0:0:0:0:1 - User: anonymous - 6ms - Status: 200
2026-05-15 21:49:52.800 [http-nio-8080-exec-1] INFO  c.h.m.config.RequestLoggingFilter - [GET] /uploads/rooms/services/spa.jpg - IP: 0:0:0:0:0:0:0:1 - User: anonymous - 2ms - Status: 200
2026-05-15 21:49:52.808 [http-nio-8080-exec-5] INFO  c.h.m.config.RequestLoggingFilter - [GET] /uploads/rooms/services/pool.jpg - IP: 0:0:0:0:0:0:0:1 - User: anonymous - 4ms - Status: 200
2026-05-15 21:49:52.807 [http-nio-8080-exec-6] INFO  c.h.m.config.RequestLoggingFilter - [GET] /uploads/rooms/services/restaurant.jpg - IP: 0:0:0:0:0:0:0:1 - User: anonymous - 3ms - Status: 200
2026-05-15 21:49:52.809 [http-nio-8080-exec-8] INFO  c.h.m.config.RequestLoggingFilter - [GET] /uploads/rooms/services/airport.jpg - IP: 0:0:0:0:0:0:0:1 - User: anonymous - 5ms - Status: 200
2026-05-15 21:49:52.845 [http-nio-8080-exec-7] INFO  c.h.m.config.RequestLoggingFilter - [OPTIONS] /api/v1/rooms - IP: 0:0:0:0:0:0:0:1 - User: anonymous - 1ms - Status: 200
2026-05-15 21:49:52.846 [http-nio-8080-exec-10] INFO  c.h.m.config.RequestLoggingFilter - [OPTIONS] /api/v1/services - IP: 0:0:0:0:0:0:0:1 - User: anonymous - 1ms - Status: 200
2026-05-15 21:49:52.848 [http-nio-8080-exec-4] INFO  c.h.m.config.RequestLoggingFilter - [OPTIONS] /api/v1/services - IP: 0:0:0:0:0:0:0:1 - User: anonymous - 0ms - Status: 200
2026-05-15 21:49:52.848 [http-nio-8080-exec-9] INFO  c.h.m.config.RequestLoggingFilter - [OPTIONS] /api/v1/rooms - IP: 0:0:0:0:0:0:0:1 - User: anonymous - 0ms - Status: 200
2026-05-15 21:49:52.860 [http-nio-8080-exec-2] INFO  c.h.m.config.RequestLoggingFilter - [GET] /api/v1/rooms - IP: 0:0:0:0:0:0:0:1 - User: anonymous - 12ms - Status: 200
2026-05-15 21:49:52.871 [http-nio-8080-exec-3] INFO  c.h.m.config.RequestLoggingFilter - [GET] /api/v1/services - IP: 0:0:0:0:0:0:0:1 - User: anonymous - 23ms - Status: 200
2026-05-15 21:49:52.878 [http-nio-8080-exec-1] INFO  c.h.m.config.RequestLoggingFilter - [GET] /api/v1/rooms - IP: 0:0:0:0:0:0:0:1 - User: anonymous - 17ms - Status: 200
2026-05-15 21:49:52.884 [http-nio-8080-exec-6] INFO  c.h.m.config.RequestLoggingFilter - [GET] /uploads/rooms/5/8ac6d2da-316e-4eaf-ab36-4e5c42bfa20d.png - IP: 0:0:0:0:0:0:0:1 - User: anonymous - 3ms - Status: 200
2026-05-15 21:49:52.885 [http-nio-8080-exec-8] INFO  c.h.m.config.RequestLoggingFilter - [GET] /uploads/rooms/7/c5d422e7-f56a-41ba-87e7-c51370562519.jpg - IP: 0:0:0:0:0:0:0:1 - User: anonymous - 4ms - Status: 200
2026-05-15 21:49:52.886 [http-nio-8080-exec-5] INFO  c.h.m.config.RequestLoggingFilter - [GET] /api/v1/services - IP: 0:0:0:0:0:0:0:1 - User: anonymous - 14ms - Status: 200
2026-05-15 21:49:52.894 [http-nio-8080-exec-7] INFO  c.h.m.config.RequestLoggingFilter - [GET] /uploads/rooms/services/pool.jpg - IP: 0:0:0:0:0:0:0:1 - User: anonymous - 3ms - Status: 200
2026-05-15 21:49:52.899 [http-nio-8080-exec-4] INFO  c.h.m.config.RequestLoggingFilter - [GET] /uploads/rooms/services/laundry.jpg - IP: 0:0:0:0:0:0:0:1 - User: anonymous - 2ms - Status: 200
2026-05-15 21:49:52.899 [http-nio-8080-exec-10] INFO  c.h.m.config.RequestLoggingFilter - [GET] /uploads/rooms/services/gym.jpg - IP: 0:0:0:0:0:0:0:1 - User: anonymous - 2ms - Status: 200
2026-05-15 21:49:59.210 [http-nio-8080-exec-2] INFO  c.h.m.config.RequestLoggingFilter - [OPTIONS] /api/v1/rooms/5 - IP: 0:0:0:0:0:0:0:1 - User: anonymous - 1ms - Status: 200
2026-05-15 21:49:59.210 [http-nio-8080-exec-9] INFO  c.h.m.config.RequestLoggingFilter - [OPTIONS] /api/v1/rooms/5 - IP: 0:0:0:0:0:0:0:1 - User: anonymous - 1ms - Status: 200
2026-05-15 21:49:59.224 [http-nio-8080-exec-3] INFO  c.h.m.config.RequestLoggingFilter - [GET] /api/v1/rooms/5 - IP: 0:0:0:0:0:0:0:1 - User: anonymous - 12ms - Status: 200
2026-05-15 21:49:59.234 [http-nio-8080-exec-1] INFO  c.h.m.config.RequestLoggingFilter - [GET] /api/v1/rooms/5 - IP: 0:0:0:0:0:0:0:1 - User: anonymous - 9ms - Status: 200
2026-05-15 21:49:59.237 [http-nio-8080-exec-6] INFO  c.h.m.config.RequestLoggingFilter - [GET] /uploads/rooms/5/670a1e2d-8a8b-40be-be02-3ecc34ca9759.jpg - IP: 0:0:0:0:0:0:0:1 - User: anonymous - 4ms - Status: 200
2026-05-15 21:50:28.214 [http-nio-8080-exec-8] INFO  c.h.m.config.RequestLoggingFilter - [GET] /uploads/rooms/banner/hero.jpg - IP: 0:0:0:0:0:0:0:1 - User: anonymous - 6ms - Status: 200
2026-05-15 21:50:28.214 [http-nio-8080-exec-5] INFO  c.h.m.config.RequestLoggingFilter - [GET] /uploads/rooms/services/spa.jpg - IP: 0:0:0:0:0:0:0:1 - User: anonymous - 3ms - Status: 200
2026-05-15 21:50:28.225 [http-nio-8080-exec-4] INFO  c.h.m.config.RequestLoggingFilter - [GET] /uploads/rooms/services/pool.jpg - IP: 0:0:0:0:0:0:0:1 - User: anonymous - 4ms - Status: 200
2026-05-15 21:50:28.225 [http-nio-8080-exec-2] INFO  c.h.m.config.RequestLoggingFilter - [GET] /uploads/rooms/services/restaurant.jpg - IP: 0:0:0:0:0:0:0:1 - User: anonymous - 4ms - Status: 200
2026-05-15 21:50:28.228 [http-nio-8080-exec-10] INFO  c.h.m.config.RequestLoggingFilter - [GET] /api/v1/services - IP: 0:0:0:0:0:0:0:1 - User: anonymous - 14ms - Status: 200
2026-05-15 21:50:28.228 [http-nio-8080-exec-7] INFO  c.h.m.config.RequestLoggingFilter - [GET] /api/v1/rooms - IP: 0:0:0:0:0:0:0:1 - User: anonymous - 14ms - Status: 200
2026-05-15 21:50:28.228 [http-nio-8080-exec-9] INFO  c.h.m.config.RequestLoggingFilter - [GET] /uploads/rooms/services/airport.jpg - IP: 0:0:0:0:0:0:0:1 - User: anonymous - 3ms - Status: 200
2026-05-15 21:50:28.237 [http-nio-8080-exec-3] INFO  c.h.m.config.RequestLoggingFilter - [GET] /api/v1/services - IP: 0:0:0:0:0:0:0:1 - User: anonymous - 8ms - Status: 200
2026-05-15 21:50:28.240 [http-nio-8080-exec-1] INFO  c.h.m.config.RequestLoggingFilter - [GET] /api/v1/rooms - IP: 0:0:0:0:0:0:0:1 - User: anonymous - 11ms - Status: 200
2026-05-15 21:50:28.252 [http-nio-8080-exec-6] INFO  c.h.m.config.RequestLoggingFilter - [GET] /uploads/rooms/services/pool.jpg - IP: 0:0:0:0:0:0:0:1 - User: anonymous - 3ms - Status: 200
2026-05-15 21:50:28.252 [http-nio-8080-exec-5] INFO  c.h.m.config.RequestLoggingFilter - [GET] /uploads/rooms/services/laundry.jpg - IP: 0:0:0:0:0:0:0:1 - User: anonymous - 2ms - Status: 200
2026-05-15 21:50:28.252 [http-nio-8080-exec-8] INFO  c.h.m.config.RequestLoggingFilter - [GET] /uploads/rooms/services/gym.jpg - IP: 0:0:0:0:0:0:0:1 - User: anonymous - 3ms - Status: 200
2026-05-15 21:50:28.263 [http-nio-8080-exec-2] INFO  c.h.m.config.RequestLoggingFilter - [GET] /uploads/rooms/7/c5d422e7-f56a-41ba-87e7-c51370562519.jpg - IP: 0:0:0:0:0:0:0:1 - User: anonymous - 2ms - Status: 200
2026-05-15 21:50:56.383 [http-nio-8080-exec-10] INFO  c.h.m.controller.AuthController - Login success - username: letan01, IP: 0:0:0:0:0:0:0:1
2026-05-15 21:50:56.385 [http-nio-8080-exec-10] INFO  c.h.m.config.RequestLoggingFilter - [POST] /api/v1/auth/login - IP: 0:0:0:0:0:0:0:1 - User: anonymous - 303ms - Status: 200
2026-05-15 21:50:56.428 [http-nio-8080-exec-7] INFO  c.h.m.config.RequestLoggingFilter - [GET] /api/v1/bookings - IP: 0:0:0:0:0:0:0:1 - User: anonymous - 17ms - Status: 200
2026-05-15 21:50:56.429 [http-nio-8080-exec-9] INFO  c.h.m.config.RequestLoggingFilter - [GET] /api/v1/rooms - IP: 0:0:0:0:0:0:0:1 - User: anonymous - 15ms - Status: 200
2026-05-15 21:50:56.431 [http-nio-8080-exec-1] INFO  c.h.m.config.RequestLoggingFilter - [GET] /api/v1/bookings - IP: 0:0:0:0:0:0:0:1 - User: anonymous - 16ms - Status: 200
2026-05-15 21:50:56.434 [http-nio-8080-exec-3] INFO  c.h.m.config.RequestLoggingFilter - [GET] /api/v1/bookings - IP: 0:0:0:0:0:0:0:1 - User: anonymous - 20ms - Status: 200
2026-05-15 21:50:56.454 [http-nio-8080-exec-6] INFO  c.h.m.config.RequestLoggingFilter - [GET] /api/v1/rooms - IP: 0:0:0:0:0:0:0:1 - User: anonymous - 21ms - Status: 200
2026-05-15 21:50:56.454 [http-nio-8080-exec-8] INFO  c.h.m.config.RequestLoggingFilter - [GET] /api/v1/bookings - IP: 0:0:0:0:0:0:0:1 - User: anonymous - 23ms - Status: 200
2026-05-15 21:50:56.455 [http-nio-8080-exec-2] INFO  c.h.m.config.RequestLoggingFilter - [GET] /api/v1/bookings - IP: 0:0:0:0:0:0:0:1 - User: anonymous - 22ms - Status: 200
2026-05-15 21:50:56.474 [http-nio-8080-exec-4] INFO  c.h.m.config.RequestLoggingFilter - [GET] /api/v1/bookings - IP: 0:0:0:0:0:0:0:1 - User: anonymous - 36ms - Status: 200
2026-05-15 21:50:56.484 [http-nio-8080-exec-5] INFO  c.h.m.config.RequestLoggingFilter - [GET] /api/v1/bookings - IP: 0:0:0:0:0:0:0:1 - User: anonymous - 66ms - Status: 200
2026-05-15 21:50:56.518 [http-nio-8080-exec-10] INFO  c.h.m.config.RequestLoggingFilter - [GET] /api/v1/bookings - IP: 0:0:0:0:0:0:0:1 - User: anonymous - 33ms - Status: 200
2026-05-15 21:50:57.642 [http-nio-8080-exec-7] INFO  c.h.m.config.RequestLoggingFilter - [GET] /api/v1/bookings - IP: 0:0:0:0:0:0:0:1 - User: anonymous - 11ms - Status: 200
2026-05-15 21:50:57.646 [http-nio-8080-exec-1] INFO  c.h.m.config.RequestLoggingFilter - [GET] /api/v1/rooms - IP: 0:0:0:0:0:0:0:1 - User: anonymous - 14ms - Status: 200
2026-05-15 21:50:57.657 [http-nio-8080-exec-3] INFO  c.h.m.config.RequestLoggingFilter - [GET] /api/v1/bookings - IP: 0:0:0:0:0:0:0:1 - User: anonymous - 13ms - Status: 200
2026-05-15 21:50:57.661 [http-nio-8080-exec-6] INFO  c.h.m.config.RequestLoggingFilter - [GET] /api/v1/rooms - IP: 0:0:0:0:0:0:0:1 - User: anonymous - 15ms - Status: 200
2026-05-15 21:50:57.669 [http-nio-8080-exec-9] INFO  c.h.m.config.RequestLoggingFilter - [GET] /api/v1/bookings - IP: 0:0:0:0:0:0:0:1 - User: anonymous - 38ms - Status: 200
2026-05-15 21:50:57.703 [http-nio-8080-exec-2] INFO  c.h.m.config.RequestLoggingFilter - [GET] /api/v1/bookings - IP: 0:0:0:0:0:0:0:1 - User: anonymous - 33ms - Status: 200
2026-05-15 21:51:27.641 [http-nio-8080-exec-8] INFO  c.h.m.config.RequestLoggingFilter - [GET] /api/v1/bookings - IP: 0:0:0:0:0:0:0:1 - User: anonymous - 9ms - Status: 200
2026-05-15 21:51:57.644 [http-nio-8080-exec-10] INFO  c.h.m.config.RequestLoggingFilter - [GET] /api/v1/bookings - IP: 0:0:0:0:0:0:0:1 - User: anonymous - 12ms - Status: 200
2026-05-15 21:52:27.642 [http-nio-8080-exec-6] INFO  c.h.m.config.RequestLoggingFilter - [GET] /api/v1/bookings - IP: 0:0:0:0:0:0:0:1 - User: anonymous - 10ms - Status: 200
2026-05-15 21:52:57.642 [http-nio-8080-exec-9] INFO  c.h.m.config.RequestLoggingFilter - [GET] /api/v1/bookings - IP: 0:0:0:0:0:0:0:1 - User: anonymous - 10ms - Status: 200
2026-05-15 21:53:08.845 [http-nio-8080-exec-2] INFO  c.h.m.config.RequestLoggingFilter - [GET] /api/v1/invoices - IP: 0:0:0:0:0:0:0:1 - User: anonymous - 10ms - Status: 200
2026-05-15 21:53:08.857 [http-nio-8080-exec-8] INFO  c.h.m.config.RequestLoggingFilter - [GET] /api/v1/invoices - IP: 0:0:0:0:0:0:0:1 - User: anonymous - 10ms - Status: 200
2026-05-15 21:53:27.643 [http-nio-8080-exec-5] INFO  c.h.m.config.RequestLoggingFilter - [GET] /api/v1/bookings - IP: 0:0:0:0:0:0:0:1 - User: anonymous - 10ms - Status: 200
2026-05-15 21:53:57.643 [http-nio-8080-exec-4] INFO  c.h.m.config.RequestLoggingFilter - [GET] /api/v1/bookings - IP: 0:0:0:0:0:0:0:1 - User: anonymous - 10ms - Status: 200
2026-05-15 21:54:01.480 [http-nio-8080-exec-10] INFO  c.h.m.config.RequestLoggingFilter - [GET] /api/v1/bookings - IP: 0:0:0:0:0:0:0:1 - User: anonymous - 15ms - Status: 200
2026-05-15 21:54:01.480 [http-nio-8080-exec-7] INFO  c.h.m.config.RequestLoggingFilter - [GET] /api/v1/rooms - IP: 0:0:0:0:0:0:0:1 - User: anonymous - 14ms - Status: 200
2026-05-15 21:54:01.485 [http-nio-8080-exec-1] INFO  c.h.m.config.RequestLoggingFilter - [GET] /api/v1/bookings - IP: 0:0:0:0:0:0:0:1 - User: anonymous - 18ms - Status: 200
2026-05-15 21:54:01.486 [http-nio-8080-exec-3] INFO  c.h.m.config.RequestLoggingFilter - [GET] /api/v1/bookings - IP: 0:0:0:0:0:0:0:1 - User: anonymous - 17ms - Status: 200
2026-05-15 21:54:01.499 [http-nio-8080-exec-9] INFO  c.h.m.config.RequestLoggingFilter - [GET] /api/v1/rooms - IP: 0:0:0:0:0:0:0:1 - User: anonymous - 17ms - Status: 200
2026-05-15 21:54:01.501 [http-nio-8080-exec-2] INFO  c.h.m.config.RequestLoggingFilter - [GET] /api/v1/bookings - IP: 0:0:0:0:0:0:0:1 - User: anonymous - 17ms - Status: 200
2026-05-15 21:54:01.502 [http-nio-8080-exec-5] INFO  c.h.m.config.RequestLoggingFilter - [GET] /api/v1/bookings - IP: 0:0:0:0:0:0:0:1 - User: anonymous - 13ms - Status: 200
2026-05-15 21:54:01.506 [http-nio-8080-exec-8] INFO  c.h.m.config.RequestLoggingFilter - [GET] /api/v1/bookings - IP: 0:0:0:0:0:0:0:1 - User: anonymous - 17ms - Status: 200
2026-05-15 21:54:01.514 [http-nio-8080-exec-6] INFO  c.h.m.config.RequestLoggingFilter - [GET] /api/v1/bookings - IP: 0:0:0:0:0:0:0:1 - User: anonymous - 44ms - Status: 200
2026-05-15 21:54:01.545 [http-nio-8080-exec-4] INFO  c.h.m.config.RequestLoggingFilter - [GET] /api/v1/bookings - IP: 0:0:0:0:0:0:0:1 - User: anonymous - 30ms - Status: 200
2026-05-15 21:54:03.761 [http-nio-8080-exec-1] INFO  c.h.m.config.RequestLoggingFilter - [GET] /api/v1/room-types - IP: 0:0:0:0:0:0:0:1 - User: anonymous - 8ms - Status: 200
2026-05-15 21:54:03.766 [http-nio-8080-exec-10] INFO  c.h.m.config.RequestLoggingFilter - [GET] /api/v1/bookings - IP: 0:0:0:0:0:0:0:1 - User: anonymous - 13ms - Status: 200
2026-05-15 21:54:03.768 [http-nio-8080-exec-7] INFO  c.h.m.config.RequestLoggingFilter - [GET] /api/v1/rooms - IP: 0:0:0:0:0:0:0:1 - User: anonymous - 15ms - Status: 200
2026-05-15 21:54:03.771 [http-nio-8080-exec-3] INFO  c.h.m.config.RequestLoggingFilter - [GET] /api/v1/room-types - IP: 0:0:0:0:0:0:0:1 - User: anonymous - 9ms - Status: 200
2026-05-15 21:54:03.778 [http-nio-8080-exec-10] INFO  c.h.m.config.RequestLoggingFilter - [GET] /api/v1/bookings - IP: 0:0:0:0:0:0:0:1 - User: anonymous - 11ms - Status: 200
2026-05-15 21:54:03.781 [http-nio-8080-exec-10] INFO  c.h.m.config.RequestLoggingFilter - [GET] /uploads/rooms/4/f4bf6089-c008-4065-abf9-ad8af531c1e7.png - IP: 0:0:0:0:0:0:0:1 - User: anonymous - 3ms - Status: 200
2026-05-15 21:54:03.781 [http-nio-8080-exec-6] INFO  c.h.m.config.RequestLoggingFilter - [GET] /uploads/rooms/5/8ac6d2da-316e-4eaf-ab36-4e5c42bfa20d.png - IP: 0:0:0:0:0:0:0:1 - User: anonymous - 2ms - Status: 200
2026-05-15 21:54:03.782 [http-nio-8080-exec-2] INFO  c.h.m.config.RequestLoggingFilter - [GET] /api/v1/rooms - IP: 0:0:0:0:0:0:0:1 - User: anonymous - 14ms - Status: 200
2026-05-15 21:54:03.783 [http-nio-8080-exec-5] INFO  c.h.m.config.RequestLoggingFilter - [GET] /uploads/rooms/3/5b164591-a960-4c94-a6fa-4a0597932e01.jpg - IP: 0:0:0:0:0:0:0:1 - User: anonymous - 5ms - Status: 200
2026-05-15 21:54:03.787 [http-nio-8080-exec-4] INFO  c.h.m.config.RequestLoggingFilter - [GET] /uploads/rooms/7/c5d422e7-f56a-41ba-87e7-c51370562519.jpg - IP: 0:0:0:0:0:0:0:1 - User: anonymous - 8ms - Status: 200
2026-05-15 21:54:04.929 [http-nio-8080-exec-1] INFO  c.h.m.config.RequestLoggingFilter - [GET] /api/v1/bookings - IP: 0:0:0:0:0:0:0:1 - User: anonymous - 11ms - Status: 200
2026-05-15 21:54:04.929 [http-nio-8080-exec-9] INFO  c.h.m.config.RequestLoggingFilter - [GET] /api/v1/rooms - IP: 0:0:0:0:0:0:0:1 - User: anonymous - 11ms - Status: 200
2026-05-15 21:54:04.931 [http-nio-8080-exec-3] INFO  c.h.m.config.RequestLoggingFilter - [GET] /api/v1/bookings - IP: 0:0:0:0:0:0:0:1 - User: anonymous - 12ms - Status: 200
2026-05-15 21:54:04.932 [http-nio-8080-exec-7] INFO  c.h.m.config.RequestLoggingFilter - [GET] /api/v1/bookings - IP: 0:0:0:0:0:0:0:1 - User: anonymous - 13ms - Status: 200
2026-05-15 21:54:04.941 [http-nio-8080-exec-10] INFO  c.h.m.config.RequestLoggingFilter - [GET] /api/v1/bookings - IP: 0:0:0:0:0:0:0:1 - User: anonymous - 9ms - Status: 200
2026-05-15 21:54:04.948 [http-nio-8080-exec-6] INFO  c.h.m.config.RequestLoggingFilter - [GET] /api/v1/rooms - IP: 0:0:0:0:0:0:0:1 - User: anonymous - 12ms - Status: 200
2026-05-15 21:54:04.949 [http-nio-8080-exec-2] INFO  c.h.m.config.RequestLoggingFilter - [GET] /api/v1/bookings - IP: 0:0:0:0:0:0:0:1 - User: anonymous - 12ms - Status: 200
2026-05-15 21:54:04.953 [http-nio-8080-exec-5] INFO  c.h.m.config.RequestLoggingFilter - [GET] /api/v1/bookings - IP: 0:0:0:0:0:0:0:1 - User: anonymous - 15ms - Status: 200
2026-05-15 21:54:04.959 [http-nio-8080-exec-8] INFO  c.h.m.config.RequestLoggingFilter - [GET] /api/v1/bookings - IP: 0:0:0:0:0:0:0:1 - User: anonymous - 40ms - Status: 200
2026-05-15 21:54:04.990 [http-nio-8080-exec-4] INFO  c.h.m.config.RequestLoggingFilter - [GET] /api/v1/bookings - IP: 0:0:0:0:0:0:0:1 - User: anonymous - 29ms - Status: 200
2026-05-15 21:54:17.522 [http-nio-8080-exec-9] INFO  c.h.m.controller.AuthController - Login success - username: admin2, IP: 0:0:0:0:0:0:0:1
2026-05-15 21:54:17.523 [http-nio-8080-exec-9] INFO  c.h.m.config.RequestLoggingFilter - [POST] /api/v1/auth/login - IP: 0:0:0:0:0:0:0:1 - User: anonymous - 306ms - Status: 200
2026-05-15 21:54:17.556 [http-nio-8080-exec-3] INFO  c.h.m.config.RequestLoggingFilter - [OPTIONS] /api/v1/dashboard/summary - IP: 0:0:0:0:0:0:0:1 - User: anonymous - 0ms - Status: 200
2026-05-15 21:54:17.557 [http-nio-8080-exec-10] INFO  c.h.m.config.RequestLoggingFilter - [OPTIONS] /api/v1/dashboard/bookings/stats - IP: 0:0:0:0:0:0:0:1 - User: anonymous - 1ms - Status: 200
2026-05-15 21:54:17.557 [http-nio-8080-exec-6] INFO  c.h.m.config.RequestLoggingFilter - [OPTIONS] /api/v1/dashboard/services/top - IP: 0:0:0:0:0:0:0:1 - User: anonymous - 0ms - Status: 200
2026-05-15 21:54:17.557 [http-nio-8080-exec-7] INFO  c.h.m.config.RequestLoggingFilter - [OPTIONS] /api/v1/dashboard/revenue - IP: 0:0:0:0:0:0:0:1 - User: anonymous - 1ms - Status: 200
2026-05-15 21:54:17.559 [http-nio-8080-exec-2] INFO  c.h.m.config.RequestLoggingFilter - [OPTIONS] /api/v1/dashboard/summary - IP: 0:0:0:0:0:0:0:1 - User: anonymous - 1ms - Status: 200
2026-05-15 21:54:17.562 [http-nio-8080-exec-5] INFO  c.h.m.config.RequestLoggingFilter - [OPTIONS] /api/v1/dashboard/revenue - IP: 0:0:0:0:0:0:0:1 - User: anonymous - 1ms - Status: 200
2026-05-15 21:54:17.570 [http-nio-8080-exec-1] INFO  c.h.m.config.RequestLoggingFilter - [GET] /api/v1/bookings - IP: 0:0:0:0:0:0:0:1 - User: anonymous - 17ms - Status: 200
2026-05-15 21:54:17.581 [http-nio-8080-exec-4] INFO  c.h.m.config.RequestLoggingFilter - [GET] /api/v1/dashboard/bookings/stats - IP: 0:0:0:0:0:0:0:1 - User: anonymous - 19ms - Status: 200
2026-05-15 21:54:17.586 [http-nio-8080-exec-7] INFO  c.h.m.config.RequestLoggingFilter - [GET] /api/v1/bookings - IP: 0:0:0:0:0:0:0:1 - User: anonymous - 14ms - Status: 200
2026-05-15 21:54:17.593 [http-nio-8080-exec-10] INFO  c.h.m.config.RequestLoggingFilter - [GET] /api/v1/dashboard/bookings/stats - IP: 0:0:0:0:0:0:0:1 - User: anonymous - 11ms - Status: 200
2026-05-15 21:54:17.593 [http-nio-8080-exec-3] INFO  c.h.m.config.RequestLoggingFilter - [GET] /api/v1/dashboard/services/top - IP: 0:0:0:0:0:0:0:1 - User: anonymous - 31ms - Status: 200
2026-05-15 21:54:17.605 [http-nio-8080-exec-6] INFO  c.h.m.config.RequestLoggingFilter - [GET] /api/v1/dashboard/services/top - IP: 0:0:0:0:0:0:0:1 - User: anonymous - 10ms - Status: 200
2026-05-15 21:54:17.608 [http-nio-8080-exec-9] INFO  c.h.m.config.RequestLoggingFilter - [GET] /api/v1/dashboard/revenue - IP: 0:0:0:0:0:0:0:1 - User: anonymous - 46ms - Status: 200
2026-05-15 21:54:17.612 [http-nio-8080-exec-8] INFO  c.h.m.config.RequestLoggingFilter - [GET] /api/v1/dashboard/summary - IP: 0:0:0:0:0:0:0:1 - User: anonymous - 50ms - Status: 200
2026-05-15 21:54:17.620 [http-nio-8080-exec-2] INFO  c.h.m.config.RequestLoggingFilter - [GET] /api/v1/dashboard/revenue - IP: 0:0:0:0:0:0:0:1 - User: anonymous - 11ms - Status: 200
2026-05-15 21:54:17.625 [http-nio-8080-exec-5] INFO  c.h.m.config.RequestLoggingFilter - [GET] /api/v1/dashboard/summary - IP: 0:0:0:0:0:0:0:1 - User: anonymous - 12ms - Status: 200
2026-05-15 21:54:47.553 [http-nio-8080-exec-1] INFO  c.h.m.config.RequestLoggingFilter - [GET] /api/v1/bookings - IP: 0:0:0:0:0:0:0:1 - User: anonymous - 8ms - Status: 200
2026-05-15 21:55:17.555 [http-nio-8080-exec-6] INFO  c.h.m.config.RequestLoggingFilter - [GET] /api/v1/bookings - IP: 0:0:0:0:0:0:0:1 - User: anonymous - 11ms - Status: 200
2026-05-15 21:55:47.554 [http-nio-8080-exec-4] INFO  c.h.m.config.RequestLoggingFilter - [GET] /api/v1/bookings - IP: 0:0:0:0:0:0:0:1 - User: anonymous - 10ms - Status: 200
2026-05-15 21:56:17.554 [http-nio-8080-exec-7] INFO  c.h.m.config.RequestLoggingFilter - [GET] /api/v1/bookings - IP: 0:0:0:0:0:0:0:1 - User: anonymous - 10ms - Status: 200
2026-05-15 21:56:35.210 [http-nio-8080-exec-10] INFO  c.h.m.config.RequestLoggingFilter - [OPTIONS] /api/v1/room-types - IP: 0:0:0:0:0:0:0:1 - User: anonymous - 1ms - Status: 200
2026-05-15 21:56:35.211 [http-nio-8080-exec-3] INFO  c.h.m.config.RequestLoggingFilter - [OPTIONS] /api/v1/room-types - IP: 0:0:0:0:0:0:0:1 - User: anonymous - 1ms - Status: 200
2026-05-15 21:56:35.218 [http-nio-8080-exec-6] INFO  c.h.m.config.RequestLoggingFilter - [GET] /api/v1/room-types - IP: 0:0:0:0:0:0:0:1 - User: anonymous - 6ms - Status: 200
2026-05-15 21:56:35.227 [http-nio-8080-exec-1] INFO  c.h.m.config.RequestLoggingFilter - [GET] /api/v1/room-types - IP: 0:0:0:0:0:0:0:1 - User: anonymous - 8ms - Status: 200
2026-05-15 21:56:36.097 [http-nio-8080-exec-8] INFO  c.h.m.config.RequestLoggingFilter - [OPTIONS] /api/v1/services - IP: 0:0:0:0:0:0:0:1 - User: anonymous - 0ms - Status: 200
2026-05-15 21:56:36.098 [http-nio-8080-exec-2] INFO  c.h.m.config.RequestLoggingFilter - [OPTIONS] /api/v1/services/units - IP: 0:0:0:0:0:0:0:1 - User: anonymous - 0ms - Status: 200
2026-05-15 21:56:36.099 [http-nio-8080-exec-9] INFO  c.h.m.config.RequestLoggingFilter - [OPTIONS] /api/v1/services - IP: 0:0:0:0:0:0:0:1 - User: anonymous - 1ms - Status: 200
2026-05-15 21:56:36.099 [http-nio-8080-exec-5] INFO  c.h.m.config.RequestLoggingFilter - [OPTIONS] /api/v1/services/units - IP: 0:0:0:0:0:0:0:1 - User: anonymous - 1ms - Status: 200
2026-05-15 21:56:36.105 [http-nio-8080-exec-7] INFO  c.h.m.config.RequestLoggingFilter - [GET] /api/v1/services/units - IP: 0:0:0:0:0:0:0:1 - User: anonymous - 5ms - Status: 200
2026-05-15 21:56:36.108 [http-nio-8080-exec-4] INFO  c.h.m.config.RequestLoggingFilter - [GET] /api/v1/services - IP: 0:0:0:0:0:0:0:1 - User: anonymous - 8ms - Status: 200
2026-05-15 21:56:36.110 [http-nio-8080-exec-10] INFO  c.h.m.config.RequestLoggingFilter - [GET] /api/v1/services/units - IP: 0:0:0:0:0:0:0:1 - User: anonymous - 4ms - Status: 200
2026-05-15 21:56:36.115 [http-nio-8080-exec-3] INFO  c.h.m.config.RequestLoggingFilter - [GET] /api/v1/services - IP: 0:0:0:0:0:0:0:1 - User: anonymous - 7ms - Status: 200
2026-05-15 21:56:36.128 [http-nio-8080-exec-1] INFO  c.h.m.config.RequestLoggingFilter - [GET] /uploads/rooms/services/pool.jpg - IP: 0:0:0:0:0:0:0:1 - User: anonymous - 2ms - Status: 200
2026-05-15 21:56:36.128 [http-nio-8080-exec-6] INFO  c.h.m.config.RequestLoggingFilter - [GET] /uploads/rooms/services/spa.jpg - IP: 0:0:0:0:0:0:0:1 - User: anonymous - 2ms - Status: 200
2026-05-15 21:56:36.129 [http-nio-8080-exec-8] INFO  c.h.m.config.RequestLoggingFilter - [GET] /uploads/rooms/services/restaurant.jpg - IP: 0:0:0:0:0:0:0:1 - User: anonymous - 3ms - Status: 200
2026-05-15 21:56:36.130 [http-nio-8080-exec-2] INFO  c.h.m.config.RequestLoggingFilter - [GET] /uploads/rooms/services/airport.jpg - IP: 0:0:0:0:0:0:0:1 - User: anonymous - 3ms - Status: 200
2026-05-15 21:56:36.130 [http-nio-8080-exec-5] INFO  c.h.m.config.RequestLoggingFilter - [GET] /uploads/rooms/services/gym.jpg - IP: 0:0:0:0:0:0:0:1 - User: anonymous - 3ms - Status: 200
2026-05-15 21:56:36.130 [http-nio-8080-exec-9] INFO  c.h.m.config.RequestLoggingFilter - [GET] /uploads/rooms/services/laundry.jpg - IP: 0:0:0:0:0:0:0:1 - User: anonymous - 2ms - Status: 200
2026-05-15 21:56:37.942 [http-nio-8080-exec-4] INFO  c.h.m.config.RequestLoggingFilter - [GET] /api/v1/room-types - IP: 0:0:0:0:0:0:0:1 - User: anonymous - 12ms - Status: 200
2026-05-15 21:56:37.947 [http-nio-8080-exec-7] INFO  c.h.m.config.RequestLoggingFilter - [GET] /api/v1/rooms - IP: 0:0:0:0:0:0:0:1 - User: anonymous - 17ms - Status: 200
2026-05-15 21:56:37.952 [http-nio-8080-exec-10] INFO  c.h.m.config.RequestLoggingFilter - [GET] /api/v1/room-types - IP: 0:0:0:0:0:0:0:1 - User: anonymous - 9ms - Status: 200
2026-05-15 21:56:37.961 [http-nio-8080-exec-1] INFO  c.h.m.config.RequestLoggingFilter - [GET] /uploads/rooms/4/f4bf6089-c008-4065-abf9-ad8af531c1e7.png - IP: 0:0:0:0:0:0:0:1 - User: anonymous - 2ms - Status: 200
2026-05-15 21:56:37.961 [http-nio-8080-exec-8] INFO  c.h.m.config.RequestLoggingFilter - [GET] /uploads/rooms/5/8ac6d2da-316e-4eaf-ab36-4e5c42bfa20d.png - IP: 0:0:0:0:0:0:0:1 - User: anonymous - 2ms - Status: 200
2026-05-15 21:56:37.962 [http-nio-8080-exec-7] INFO  c.h.m.config.RequestLoggingFilter - [GET] /api/v1/rooms - IP: 0:0:0:0:0:0:0:1 - User: anonymous - 15ms - Status: 200
2026-05-15 21:56:37.963 [http-nio-8080-exec-5] INFO  c.h.m.config.RequestLoggingFilter - [GET] /uploads/rooms/7/c5d422e7-f56a-41ba-87e7-c51370562519.jpg - IP: 0:0:0:0:0:0:0:1 - User: anonymous - 4ms - Status: 200
2026-05-15 21:56:37.964 [http-nio-8080-exec-6] INFO  c.h.m.config.RequestLoggingFilter - [GET] /uploads/rooms/3/5b164591-a960-4c94-a6fa-4a0597932e01.jpg - IP: 0:0:0:0:0:0:0:1 - User: anonymous - 5ms - Status: 200
2026-05-15 21:56:43.537 [http-nio-8080-exec-9] INFO  c.h.m.config.RequestLoggingFilter - [GET] /api/v1/services/units - IP: 0:0:0:0:0:0:0:1 - User: anonymous - 4ms - Status: 200
2026-05-15 21:56:43.542 [http-nio-8080-exec-2] INFO  c.h.m.config.RequestLoggingFilter - [GET] /api/v1/services - IP: 0:0:0:0:0:0:0:1 - User: anonymous - 8ms - Status: 200
2026-05-15 21:56:43.543 [http-nio-8080-exec-4] INFO  c.h.m.config.RequestLoggingFilter - [GET] /api/v1/services/units - IP: 0:0:0:0:0:0:0:1 - User: anonymous - 5ms - Status: 200
2026-05-15 21:56:43.553 [http-nio-8080-exec-3] INFO  c.h.m.config.RequestLoggingFilter - [GET] /api/v1/services - IP: 0:0:0:0:0:0:0:1 - User: anonymous - 10ms - Status: 200
2026-05-15 21:56:43.566 [http-nio-8080-exec-10] INFO  c.h.m.config.RequestLoggingFilter - [GET] /uploads/rooms/services/spa.jpg - IP: 0:0:0:0:0:0:0:1 - User: anonymous - 3ms - Status: 200
2026-05-15 21:56:43.566 [http-nio-8080-exec-1] INFO  c.h.m.config.RequestLoggingFilter - [GET] /uploads/rooms/services/pool.jpg - IP: 0:0:0:0:0:0:0:1 - User: anonymous - 3ms - Status: 200
2026-05-15 21:56:43.568 [http-nio-8080-exec-8] INFO  c.h.m.config.RequestLoggingFilter - [GET] /uploads/rooms/services/restaurant.jpg - IP: 0:0:0:0:0:0:0:1 - User: anonymous - 4ms - Status: 200
2026-05-15 21:56:43.568 [http-nio-8080-exec-5] INFO  c.h.m.config.RequestLoggingFilter - [GET] /uploads/rooms/services/laundry.jpg - IP: 0:0:0:0:0:0:0:1 - User: anonymous - 2ms - Status: 200
2026-05-15 21:56:43.568 [http-nio-8080-exec-7] INFO  c.h.m.config.RequestLoggingFilter - [GET] /uploads/rooms/services/airport.jpg - IP: 0:0:0:0:0:0:0:1 - User: anonymous - 3ms - Status: 200
2026-05-15 21:56:43.570 [http-nio-8080-exec-6] INFO  c.h.m.config.RequestLoggingFilter - [GET] /uploads/rooms/services/gym.jpg - IP: 0:0:0:0:0:0:0:1 - User: anonymous - 3ms - Status: 200
2026-05-15 21:56:47.553 [http-nio-8080-exec-9] INFO  c.h.m.config.RequestLoggingFilter - [GET] /api/v1/bookings - IP: 0:0:0:0:0:0:0:1 - User: anonymous - 8ms - Status: 200
2026-05-15 21:57:17.554 [http-nio-8080-exec-2] INFO  c.h.m.config.RequestLoggingFilter - [GET] /api/v1/bookings - IP: 0:0:0:0:0:0:0:1 - User: anonymous - 10ms - Status: 200
2026-05-15 21:57:47.553 [http-nio-8080-exec-6] INFO  c.h.m.config.RequestLoggingFilter - [GET] /api/v1/bookings - IP: 0:0:0:0:0:0:0:1 - User: anonymous - 8ms - Status: 200
2026-05-15 21:58:17.551 [http-nio-8080-exec-9] INFO  c.h.m.config.RequestLoggingFilter - [GET] /api/v1/bookings - IP: 0:0:0:0:0:0:0:1 - User: anonymous - 8ms - Status: 200
2026-05-15 21:58:47.553 [http-nio-8080-exec-2] INFO  c.h.m.config.RequestLoggingFilter - [GET] /api/v1/bookings - IP: 0:0:0:0:0:0:0:1 - User: anonymous - 8ms - Status: 200
2026-05-15 21:59:17.556 [http-nio-8080-exec-4] INFO  c.h.m.config.RequestLoggingFilter - [GET] /api/v1/bookings - IP: 0:0:0:0:0:0:0:1 - User: anonymous - 11ms - Status: 200
2026-05-15 21:59:47.554 [http-nio-8080-exec-1] INFO  c.h.m.config.RequestLoggingFilter - [GET] /api/v1/bookings - IP: 0:0:0:0:0:0:0:1 - User: anonymous - 10ms - Status: 200
2026-05-15 22:00:17.553 [http-nio-8080-exec-3] INFO  c.h.m.config.RequestLoggingFilter - [GET] /api/v1/bookings - IP: 0:0:0:0:0:0:0:1 - User: anonymous - 8ms - Status: 200
2026-05-15 22:00:47.554 [http-nio-8080-exec-8] INFO  c.h.m.config.RequestLoggingFilter - [GET] /api/v1/bookings - IP: 0:0:0:0:0:0:0:1 - User: anonymous - 10ms - Status: 200
2026-05-15 22:01:17.554 [http-nio-8080-exec-10] INFO  c.h.m.config.RequestLoggingFilter - [GET] /api/v1/bookings - IP: 0:0:0:0:0:0:0:1 - User: anonymous - 9ms - Status: 200
